core_cm3.h:1762:34:__NVIC_SystemReset	4	static
GearControl.c:104:13:GearControl_WdgOff	4	static
GearControl.c:111:19:GearState_Init	16	static
GearControl.c:206:21:GearState_ValidateRequest	24	static
GearControl.c:249:13:GearControl_RequestGearChange	16	static
GearControl.c:293:16:GearControl_PrepareCANMessage	16	static
GearControl.c:367:19:GearStateHandler	16	static
GearControl.c:447:6:GearControl_SetControl	16	static
GearControl.c:452:9:GearControl_IsActive	4	static
GearControl.c:457:13:ShiftControl_GetState	4	static
GearControl.c:462:6:ShiftControl_SetState	16	static
GearControl.c:467:6:ShiftControl_SetValidation	16	static
GearControl.c:471:7:ShiftControl_GetValidation	4	static
GearControl.c:475:6:GearControl_SetState	16	static
GearControl.c:480:12:GearControl_GetState	4	static
GearControl.c:485:12:GearControl_GetNextState	4	static
GearControl.c:490:6:GearSensor_SetState	16	static
GearControl.c:495:6:ShiftControl_SetRequest	24	static
GearControl.c:521:9:GearControl_GetWdgStatus	4	static
GearControl.c:526:8:GearControl_GetErrors	4	static
GearControl.c:531:6:GearControl_SetError	16	static
GearControl.c:543:6:GearControl_Init	16	static
GearControl.c:549:6:GearControl_WdgProcess	8	static
GearControl.c:571:6:GearControl_SetServoPos	24	static
GearControl.c:620:6:GearControl_Process	8	static
GearControl.c:634:6:GearControl_FuelCutTrigger	16	static
