../Core/Src/sdcard/SDCARD.c:31:6:sdDeInit	8	static
../Core/Src/sdcard/SDCARD.c:39:6:sdInit	8	static
../Core/Src/sdcard/SDCARD.c:89:5:createHeaders	64	static
../Core/Src/sdcard/SDCARD.c:135:5:openFile	160	static
../Core/Src/sdcard/SDCARD.c:59:6:openAllFiles	16	static
../Core/Src/sdcard/SDCARD.c:189:6:statsSave2	288	static
../Core/Src/sdcard/SDCARD.c:200:6:statsSave	296	static
../Core/Src/sdcard/SDCARD.c:217:6:ecuSaveData	272	static
../Core/Src/sdcard/SDCARD.c:228:6:telebackSaveData	280	static
../Core/Src/sdcard/SDCARD.c:254:6:gpsSaveData	304	static
../Core/Src/sdcard/SDCARD.c:267:6:IMUSaveData	312	static
../Core/Src/sdcard/SDCARD.c:298:6:mlxSaveData	288	static
../Core/Src/sdcard/SDCARD.c:318:6:absSaveData	120	static
../Core/Src/sdcard/SDCARD.c:328:6:adcSaveData	160	static
../Core/Src/sdcard/SDCARD.c:343:6:sdFlush	8	static
../Core/Src/sdcard/SDCARD.c:356:6:sdMountFailHandler	8	static
