../Core/Src/stm32f4xx_hal_msp.c:66:6:HAL_MspInit	8	static
../Core/Src/stm32f4xx_hal_msp.c:88:6:HAL_ADC_MspInit	64	static
../Core/Src/stm32f4xx_hal_msp.c:166:6:HAL_ADC_MspDeInit	8	static
../Core/Src/stm32f4xx_hal_msp.c:223:6:HAL_CAN_MspInit	40	static
../Core/Src/stm32f4xx_hal_msp.c:259:6:HAL_CAN_MspDeInit	0	static
../Core/Src/stm32f4xx_hal_msp.c:288:6:HAL_TIM_PWM_MspInit	8	static
../Core/Src/stm32f4xx_hal_msp.c:315:6:HAL_TIM_MspPostInit	40	static
../Core/Src/stm32f4xx_hal_msp.c:369:6:HAL_TIM_PWM_MspDeInit	0	static
