OSWrappers.cpp:34:6:static void touchgfx::OSWrappers::initialize()	8	static
OSWrappers.cpp:48:6:static void touchgfx::OSWrappers::takeFrameBufferSemaphore()	8	static
OSWrappers.cpp:56:6:static void touchgfx::OSWrappers::giveFrameBufferSemaphore()	8	static
OSWrappers.cpp:68:6:static void touchgfx::OSWrappers::tryTakeFrameBufferSemaphore()	8	static
OSWrappers.cpp:80:6:static void touchgfx::OSWrappers::giveFrameBufferSemaphoreFromISR()	8	static
OSWrappers.cpp:91:6:static void touchgfx::OSWrappers::signalVSync()	8	static
OSWrappers.cpp:100:6:static void touchgfx::OSWrappers::signalRenderingDone()	4	static
OSWrappers.cpp:111:6:static void touchgfx::OSWrappers::waitForVSync()	16	static
OSWrappers.cpp:134:6:static void touchgfx::OSWrappers::taskDelay(uint16_t)	16	static
OSWrappers.cpp:149:6:static void touchgfx::OSWrappers::taskYield()	8	static
