../Core/Src/sensors/MLX90640_API.c:40:5:MLX90640_DumpEE	16	static
../Core/Src/sensors/MLX90640_API.c:45:5:MLX90640_GetFrameData	160	static
../Core/Src/sensors/MLX90640_API.c:130:5:MLX90640_SetResolution	32	static
../Core/Src/sensors/MLX90640_API.c:151:5:MLX90640_GetCurResolution	24	static
../Core/Src/sensors/MLX90640_API.c:169:5:MLX90640_SetRefreshRate	32	static
../Core/Src/sensors/MLX90640_API.c:189:5:MLX90640_GetRefreshRate	24	static
../Core/Src/sensors/MLX90640_API.c:207:5:MLX90640_SetInterleavedMode	32	static
../Core/Src/sensors/MLX90640_API.c:226:5:MLX90640_SetChessMode	32	static
../Core/Src/sensors/MLX90640_API.c:245:5:MLX90640_GetCurMode	24	static
../Core/Src/sensors/MLX90640_API.c:518:7:MLX90640_GetVdd	32	static
../Core/Src/sensors/MLX90640_API.c:539:7:MLX90640_GetTa	16	static
../Core/Src/sensors/MLX90640_API.c:263:6:MLX90640_CalculateTo	136	static
../Core/Src/sensors/MLX90640_API.c:413:6:MLX90640_GetImage	80	static
../Core/Src/sensors/MLX90640_API.c:569:5:MLX90640_GetSubPageNumber	0	static
../Core/Src/sensors/MLX90640_API.c:679:6:ExtractVDDParameters	8	static
../Core/Src/sensors/MLX90640_API.c:701:6:ExtractPTATParameters	0	static
../Core/Src/sensors/MLX90640_API.c:734:6:ExtractGainParameters	0	static
../Core/Src/sensors/MLX90640_API.c:749:6:ExtractTgcParameters	0	static
../Core/Src/sensors/MLX90640_API.c:764:6:ExtractResolutionParameters	0	static
../Core/Src/sensors/MLX90640_API.c:774:6:ExtractKsTaParameters	0	static
../Core/Src/sensors/MLX90640_API.c:789:6:ExtractKsToParameters	8	static
../Core/Src/sensors/MLX90640_API.c:827:6:ExtractAlphaParameters	3376	static
../Core/Src/sensors/MLX90640_API.c:928:6:ExtractOffsetParameters	264	static
../Core/Src/sensors/MLX90640_API.c:1000:6:ExtractKtaPixelParameters	3152	static
../Core/Src/sensors/MLX90640_API.c:1099:6:ExtractKvPixelParameters	3136	static
../Core/Src/sensors/MLX90640_API.c:1190:6:ExtractCPParameters	40	static
../Core/Src/sensors/MLX90640_API.c:1253:6:ExtractCILCParameters	0	static
../Core/Src/sensors/MLX90640_API.c:1381:6:CheckAdjacentPixels	0	static
../Core/Src/sensors/MLX90640_API.c:1290:5:ExtractDeviatingPixels	32	static
../Core/Src/sensors/MLX90640_API.c:105:5:MLX90640_ExtractParameters	16	static
../Core/Src/sensors/MLX90640_API.c:1404:7:GetMedian	20	static
../Core/Src/sensors/MLX90640_API.c:1435:5:IsPixelBad	8	static
../Core/Src/sensors/MLX90640_API.c:576:6:MLX90640_BadPixelsCorrection	64	static
