Types.hpp:91:5:touchgfx::colortype::colortype(uint32_t)	16	static
Drawable.hpp:62:13:touchgfx::Drawable::~Drawable()	16	static
Drawable.hpp:62:13:virtual touchgfx::Drawable::~Drawable()	16	static
Drawable.hpp:132:23:virtual touchgfx::Drawable* touchgfx::Drawable::getFirstChild()	16	static
Drawable.hpp:269:18:virtual void touchgfx::Drawable::setX(int16_t)	16	static
Drawable.hpp:281:18:virtual void touchgfx::Drawable::setY(int16_t)	16	static
Drawable.hpp:310:18:virtual void touchgfx::Drawable::setWidth(int16_t)	16	static
Drawable.hpp:322:18:virtual void touchgfx::Drawable::setHeight(int16_t)	16	static
Drawable.hpp:332:18:virtual void touchgfx::Drawable::childGeometryChanged()	16	static
Drawable.hpp:343:18:virtual void touchgfx::Drawable::handleClickEvent(const touchgfx::ClickEvent&)	16	static
Drawable.hpp:354:18:virtual void touchgfx::Drawable::handleGestureEvent(const touchgfx::GestureEvent&)	16	static
Drawable.hpp:442:18:virtual void touchgfx::Drawable::handleDragEvent(const touchgfx::DragEvent&)	16	static
Drawable.hpp:452:18:virtual void touchgfx::Drawable::handleTickEvent()	16	static
Drawable.hpp:488:10:bool touchgfx::Drawable::isVisible() const	16	static
Drawable.hpp:500:10:bool touchgfx::Drawable::isTouchable() const	16	static
Drawable.hpp:539:18:virtual void touchgfx::Drawable::moveTo(int16_t, int16_t)	16	static
Drawable.hpp:576:10:void touchgfx::Drawable::resetDrawChainCache()	16	static
Drawable.hpp:654:18:virtual void touchgfx::Drawable::setupDrawChain(const touchgfx::Rect&, touchgfx::Drawable**)	24	static
Screen.hpp:45:13:touchgfx::Screen::~Screen()	16	static
Screen.hpp:45:13:virtual touchgfx::Screen::~Screen()	16	static
Screen.hpp:92:18:virtual void touchgfx::Screen::setupScreen()	16	static
Screen.hpp:103:18:virtual void touchgfx::Screen::afterTransition()	16	static
Screen.hpp:114:18:virtual void touchgfx::Screen::tearDownScreen()	16	static
Screen.hpp:143:18:virtual void touchgfx::Screen::handleTickEvent()	16	static
Screen.hpp:153:18:virtual void touchgfx::Screen::handleKeyEvent(uint8_t)	16	static
Widget.hpp:47:18:virtual void touchgfx::Widget::getLastChild(int16_t, int16_t, touchgfx::Drawable**)	24	static
Widget.hpp:36:7:touchgfx::Widget::~Widget()	16	static
Widget.hpp:36:7:virtual touchgfx::Widget::~Widget()	16	static
TypedText.hpp:65:13:touchgfx::TypedText::~TypedText()	16	static
TypedText.hpp:65:13:virtual touchgfx::TypedText::~TypedText()	16	static
TypedText.hpp:41:7:constexpr touchgfx::TypedText::TypedText(const touchgfx::TypedText&)	16	static
TextArea.hpp:39:7:touchgfx::TextArea::~TextArea()	16	static
TextArea.hpp:39:7:virtual touchgfx::TextArea::~TextArea()	16	static
TextAreaWithWildcard.hpp:58:10:void touchgfx::TextAreaWithOneWildcard::setWildcard(const UnicodeChar*)	16	static
AbstractPainter.hpp:51:13:touchgfx::AbstractPainter::~AbstractPainter()	16	static
AbstractPainter.hpp:51:13:virtual touchgfx::AbstractPainter::~AbstractPainter()	16	static
AbstractPainterRGB888.hpp:34:7:touchgfx::AbstractPainterRGB888::~AbstractPainterRGB888()	16	static
AbstractPainterRGB888.hpp:34:7:virtual touchgfx::AbstractPainterRGB888::~AbstractPainterRGB888()	16	static
Container.hpp:40:7:touchgfx::Container::~Container()	16	static
Container.hpp:40:7:virtual touchgfx::Container::~Container()	16	static
tempBoxBase.hpp:17:13:tempBoxBase::~tempBoxBase()	16	static
tempBoxBase.hpp:17:13:virtual tempBoxBase::~tempBoxBase()	16	static
tempBox.hpp:13:13:tempBox::~tempBox()	24	static
tempBox.hpp:13:13:virtual tempBox::~tempBox()	16	static
Box.hpp:29:7:touchgfx::Box::~Box()	16	static
Box.hpp:29:7:virtual touchgfx::Box::~Box()	16	static
alertBarBase.hpp:16:13:alertBarBase::~alertBarBase()	16	static
alertBarBase.hpp:16:13:virtual alertBarBase::~alertBarBase()	16	static
alertBar.hpp:23:13:alertBar::~alertBar()	16	static
alertBar.hpp:23:13:virtual alertBar::~alertBar()	16	static
View.hpp:36:7:touchgfx::View<Screen1Presenter>::~View()	16	static
View.hpp:36:7:virtual touchgfx::View<Screen1Presenter>::~View()	16	static
Screen1ViewBase.hpp:21:13:Screen1ViewBase::~Screen1ViewBase()	16	static
Screen1ViewBase.hpp:21:13:virtual Screen1ViewBase::~Screen1ViewBase()	16	static
Screen1View.hpp:12:13:Screen1View::~Screen1View()	16	static
Screen1View.hpp:12:13:virtual Screen1View::~Screen1View()	16	static
Screen1View.cpp:7:1:Screen1View::Screen1View()	16	static
Screen1View.cpp:24:6:virtual void Screen1View::setupScreen()	16	static
Screen1View.cpp:29:6:virtual void Screen1View::tearDownScreen()	16	static
Screen1View.cpp:34:6:virtual void Screen1View::handleTickEvent()	16	static
Screen1View.cpp:110:6:void Screen1View::setText(touchgfx::TextAreaWithOneWildcard, touchgfx::Unicode::UnicodeChar*, const char*)	24	static
Drawable.hpp:44:7:constexpr touchgfx::Drawable::Drawable(const touchgfx::Drawable&)	16	static
Widget.hpp:36:7:constexpr touchgfx::Widget::Widget(const touchgfx::Widget&)	16	static
TextArea.hpp:39:7:constexpr touchgfx::TextArea::TextArea(const touchgfx::TextArea&)	16	static
TextAreaWithWildcard.hpp:34:7:constexpr touchgfx::TextAreaWithOneWildcard::TextAreaWithOneWildcard(const touchgfx::TextAreaWithOneWildcard&)	16	static
Screen1View.cpp:118:6:void Screen1View::setRPM(int)	96	static
Screen1View.cpp:125:6:void Screen1View::setBatt(float)	96	static
Screen1View.cpp:132:6:void Screen1View::setOilPress(float)	96	static
Screen1View.cpp:139:6:void Screen1View::setClt(int16_t)	96	static
Screen1View.cpp:146:6:void Screen1View::setGear(int)	96	static
Screen1View.cpp:158:1:void __static_initialization_and_destruction_0(int, int)	80	static
CanvasWidget.hpp:33:7:touchgfx::CanvasWidget::~CanvasWidget()	16	static
CanvasWidget.hpp:33:7:virtual touchgfx::CanvasWidget::~CanvasWidget()	16	static
Line.hpp:50:7:touchgfx::Line::~Line()	16	static
Line.hpp:50:7:virtual touchgfx::Line::~Line()	16	static
PainterRGB888.hpp:33:7:touchgfx::PainterRGB888::~PainterRGB888()	16	static
PainterRGB888.hpp:33:7:virtual touchgfx::PainterRGB888::~PainterRGB888()	16	static
BoxWithBorder.hpp:31:7:touchgfx::BoxWithBorder::~BoxWithBorder()	16	static
BoxWithBorder.hpp:31:7:virtual touchgfx::BoxWithBorder::~BoxWithBorder()	16	static
TextAreaWithWildcard.hpp:34:7:touchgfx::TextAreaWithOneWildcard::~TextAreaWithOneWildcard()	16	static
TextAreaWithWildcard.hpp:34:7:virtual touchgfx::TextAreaWithOneWildcard::~TextAreaWithOneWildcard()	16	static
Screen1View.cpp:158:1:cpp)	8	static
