Types.hpp:91:5:touchgfx::colortype::colortype(uint32_t)	16	static
Types.hpp:114:5:touchgfx::colortype::operator uint32_t() const	16	static
ColorHelper.hpp:23:14:float lerp(float, float, float)	32	static
ColorHelper.hpp:38:18:touchgfx::colortype lerpColor(touchgfx::colortype, touchgfx::colortype, float)	80	static
Drawable.hpp:62:13:touchgfx::Drawable::~Drawable()	16	static
Drawable.hpp:62:13:virtual touchgfx::Drawable::~Drawable()	16	static
Drawable.hpp:132:23:virtual touchgfx::Drawable* touchgfx::Drawable::getFirstChild()	16	static
Drawable.hpp:216:10:void touchgfx::Drawable::setPosition(int16_t, int16_t, int16_t, int16_t)	24	static
Drawable.hpp:269:18:virtual void touchgfx::Drawable::setX(int16_t)	16	static
Drawable.hpp:281:18:virtual void touchgfx::Drawable::setY(int16_t)	16	static
Drawable.hpp:297:10:void touchgfx::Drawable::setXY(int16_t, int16_t)	16	static
Drawable.hpp:310:18:virtual void touchgfx::Drawable::setWidth(int16_t)	16	static
Drawable.hpp:322:18:virtual void touchgfx::Drawable::setHeight(int16_t)	16	static
Drawable.hpp:332:18:virtual void touchgfx::Drawable::childGeometryChanged()	16	static
Drawable.hpp:343:18:virtual void touchgfx::Drawable::handleClickEvent(const touchgfx::ClickEvent&)	16	static
Drawable.hpp:354:18:virtual void touchgfx::Drawable::handleGestureEvent(const touchgfx::GestureEvent&)	16	static
Drawable.hpp:365:10:void touchgfx::Drawable::setWidthHeight(int16_t, int16_t)	16	static
Drawable.hpp:442:18:virtual void touchgfx::Drawable::handleDragEvent(const touchgfx::DragEvent&)	16	static
Drawable.hpp:452:18:virtual void touchgfx::Drawable::handleTickEvent()	16	static
Drawable.hpp:488:10:bool touchgfx::Drawable::isVisible() const	16	static
Drawable.hpp:500:10:bool touchgfx::Drawable::isTouchable() const	16	static
Drawable.hpp:539:18:virtual void touchgfx::Drawable::moveTo(int16_t, int16_t)	16	static
Drawable.hpp:576:10:void touchgfx::Drawable::resetDrawChainCache()	16	static
Drawable.hpp:654:18:virtual void touchgfx::Drawable::setupDrawChain(const touchgfx::Rect&, touchgfx::Drawable**)	24	static
Container.hpp:152:23:virtual touchgfx::Drawable* touchgfx::Container::getFirstChild()	16	static
HAL.hpp:112:17:static touchgfx::HAL* touchgfx::HAL::getInstance()	4	static
HAL.hpp:233:17:static touchgfx::LCD& touchgfx::HAL::lcd()	4	static
HAL.hpp:1026:10:touchgfx::LCD* touchgfx::HAL::getAuxiliaryLCD()	16	static
AbstractPainter.hpp:43:5:touchgfx::AbstractPainter::AbstractPainter()	16	static
AbstractPainter.hpp:51:13:touchgfx::AbstractPainter::~AbstractPainter()	16	static
AbstractPainter.hpp:51:13:virtual touchgfx::AbstractPainter::~AbstractPainter()	16	static
CWRUtil.hpp:70:18:touchgfx::CWRUtil::Q5::Q5(int)	16	static
CWRUtil.hpp:93:9:touchgfx::CWRUtil::Q5::operator int() const	16	static
Widget.hpp:47:18:virtual void touchgfx::Widget::getLastChild(int16_t, int16_t, touchgfx::Drawable**)	24	static
Line.hpp:262:10:void touchgfx::Line::setLineWidth(touchgfx::CWRUtil::Q5)	24	static
AbstractPainterRGB888.hpp:37:5:touchgfx::AbstractPainterRGB888::AbstractPainterRGB888()	24	static
AbstractPainterRGB888.hpp:34:7:touchgfx::AbstractPainterRGB888::~AbstractPainterRGB888()	16	static
AbstractPainterRGB888.hpp:34:7:virtual touchgfx::AbstractPainterRGB888::~AbstractPainterRGB888()	16	static
PainterRGB888.hpp:41:5:touchgfx::PainterRGB888::PainterRGB888(touchgfx::colortype)	16	static
PainterRGB888.hpp:52:10:void touchgfx::PainterRGB888::setColor(touchgfx::colortype)	32	static
TypedText.hpp:65:13:touchgfx::TypedText::~TypedText()	16	static
TypedText.hpp:65:13:virtual touchgfx::TypedText::~TypedText()	16	static
Widget.hpp:36:7:touchgfx::Widget::~Widget()	16	static
Widget.hpp:36:7:virtual touchgfx::Widget::~Widget()	16	static
Container.hpp:40:7:touchgfx::Container::~Container()	16	static
Container.hpp:40:7:virtual touchgfx::Container::~Container()	16	static
tempBoxBase.hpp:17:13:tempBoxBase::~tempBoxBase()	16	static
tempBoxBase.hpp:17:13:virtual tempBoxBase::~tempBoxBase()	16	static
tempBox.hpp:13:13:tempBox::~tempBox()	24	static
tempBox.hpp:13:13:virtual tempBox::~tempBox()	16	static
tempBox.cpp:4:1:tempBox::tempBox()	48	static
tempBox.cpp:20:6:virtual void tempBox::initialize()	16	static
tempBox.cpp:33:6:void tempBox::debugColor()	40	static
tempBox.cpp:42:11:touchgfx::colortype tempBox::mapTemp(float)	32	static
tempBox.cpp:53:6:void tempBox::redraw()	48	static
Line.hpp:95:10:void touchgfx::Line::setStart(T, T) [with T = int]	48	static
Line.hpp:171:10:void touchgfx::Line::setEnd(T, T) [with T = int]	48	static
Line.hpp:248:10:void touchgfx::Line::setLineWidth(T) [with T = int]	24	static
tempBox.cpp:75:1:void __static_initialization_and_destruction_0(int, int)	80	static
CanvasWidget.hpp:33:7:touchgfx::CanvasWidget::~CanvasWidget()	16	static
CanvasWidget.hpp:33:7:virtual touchgfx::CanvasWidget::~CanvasWidget()	16	static
Line.hpp:50:7:touchgfx::Line::~Line()	16	static
Line.hpp:50:7:virtual touchgfx::Line::~Line()	16	static
PainterRGB888.hpp:33:7:touchgfx::PainterRGB888::~PainterRGB888()	16	static
PainterRGB888.hpp:33:7:virtual touchgfx::PainterRGB888::~PainterRGB888()	16	static
TextArea.hpp:39:7:touchgfx::TextArea::~TextArea()	16	static
TextArea.hpp:39:7:virtual touchgfx::TextArea::~TextArea()	16	static
tempBox.cpp:75:1:cpp)	8	static
