../Core/Src/SDCARD.c:19:6:sdDeInit	16	static
../Core/Src/SDCARD.c:26:6:sdInit	16	static
../Core/Src/SDCARD.c:40:6:openAllFiles	8	static
../Core/Src/SDCARD.c:59:5:createHeaders	56	static
../Core/Src/SDCARD.c:104:5:openFile	56	static
../Core/Src/SDCARD.c:143:6:gpsSaveData	288	static
../Core/Src/SDCARD.c:157:6:gyroSaveData	296	static
../Core/Src/SDCARD.c:187:6:mlxSaveData	296	static
../Core/Src/SDCARD.c:205:6:absSaveData	304	static
../Core/Src/SDCARD.c:216:6:adcSaveData	304	static
../Core/Src/SDCARD.c:225:6:sdMountFailHandler	8	static
