../Core/Src/SDCARD.c:20:6:sdDeInit	16	static
../Core/Src/SDCARD.c:28:6:sdInit	16	static
../Core/Src/SDCARD.c:42:6:openAllFiles	8	static
../Core/Src/SDCARD.c:61:5:createHeaders	56	static
../Core/Src/SDCARD.c:108:5:openFile	56	static
../Core/Src/SDCARD.c:146:6:gpsSaveData	288	static
../Core/Src/SDCARD.c:158:6:gyroSaveData	296	static
../Core/Src/SDCARD.c:189:6:mlxSaveData	296	static
../Core/Src/SDCARD.c:208:6:absSaveData	304	static
../Core/Src/SDCARD.c:218:6:adcSaveData	304	static
../Core/Src/SDCARD.c:228:6:sdMountFailHandler	8	static
