../Core/Src/stm32f7xx_it.c:82:6:NMI_Handler	4	static
../Core/Src/stm32f7xx_it.c:97:6:HardFault_Handler	4	static
../Core/Src/stm32f7xx_it.c:112:6:MemManage_Handler	4	static
../Core/Src/stm32f7xx_it.c:127:6:BusFault_Handler	4	static
../Core/Src/stm32f7xx_it.c:142:6:UsageFault_Handler	4	static
../Core/Src/stm32f7xx_it.c:157:6:SVC_Handler	4	static
../Core/Src/stm32f7xx_it.c:170:6:DebugMon_Handler	4	static
../Core/Src/stm32f7xx_it.c:183:6:PendSV_Handler	4	static
../Core/Src/stm32f7xx_it.c:196:6:SysTick_Handler	8	static
../Core/Src/stm32f7xx_it.c:217:6:ADC_IRQHandler	8	static
../Core/Src/stm32f7xx_it.c:233:6:CAN1_RX0_IRQHandler	8	static
../Core/Src/stm32f7xx_it.c:247:6:TIM3_IRQHandler	8	static
../Core/Src/stm32f7xx_it.c:261:6:TIM4_IRQHandler	8	static
../Core/Src/stm32f7xx_it.c:275:6:USART3_IRQHandler	8	static
../Core/Src/stm32f7xx_it.c:289:6:TIM8_TRG_COM_TIM14_IRQHandler	8	static
../Core/Src/stm32f7xx_it.c:303:6:DMA2_Stream0_IRQHandler	8	static
../Core/Src/stm32f7xx_it.c:317:6:CAN2_RX0_IRQHandler	8	static
../Core/Src/stm32f7xx_it.c:331:6:DMA2_Stream5_IRQHandler	8	static
../Core/Src/stm32f7xx_it.c:345:6:UART7_IRQHandler	8	static
../Core/Src/stm32f7xx_it.c:359:6:SDMMC2_IRQHandler	8	static
