../Core/Src/stm32f7xx_it.c:80:6:NMI_Handler	4	static
../Core/Src/stm32f7xx_it.c:95:6:HardFault_Handler	4	static
../Core/Src/stm32f7xx_it.c:110:6:MemManage_Handler	4	static
../Core/Src/stm32f7xx_it.c:125:6:BusFault_Handler	4	static
../Core/Src/stm32f7xx_it.c:140:6:UsageFault_Handler	4	static
../Core/Src/stm32f7xx_it.c:155:6:SVC_Handler	4	static
../Core/Src/stm32f7xx_it.c:168:6:DebugMon_Handler	4	static
../Core/Src/stm32f7xx_it.c:181:6:PendSV_Handler	4	static
../Core/Src/stm32f7xx_it.c:194:6:SysTick_Handler	8	static
../Core/Src/stm32f7xx_it.c:215:6:ADC_IRQHandler	8	static
../Core/Src/stm32f7xx_it.c:231:6:TIM3_IRQHandler	8	static
../Core/Src/stm32f7xx_it.c:245:6:TIM4_IRQHandler	8	static
../Core/Src/stm32f7xx_it.c:259:6:USART3_IRQHandler	8	static
../Core/Src/stm32f7xx_it.c:273:6:TIM8_TRG_COM_TIM14_IRQHandler	8	static
../Core/Src/stm32f7xx_it.c:287:6:DMA2_Stream0_IRQHandler	8	static
../Core/Src/stm32f7xx_it.c:301:6:DMA2_Stream5_IRQHandler	8	static
../Core/Src/stm32f7xx_it.c:315:6:UART7_IRQHandler	8	static
../Core/Src/stm32f7xx_it.c:329:6:SDMMC2_IRQHandler	8	static
