../Drivers/STM32F7xx_HAL_Driver/Src/stm32f7xx_ll_sdmmc.c:207:19:SDMMC_Init	8	static
../Drivers/STM32F7xx_HAL_Driver/Src/stm32f7xx_ll_sdmmc.c:260:10:SDMMC_ReadFIFO	0	static
../Drivers/STM32F7xx_HAL_Driver/Src/stm32f7xx_ll_sdmmc.c:272:19:SDMMC_WriteFIFO	0	static
../Drivers/STM32F7xx_HAL_Driver/Src/stm32f7xx_ll_sdmmc.c:304:19:SDMMC_PowerState_ON	0	static
../Drivers/STM32F7xx_HAL_Driver/Src/stm32f7xx_ll_sdmmc.c:317:19:SDMMC_PowerState_OFF	0	static
../Drivers/STM32F7xx_HAL_Driver/Src/stm32f7xx_ll_sdmmc.c:334:10:SDMMC_GetPowerState	0	static
../Drivers/STM32F7xx_HAL_Driver/Src/stm32f7xx_ll_sdmmc.c:347:19:SDMMC_SendCommand	8	static
../Drivers/STM32F7xx_HAL_Driver/Src/stm32f7xx_ll_sdmmc.c:377:9:SDMMC_GetCommandResponse	0	static
../Drivers/STM32F7xx_HAL_Driver/Src/stm32f7xx_ll_sdmmc.c:394:10:SDMMC_GetResponse	0	static
../Drivers/STM32F7xx_HAL_Driver/Src/stm32f7xx_ll_sdmmc.c:415:19:SDMMC_ConfigData	8	static
../Drivers/STM32F7xx_HAL_Driver/Src/stm32f7xx_ll_sdmmc.c:450:10:SDMMC_GetDataCounter	0	static
../Drivers/STM32F7xx_HAL_Driver/Src/stm32f7xx_ll_sdmmc.c:460:10:SDMMC_GetFIFOCount	0	static
../Drivers/STM32F7xx_HAL_Driver/Src/stm32f7xx_ll_sdmmc.c:474:19:SDMMC_SetSDMMCReadWaitMode	0	static
../Drivers/STM32F7xx_HAL_Driver/Src/stm32f7xx_ll_sdmmc.c:798:10:SDMMC_CmdGoIdleState	32	static
../Drivers/STM32F7xx_HAL_Driver/Src/stm32f7xx_ll_sdmmc.c:1191:10:SDMMC_GetCmdResp1	8	static
../Drivers/STM32F7xx_HAL_Driver/Src/stm32f7xx_ll_sdmmc.c:509:10:SDMMC_CmdBlockLength	40	static
../Drivers/STM32F7xx_HAL_Driver/Src/stm32f7xx_ll_sdmmc.c:533:10:SDMMC_CmdReadSingleBlock	40	static
../Drivers/STM32F7xx_HAL_Driver/Src/stm32f7xx_ll_sdmmc.c:557:10:SDMMC_CmdReadMultiBlock	40	static
../Drivers/STM32F7xx_HAL_Driver/Src/stm32f7xx_ll_sdmmc.c:581:10:SDMMC_CmdWriteSingleBlock	40	static
../Drivers/STM32F7xx_HAL_Driver/Src/stm32f7xx_ll_sdmmc.c:605:10:SDMMC_CmdWriteMultiBlock	40	static
../Drivers/STM32F7xx_HAL_Driver/Src/stm32f7xx_ll_sdmmc.c:629:10:SDMMC_CmdSDEraseStartAdd	40	static
../Drivers/STM32F7xx_HAL_Driver/Src/stm32f7xx_ll_sdmmc.c:653:10:SDMMC_CmdSDEraseEndAdd	40	static
../Drivers/STM32F7xx_HAL_Driver/Src/stm32f7xx_ll_sdmmc.c:677:10:SDMMC_CmdEraseStartAdd	40	static
../Drivers/STM32F7xx_HAL_Driver/Src/stm32f7xx_ll_sdmmc.c:701:10:SDMMC_CmdEraseEndAdd	40	static
../Drivers/STM32F7xx_HAL_Driver/Src/stm32f7xx_ll_sdmmc.c:725:10:SDMMC_CmdErase	40	static
../Drivers/STM32F7xx_HAL_Driver/Src/stm32f7xx_ll_sdmmc.c:749:10:SDMMC_CmdStopTransfer	40	static
../Drivers/STM32F7xx_HAL_Driver/Src/stm32f7xx_ll_sdmmc.c:774:10:SDMMC_CmdSelDesel	40	static
../Drivers/STM32F7xx_HAL_Driver/Src/stm32f7xx_ll_sdmmc.c:852:10:SDMMC_CmdAppCommand	40	static
../Drivers/STM32F7xx_HAL_Driver/Src/stm32f7xx_ll_sdmmc.c:904:10:SDMMC_CmdBusWidth	40	static
../Drivers/STM32F7xx_HAL_Driver/Src/stm32f7xx_ll_sdmmc.c:1123:10:SDMMC_CmdSwitch	0	static
../Drivers/STM32F7xx_HAL_Driver/Src/stm32f7xx_ll_sdmmc.c:927:10:SDMMC_CmdSendSCR	40	static
../Drivers/STM32F7xx_HAL_Driver/Src/stm32f7xx_ll_sdmmc.c:1026:10:SDMMC_CmdSetRelAddMmc	40	static
../Drivers/STM32F7xx_HAL_Driver/Src/stm32f7xx_ll_sdmmc.c:1051:10:SDMMC_CmdSendStatus	40	static
../Drivers/STM32F7xx_HAL_Driver/Src/stm32f7xx_ll_sdmmc.c:1074:10:SDMMC_CmdStatusRegister	40	static
../Drivers/STM32F7xx_HAL_Driver/Src/stm32f7xx_ll_sdmmc.c:1149:10:SDMMC_CmdSendEXTCSD	40	static
../Drivers/STM32F7xx_HAL_Driver/Src/stm32f7xx_ll_sdmmc.c:1326:10:SDMMC_GetCmdResp2	0	static
../Drivers/STM32F7xx_HAL_Driver/Src/stm32f7xx_ll_sdmmc.c:951:10:SDMMC_CmdSendCID	32	static
../Drivers/STM32F7xx_HAL_Driver/Src/stm32f7xx_ll_sdmmc.c:976:10:SDMMC_CmdSendCSD	32	static
../Drivers/STM32F7xx_HAL_Driver/Src/stm32f7xx_ll_sdmmc.c:1370:10:SDMMC_GetCmdResp3	0	static
../Drivers/STM32F7xx_HAL_Driver/Src/stm32f7xx_ll_sdmmc.c:880:10:SDMMC_CmdAppOperCommand	32	static
../Drivers/STM32F7xx_HAL_Driver/Src/stm32f7xx_ll_sdmmc.c:1099:10:SDMMC_CmdOpCondition	32	static
../Drivers/STM32F7xx_HAL_Driver/Src/stm32f7xx_ll_sdmmc.c:1410:10:SDMMC_GetCmdResp6	8	static
../Drivers/STM32F7xx_HAL_Driver/Src/stm32f7xx_ll_sdmmc.c:1001:10:SDMMC_CmdSetRelAdd	48	static
../Drivers/STM32F7xx_HAL_Driver/Src/stm32f7xx_ll_sdmmc.c:1483:10:SDMMC_GetCmdResp7	0	static
../Drivers/STM32F7xx_HAL_Driver/Src/stm32f7xx_ll_sdmmc.c:821:10:SDMMC_CmdOperCond	32	static
