../Drivers/STM32F7xx_HAL_Driver/Src/stm32f7xx_hal_spi.c:3914:26:SPI_WaitFlagStateUntilTimeout.constprop	32	static
../Drivers/STM32F7xx_HAL_Driver/Src/stm32f7xx_hal_spi.c:3983:26:SPI_WaitFifoStateUntilTimeout.constprop	40	static
../Drivers/STM32F7xx_HAL_Driver/Src/stm32f7xx_hal_spi.c:4360:13:SPI_AbortRx_ISR	16	static
../Drivers/STM32F7xx_HAL_Driver/Src/stm32f7xx_hal_spi.c:4063:26:SPI_EndRxTransaction	32	static
../Drivers/STM32F7xx_HAL_Driver/Src/stm32f7xx_hal_spi.c:4122:26:SPI_EndRxTxTransaction	32	static
../Drivers/STM32F7xx_HAL_Driver/Src/stm32f7xx_hal_spi.c:4404:13:SPI_AbortTx_ISR	16	static
../Drivers/STM32F7xx_HAL_Driver/Src/stm32f7xx_hal_spi.c:534:13:HAL_SPI_MspInit	0	static
../Drivers/STM32F7xx_HAL_Driver/Src/stm32f7xx_hal_spi.c:315:19:HAL_SPI_Init	16	static
../Drivers/STM32F7xx_HAL_Driver/Src/stm32f7xx_hal_spi.c:550:13:HAL_SPI_MspDeInit	0	static
../Drivers/STM32F7xx_HAL_Driver/Src/stm32f7xx_hal_spi.c:490:19:HAL_SPI_DeInit	8	static
../Drivers/STM32F7xx_HAL_Driver/Src/stm32f7xx_hal_spi.c:822:19:HAL_SPI_Transmit	40	static
../Drivers/STM32F7xx_HAL_Driver/Src/stm32f7xx_hal_spi.c:1247:19:HAL_SPI_TransmitReceive	32	static
../Drivers/STM32F7xx_HAL_Driver/Src/stm32f7xx_hal_spi.c:1007:19:HAL_SPI_Receive	40	static
../Drivers/STM32F7xx_HAL_Driver/Src/stm32f7xx_hal_spi.c:1556:19:HAL_SPI_Transmit_IT	0	static
../Drivers/STM32F7xx_HAL_Driver/Src/stm32f7xx_hal_spi.c:1748:19:HAL_SPI_TransmitReceive_IT	12	static
../Drivers/STM32F7xx_HAL_Driver/Src/stm32f7xx_hal_spi.c:1641:19:HAL_SPI_Receive_IT	12	static
../Drivers/STM32F7xx_HAL_Driver/Src/stm32f7xx_hal_spi.c:1857:19:HAL_SPI_Transmit_DMA	16	static
../Drivers/STM32F7xx_HAL_Driver/Src/stm32f7xx_hal_spi.c:2127:19:HAL_SPI_TransmitReceive_DMA	16	static
../Drivers/STM32F7xx_HAL_Driver/Src/stm32f7xx_hal_spi.c:1982:19:HAL_SPI_Receive_DMA	24	static
../Drivers/STM32F7xx_HAL_Driver/Src/stm32f7xx_hal_spi.c:2319:19:HAL_SPI_Abort	24	static
../Drivers/STM32F7xx_HAL_Driver/Src/stm32f7xx_hal_spi.c:2640:19:HAL_SPI_DMAPause	0	static
../Drivers/STM32F7xx_HAL_Driver/Src/stm32f7xx_hal_spi.c:2660:19:HAL_SPI_DMAResume	0	static
../Drivers/STM32F7xx_HAL_Driver/Src/stm32f7xx_hal_spi.c:2680:19:HAL_SPI_DMAStop	16	static
../Drivers/STM32F7xx_HAL_Driver/Src/stm32f7xx_hal_spi.c:2827:13:HAL_SPI_TxCpltCallback	0	static
../Drivers/STM32F7xx_HAL_Driver/Src/stm32f7xx_hal_spi.c:2843:13:HAL_SPI_RxCpltCallback	0	static
../Drivers/STM32F7xx_HAL_Driver/Src/stm32f7xx_hal_spi.c:2859:13:HAL_SPI_TxRxCpltCallback	0	static
../Drivers/STM32F7xx_HAL_Driver/Src/stm32f7xx_hal_spi.c:2875:13:HAL_SPI_TxHalfCpltCallback	0	static
../Drivers/STM32F7xx_HAL_Driver/Src/stm32f7xx_hal_spi.c:3287:13:SPI_DMAHalfTransmitCplt	8	static
../Drivers/STM32F7xx_HAL_Driver/Src/stm32f7xx_hal_spi.c:2891:13:HAL_SPI_RxHalfCpltCallback	0	static
../Drivers/STM32F7xx_HAL_Driver/Src/stm32f7xx_hal_spi.c:3305:13:SPI_DMAHalfReceiveCplt	8	static
../Drivers/STM32F7xx_HAL_Driver/Src/stm32f7xx_hal_spi.c:2907:13:HAL_SPI_TxRxHalfCpltCallback	0	static
../Drivers/STM32F7xx_HAL_Driver/Src/stm32f7xx_hal_spi.c:3323:13:SPI_DMAHalfTransmitReceiveCplt	8	static
../Drivers/STM32F7xx_HAL_Driver/Src/stm32f7xx_hal_spi.c:2923:13:HAL_SPI_ErrorCallback	0	static
../Drivers/STM32F7xx_HAL_Driver/Src/stm32f7xx_hal_spi.c:4311:13:SPI_CloseTx_ISR	16	static
../Drivers/STM32F7xx_HAL_Driver/Src/stm32f7xx_hal_spi.c:3859:13:SPI_TxISR_8BIT	0	static
../Drivers/STM32F7xx_HAL_Driver/Src/stm32f7xx_hal_spi.c:3884:13:SPI_TxISR_16BIT	4	static
../Drivers/STM32F7xx_HAL_Driver/Src/stm32f7xx_hal_spi.c:4254:13:SPI_CloseRx_ISR	8	static
../Drivers/STM32F7xx_HAL_Driver/Src/stm32f7xx_hal_spi.c:3770:13:SPI_RxISR_8BIT	0	static
../Drivers/STM32F7xx_HAL_Driver/Src/stm32f7xx_hal_spi.c:3826:13:SPI_RxISR_16BIT	0	static
../Drivers/STM32F7xx_HAL_Driver/Src/stm32f7xx_hal_spi.c:4177:13:SPI_CloseRxTx_ISR	8	static
../Drivers/STM32F7xx_HAL_Driver/Src/stm32f7xx_hal_spi.c:3602:13:SPI_2linesTxISR_8BIT	0	static
../Drivers/STM32F7xx_HAL_Driver/Src/stm32f7xx_hal_spi.c:3517:13:SPI_2linesRxISR_8BIT	0	static
../Drivers/STM32F7xx_HAL_Driver/Src/stm32f7xx_hal_spi.c:3705:13:SPI_2linesTxISR_16BIT	4	static
../Drivers/STM32F7xx_HAL_Driver/Src/stm32f7xx_hal_spi.c:3649:13:SPI_2linesRxISR_16BIT	4	static
../Drivers/STM32F7xx_HAL_Driver/Src/stm32f7xx_hal_spi.c:3341:13:SPI_DMAError	8	static
../Drivers/STM32F7xx_HAL_Driver/Src/stm32f7xx_hal_spi.c:3013:13:SPI_DMATransmitCplt	24	static
../Drivers/STM32F7xx_HAL_Driver/Src/stm32f7xx_hal_spi.c:3070:13:SPI_DMAReceiveCplt	16	static
../Drivers/STM32F7xx_HAL_Driver/Src/stm32f7xx_hal_spi.c:3187:13:SPI_DMATransmitReceiveCplt	16	static
../Drivers/STM32F7xx_HAL_Driver/Src/stm32f7xx_hal_spi.c:2720:6:HAL_SPI_IRQHandler	40	static
../Drivers/STM32F7xx_HAL_Driver/Src/stm32f7xx_hal_spi.c:3364:13:SPI_DMAAbortOnError	8	static
../Drivers/STM32F7xx_HAL_Driver/Src/stm32f7xx_hal_spi.c:2941:13:HAL_SPI_AbortCpltCallback	0	static
../Drivers/STM32F7xx_HAL_Driver/Src/stm32f7xx_hal_spi.c:2479:19:HAL_SPI_Abort_IT	32	static
../Drivers/STM32F7xx_HAL_Driver/Src/stm32f7xx_hal_spi.c:3452:13:SPI_DMARxAbortCallback	16	static
../Drivers/STM32F7xx_HAL_Driver/Src/stm32f7xx_hal_spi.c:3386:13:SPI_DMATxAbortCallback	16	static
../Drivers/STM32F7xx_HAL_Driver/Src/stm32f7xx_hal_spi.c:2976:22:HAL_SPI_GetState	0	static
../Drivers/STM32F7xx_HAL_Driver/Src/stm32f7xx_hal_spi.c:2988:10:HAL_SPI_GetError	0	static
