../Drivers/STM32F7xx_HAL_Driver/Src/stm32f7xx_hal_hcd.c:200:19:HAL_HCD_HC_Init	48	static
../Drivers/STM32F7xx_HAL_Driver/Src/stm32f7xx_hal_hcd.c:239:19:HAL_HCD_HC_Halt	8	static
../Drivers/STM32F7xx_HAL_Driver/Src/stm32f7xx_hal_hcd.c:290:14:HAL_HCD_MspInit	0	static
../Drivers/STM32F7xx_HAL_Driver/Src/stm32f7xx_hal_hcd.c:110:19:HAL_HCD_Init	64	static
../Drivers/STM32F7xx_HAL_Driver/Src/stm32f7xx_hal_hcd.c:305:14:HAL_HCD_MspDeInit	0	static
../Drivers/STM32F7xx_HAL_Driver/Src/stm32f7xx_hal_hcd.c:255:19:HAL_HCD_DeInit	8	static
../Drivers/STM32F7xx_HAL_Driver/Src/stm32f7xx_hal_hcd.c:357:19:HAL_HCD_HC_SubmitRequest	16	static
../Drivers/STM32F7xx_HAL_Driver/Src/stm32f7xx_hal_hcd.c:604:6:HAL_HCD_WKUP_IRQHandler	0	static
../Drivers/STM32F7xx_HAL_Driver/Src/stm32f7xx_hal_hcd.c:615:13:HAL_HCD_SOF_Callback	0	static
../Drivers/STM32F7xx_HAL_Driver/Src/stm32f7xx_hal_hcd.c:630:13:HAL_HCD_Connect_Callback	0	static
../Drivers/STM32F7xx_HAL_Driver/Src/stm32f7xx_hal_hcd.c:645:13:HAL_HCD_Disconnect_Callback	0	static
../Drivers/STM32F7xx_HAL_Driver/Src/stm32f7xx_hal_hcd.c:660:13:HAL_HCD_PortEnabled_Callback	0	static
../Drivers/STM32F7xx_HAL_Driver/Src/stm32f7xx_hal_hcd.c:675:13:HAL_HCD_PortDisabled_Callback	0	static
../Drivers/STM32F7xx_HAL_Driver/Src/stm32f7xx_hal_hcd.c:700:13:HAL_HCD_HC_NotifyURBChange_Callback	0	static
../Drivers/STM32F7xx_HAL_Driver/Src/stm32f7xx_hal_hcd.c:484:6:HAL_HCD_IRQHandler	56	static
../Drivers/STM32F7xx_HAL_Driver/Src/stm32f7xx_hal_hcd.c:1016:19:HAL_HCD_Start	8	static
../Drivers/STM32F7xx_HAL_Driver/Src/stm32f7xx_hal_hcd.c:1035:19:HAL_HCD_Stop	8	static
../Drivers/STM32F7xx_HAL_Driver/Src/stm32f7xx_hal_hcd.c:1049:19:HAL_HCD_ResetPort	0	static
../Drivers/STM32F7xx_HAL_Driver/Src/stm32f7xx_hal_hcd.c:1078:18:HAL_HCD_GetState	0	static
../Drivers/STM32F7xx_HAL_Driver/Src/stm32f7xx_hal_hcd.c:1097:21:HAL_HCD_HC_GetURBState	0	static
../Drivers/STM32F7xx_HAL_Driver/Src/stm32f7xx_hal_hcd.c:1110:10:HAL_HCD_HC_GetXferCount	0	static
../Drivers/STM32F7xx_HAL_Driver/Src/stm32f7xx_hal_hcd.c:1132:21:HAL_HCD_HC_GetState	0	static
../Drivers/STM32F7xx_HAL_Driver/Src/stm32f7xx_hal_hcd.c:1142:10:HAL_HCD_GetCurrentFrame	0	static
../Drivers/STM32F7xx_HAL_Driver/Src/stm32f7xx_hal_hcd.c:1152:10:HAL_HCD_GetCurrentSpeed	0	static
