../Core/Src/DBW.c:146:11:DBW_Init	16	static
../Core/Src/DBW.c:186:6:DBW_RequestAppsCalibration	8	static
../Core/Src/DBW.c:196:19:DBW_Handler_Init	16	static
../Core/Src/DBW.c:234:19:DBW_Handler_Run	24	static
../Core/Src/DBW.c:250:19:DBW_Handler_calibrateAPPS	16	static
../Core/Src/DBW.c:274:6:DBW_Disable	16	static
../Core/Src/DBW.c:283:6:DBW_Process	8	static
../Core/Src/DBW.c:313:8:DBW_GetCurrentTPSRaw	4	static
../Core/Src/DBW.c:319:14:DBW_ConvertTpsRawValue	16	static
../Core/Src/DBW.c:331:14:DBW_ConvertAppsRawValue	16	static
../Core/Src/DBW.c:342:13:DBW_PlausibilityCheck	24	static
