../Drivers/CMSIS/Include/core_cm4.h:1939:34:__NVIC_SystemReset	4	static,ignoring_inline_asm
../Core/Src/GearControl.c:104:13:GearControl_WdgOff	4	static
../Core/Src/GearControl.c:111:19:GearState_Init	16	static
../Core/Src/GearControl.c:187:21:GearState_ValidateRequest	24	static
../Core/Src/GearControl.c:230:13:GearControl_RequestGearChange	16	static
../Core/Src/GearControl.c:274:16:GearControl_PrepareCANMessage	16	static
../Core/Src/GearControl.c:348:19:GearStateHandler	16	static
../Core/Src/GearControl.c:428:6:GearControl_SetControl	16	static
../Core/Src/GearControl.c:433:9:GearControl_IsActive	4	static
../Core/Src/GearControl.c:438:13:ShiftControl_GetState	4	static
../Core/Src/GearControl.c:443:6:ShiftControl_SetState	16	static
../Core/Src/GearControl.c:448:6:ShiftControl_SetValidation	16	static
../Core/Src/GearControl.c:452:7:ShiftControl_GetValidation	4	static
../Core/Src/GearControl.c:456:6:GearControl_SetState	16	static
../Core/Src/GearControl.c:461:12:GearControl_GetState	4	static
../Core/Src/GearControl.c:466:12:GearControl_GetNextState	4	static
../Core/Src/GearControl.c:471:6:GearSensor_SetState	16	static
../Core/Src/GearControl.c:476:6:ShiftControl_SetRequest	24	static
../Core/Src/GearControl.c:502:9:GearControl_GetWdgStatus	4	static
../Core/Src/GearControl.c:507:8:GearControl_GetErrors	4	static
../Core/Src/GearControl.c:512:6:GearControl_SetError	16	static
../Core/Src/GearControl.c:524:6:GearControl_Init	16	static
../Core/Src/GearControl.c:530:6:GearControl_WdgProcess	8	static
../Core/Src/GearControl.c:552:6:GearControl_SetServoPos	16	static
../Core/Src/GearControl.c:601:6:GearControl_Process	8	static
../Core/Src/GearControl.c:615:6:GearControl_FuelCutTrigger	16	static
