../Core/Src/main.c:99:6:PeriodicProcess1msHandler	8	static
../Core/Src/main.c:112:6:PeriodicProcess4msHandler	4	static
../Core/Src/main.c:123:6:PeriodicProcess100msHandler	4	static
../Core/Src/main.c:137:5:main	8	static
../Core/Src/main.c:242:6:SystemClock_Config	88	static
../Core/Src/main.c:289:13:MX_ADC1_Init	24	static
../Core/Src/main.c:350:13:MX_ADC2_Init	24	static
../Core/Src/main.c:429:13:MX_CAN1_Init	8	static
../Core/Src/main.c:466:13:MX_IWDG_Init	8	static
../Core/Src/main.c:494:13:MX_TIM1_Init	80	static
../Core/Src/main.c:563:13:MX_TIM2_Init	32	static
../Core/Src/main.c:611:13:MX_TIM3_Init	48	static
../Core/Src/main.c:662:13:MX_DMA_Init	16	static
../Core/Src/main.c:683:13:MX_GPIO_Init	48	static
../Core/Src/main.c:738:6:Error_Handler	4	static
