../Core/Src/main.c:100:6:PeriodicProcess1msHandler	8	static
../Core/Src/main.c:113:6:PeriodicProcess10msHandler	8	static
../Core/Src/main.c:125:6:PeriodicProcess100msHandler	4	static
../Core/Src/main.c:139:5:main	8	static
../Core/Src/main.c:244:6:SystemClock_Config	88	static
../Core/Src/main.c:291:13:MX_ADC1_Init	24	static
../Core/Src/main.c:352:13:MX_ADC2_Init	24	static
../Core/Src/main.c:431:13:MX_CAN1_Init	8	static
../Core/Src/main.c:468:13:MX_IWDG_Init	8	static
../Core/Src/main.c:496:13:MX_TIM1_Init	80	static
../Core/Src/main.c:565:13:MX_TIM2_Init	32	static
../Core/Src/main.c:613:13:MX_TIM3_Init	48	static
../Core/Src/main.c:664:13:MX_DMA_Init	16	static
../Core/Src/main.c:685:13:MX_GPIO_Init	48	static
../Core/Src/main.c:741:6:Error_Handler	4	static
