../Core/Inc/Adc.h:47:22:ADC_AvgSamples	24	static
../Core/Src/stm32f4xx_it.c:69:16:IRQ_Init	16	static
../Core/Src/stm32f4xx_it.c:91:6:NMI_Handler	4	static
../Core/Src/stm32f4xx_it.c:104:6:HardFault_Handler	4	static
../Core/Src/stm32f4xx_it.c:119:6:MemManage_Handler	4	static
../Core/Src/stm32f4xx_it.c:134:6:BusFault_Handler	4	static
../Core/Src/stm32f4xx_it.c:149:6:UsageFault_Handler	4	static
../Core/Src/stm32f4xx_it.c:164:6:SVC_Handler	4	static
../Core/Src/stm32f4xx_it.c:177:6:DebugMon_Handler	4	static
../Core/Src/stm32f4xx_it.c:190:6:PendSV_Handler	4	static
../Core/Src/stm32f4xx_it.c:203:6:SysTick_Handler	8	static
../Core/Src/stm32f4xx_it.c:224:6:DMA2_Stream2_IRQHandler	16	static
../Core/Src/stm32f4xx_it.c:249:6:DMA2_Stream4_IRQHandler	8	static
