../Core/Inc/Adc.h:53:22:ADC_AvgSamples	24	static
../Core/Src/stm32f4xx_it.c:70:11:IRQ_Init	16	static
../Core/Src/stm32f4xx_it.c:92:6:NMI_Handler	4	static
../Core/Src/stm32f4xx_it.c:105:6:HardFault_Handler	4	static
../Core/Src/stm32f4xx_it.c:120:6:MemManage_Handler	4	static
../Core/Src/stm32f4xx_it.c:135:6:BusFault_Handler	4	static
../Core/Src/stm32f4xx_it.c:150:6:UsageFault_Handler	4	static
../Core/Src/stm32f4xx_it.c:165:6:SVC_Handler	4	static
../Core/Src/stm32f4xx_it.c:178:6:DebugMon_Handler	4	static
../Core/Src/stm32f4xx_it.c:191:6:PendSV_Handler	4	static
../Core/Src/stm32f4xx_it.c:204:6:SysTick_Handler	8	static
../Core/Src/stm32f4xx_it.c:225:6:DMA2_Stream2_IRQHandler	16	static
../Core/Src/stm32f4xx_it.c:259:6:DMA2_Stream4_IRQHandler	8	static
