Archive member included to satisfy reference by file (symbol)

c:/program files (x86)/stm32/stm32cubeide_1.9.0/stm32cubeide/plugins/com.st.stm32cube.ide.mcu.externaltools.gnu-tools-for-stm32.10.3-2021.10.win32_1.0.0.202111181127/tools/bin/../lib/gcc/arm-none-eabi/10.3.1/../../../../arm-none-eabi/lib/thumb/v7e-m+fp/hard\libc_nano.a(lib_a-errno.o)
                              ./Core/Src/syscalls.o (__errno)
c:/program files (x86)/stm32/stm32cubeide_1.9.0/stm32cubeide/plugins/com.st.stm32cube.ide.mcu.externaltools.gnu-tools-for-stm32.10.3-2021.10.win32_1.0.0.202111181127/tools/bin/../lib/gcc/arm-none-eabi/10.3.1/../../../../arm-none-eabi/lib/thumb/v7e-m+fp/hard\libc_nano.a(lib_a-exit.o)
                              c:/program files (x86)/stm32/stm32cubeide_1.9.0/stm32cubeide/plugins/com.st.stm32cube.ide.mcu.externaltools.gnu-tools-for-stm32.10.3-2021.10.win32_1.0.0.202111181127/tools/bin/../lib/gcc/arm-none-eabi/10.3.1/../../../../arm-none-eabi/lib/thumb/v7e-m+fp/hard/crt0.o (exit)
c:/program files (x86)/stm32/stm32cubeide_1.9.0/stm32cubeide/plugins/com.st.stm32cube.ide.mcu.externaltools.gnu-tools-for-stm32.10.3-2021.10.win32_1.0.0.202111181127/tools/bin/../lib/gcc/arm-none-eabi/10.3.1/../../../../arm-none-eabi/lib/thumb/v7e-m+fp/hard\libc_nano.a(lib_a-impure.o)
                              c:/program files (x86)/stm32/stm32cubeide_1.9.0/stm32cubeide/plugins/com.st.stm32cube.ide.mcu.externaltools.gnu-tools-for-stm32.10.3-2021.10.win32_1.0.0.202111181127/tools/bin/../lib/gcc/arm-none-eabi/10.3.1/../../../../arm-none-eabi/lib/thumb/v7e-m+fp/hard\libc_nano.a(lib_a-exit.o) (_global_impure_ptr)
c:/program files (x86)/stm32/stm32cubeide_1.9.0/stm32cubeide/plugins/com.st.stm32cube.ide.mcu.externaltools.gnu-tools-for-stm32.10.3-2021.10.win32_1.0.0.202111181127/tools/bin/../lib/gcc/arm-none-eabi/10.3.1/../../../../arm-none-eabi/lib/thumb/v7e-m+fp/hard\libc_nano.a(lib_a-init.o)
                              c:/program files (x86)/stm32/stm32cubeide_1.9.0/stm32cubeide/plugins/com.st.stm32cube.ide.mcu.externaltools.gnu-tools-for-stm32.10.3-2021.10.win32_1.0.0.202111181127/tools/bin/../lib/gcc/arm-none-eabi/10.3.1/../../../../arm-none-eabi/lib/thumb/v7e-m+fp/hard/crt0.o (__libc_init_array)
c:/program files (x86)/stm32/stm32cubeide_1.9.0/stm32cubeide/plugins/com.st.stm32cube.ide.mcu.externaltools.gnu-tools-for-stm32.10.3-2021.10.win32_1.0.0.202111181127/tools/bin/../lib/gcc/arm-none-eabi/10.3.1/../../../../arm-none-eabi/lib/thumb/v7e-m+fp/hard\libc_nano.a(lib_a-memset.o)
                              c:/program files (x86)/stm32/stm32cubeide_1.9.0/stm32cubeide/plugins/com.st.stm32cube.ide.mcu.externaltools.gnu-tools-for-stm32.10.3-2021.10.win32_1.0.0.202111181127/tools/bin/../lib/gcc/arm-none-eabi/10.3.1/../../../../arm-none-eabi/lib/thumb/v7e-m+fp/hard/crt0.o (memset)
c:/program files (x86)/stm32/stm32cubeide_1.9.0/stm32cubeide/plugins/com.st.stm32cube.ide.mcu.externaltools.gnu-tools-for-stm32.10.3-2021.10.win32_1.0.0.202111181127/tools/bin/../lib/gcc/arm-none-eabi/10.3.1/thumb/v7e-m+fp/hard\libgcc.a(_arm_muldf3.o)
                              ./Core/Src/abs.o (__aeabi_dmul)
c:/program files (x86)/stm32/stm32cubeide_1.9.0/stm32cubeide/plugins/com.st.stm32cube.ide.mcu.externaltools.gnu-tools-for-stm32.10.3-2021.10.win32_1.0.0.202111181127/tools/bin/../lib/gcc/arm-none-eabi/10.3.1/thumb/v7e-m+fp/hard\libgcc.a(_arm_addsubdf3.o)
                              ./Core/Src/break_pressure.o (__aeabi_dsub)
c:/program files (x86)/stm32/stm32cubeide_1.9.0/stm32cubeide/plugins/com.st.stm32cube.ide.mcu.externaltools.gnu-tools-for-stm32.10.3-2021.10.win32_1.0.0.202111181127/tools/bin/../lib/gcc/arm-none-eabi/10.3.1/thumb/v7e-m+fp/hard\libgcc.a(_arm_muldivdf3.o)
                              ./Core/Src/amorki.o (__aeabi_ddiv)
c:/program files (x86)/stm32/stm32cubeide_1.9.0/stm32cubeide/plugins/com.st.stm32cube.ide.mcu.externaltools.gnu-tools-for-stm32.10.3-2021.10.win32_1.0.0.202111181127/tools/bin/../lib/gcc/arm-none-eabi/10.3.1/thumb/v7e-m+fp/hard\libgcc.a(_arm_fixunsdfsi.o)
                              ./Core/Src/abs.o (__aeabi_d2uiz)
c:/program files (x86)/stm32/stm32cubeide_1.9.0/stm32cubeide/plugins/com.st.stm32cube.ide.mcu.externaltools.gnu-tools-for-stm32.10.3-2021.10.win32_1.0.0.202111181127/tools/bin/../lib/gcc/arm-none-eabi/10.3.1/thumb/v7e-m+fp/hard\libgcc.a(_arm_truncdfsf2.o)
                              ./Core/Src/amorki.o (__aeabi_d2f)

Discarded input sections

 .text          0x0000000000000000        0x0 c:/program files (x86)/stm32/stm32cubeide_1.9.0/stm32cubeide/plugins/com.st.stm32cube.ide.mcu.externaltools.gnu-tools-for-stm32.10.3-2021.10.win32_1.0.0.202111181127/tools/bin/../lib/gcc/arm-none-eabi/10.3.1/thumb/v7e-m+fp/hard/crti.o
 .data          0x0000000000000000        0x0 c:/program files (x86)/stm32/stm32cubeide_1.9.0/stm32cubeide/plugins/com.st.stm32cube.ide.mcu.externaltools.gnu-tools-for-stm32.10.3-2021.10.win32_1.0.0.202111181127/tools/bin/../lib/gcc/arm-none-eabi/10.3.1/thumb/v7e-m+fp/hard/crti.o
[...]
Memory Configuration

Name             Origin             Length             Attributes
RAM              0x0000000020000000 0x0000000000018000 xrw
RAM2             0x0000000010000000 0x0000000000008000 xrw
FLASH            0x0000000008000000 0x0000000000100000 xr
*default*        0x0000000000000000 0xffffffffffffffff

Linker script and memory map

LOAD c:/program files (x86)/stm32/stm32cubeide_1.9.0/stm32cubeide/plugins/com.st.stm32cube.ide.mcu.externaltools.gnu-tools-for-stm32.10.3-2021.10.win32_1.0.0.202111181127/tools/bin/../lib/gcc/arm-none-eabi/10.3.1/thumb/v7e-m+fp/hard/crti.o
LOAD c:/program files (x86)/stm32/stm32cubeide_1.9.0/stm32cubeide/plugins/com.st.stm32cube.ide.mcu.externaltools.gnu-tools-for-stm32.10.3-2021.10.win32_1.0.0.202111181127/tools/bin/../lib/gcc/arm-none-eabi/10.3.1/thumb/v7e-m+fp/hard/crtbegin.o
LOAD c:/program files (x86)/stm32/stm32cubeide_1.9.0/stm32cubeide/plugins/com.st.stm32cube.ide.mcu.externaltools.gnu-tools-for-stm32.10.3-2021.10.win32_1.0.0.202111181127/tools/bin/../lib/gcc/arm-none-eabi/10.3.1/../../../../arm-none-eabi/lib/thumb/v7e-m+fp/hard/crt0.o
LOAD ./Core/Src/PTT_handler.o
LOAD ./Core/Src/abs.o
LOAD ./Core/Src/adc.o
LOAD ./Core/Src/amorki.o
LOAD ./Core/Src/break_pressure.o
LOAD ./Core/Src/can.o
LOAD ./Core/Src/can_handler.o
LOAD ./Core/Src/gpio.o
LOAD ./Core/Src/i2c.o
LOAD ./Core/Src/main.o
LOAD ./Core/Src/stm32l4xx_hal_msp.o
LOAD ./Core/Src/stm32l4xx_it.o
LOAD ./Core/Src/syscalls.o
LOAD ./Core/Src/sysmem.o
LOAD ./Core/Src/system_stm32l4xx.o
LOAD ./Core/Src/tim.o
LOAD ./Core/Startup/startup_stm32l476rgtx.o
LOAD ./Drivers/STM32L4xx_HAL_Driver/Src/stm32l4xx_hal.o
LOAD ./Drivers/STM32L4xx_HAL_Driver/Src/stm32l4xx_hal_adc.o
LOAD ./Drivers/STM32L4xx_HAL_Driver/Src/stm32l4xx_hal_adc_ex.o
LOAD ./Drivers/STM32L4xx_HAL_Driver/Src/stm32l4xx_hal_can.o
LOAD ./Drivers/STM32L4xx_HAL_Driver/Src/stm32l4xx_hal_cortex.o
LOAD ./Drivers/STM32L4xx_HAL_Driver/Src/stm32l4xx_hal_dma.o
LOAD ./Drivers/STM32L4xx_HAL_Driver/Src/stm32l4xx_hal_dma_ex.o
LOAD ./Drivers/STM32L4xx_HAL_Driver/Src/stm32l4xx_hal_exti.o
LOAD ./Drivers/STM32L4xx_HAL_Driver/Src/stm32l4xx_hal_flash.o
LOAD ./Drivers/STM32L4xx_HAL_Driver/Src/stm32l4xx_hal_flash_ex.o
LOAD ./Drivers/STM32L4xx_HAL_Driver/Src/stm32l4xx_hal_flash_ramfunc.o
LOAD ./Drivers/STM32L4xx_HAL_Driver/Src/stm32l4xx_hal_gpio.o
LOAD ./Drivers/STM32L4xx_HAL_Driver/Src/stm32l4xx_hal_i2c.o
LOAD ./Drivers/STM32L4xx_HAL_Driver/Src/stm32l4xx_hal_i2c_ex.o
LOAD ./Drivers/STM32L4xx_HAL_Driver/Src/stm32l4xx_hal_pwr.o
LOAD ./Drivers/STM32L4xx_HAL_Driver/Src/stm32l4xx_hal_pwr_ex.o
LOAD ./Drivers/STM32L4xx_HAL_Driver/Src/stm32l4xx_hal_rcc.o
LOAD ./Drivers/STM32L4xx_HAL_Driver/Src/stm32l4xx_hal_rcc_ex.o
LOAD ./Drivers/STM32L4xx_HAL_Driver/Src/stm32l4xx_hal_tim.o
LOAD ./Drivers/STM32L4xx_HAL_Driver/Src/stm32l4xx_hal_tim_ex.o
START GROUP
LOAD c:/program files (x86)/stm32/stm32cubeide_1.9.0/stm32cubeide/plugins/com.st.stm32cube.ide.mcu.externaltools.gnu-tools-for-stm32.10.3-2021.10.win32_1.0.0.202111181127/tools/bin/../lib/gcc/arm-none-eabi/10.3.1/../../../../arm-none-eabi/lib/thumb/v7e-m+fp/hard\libc_nano.a
LOAD c:/program files (x86)/stm32/stm32cubeide_1.9.0/stm32cubeide/plugins/com.st.stm32cube.ide.mcu.externaltools.gnu-tools-for-stm32.10.3-2021.10.win32_1.0.0.202111181127/tools/bin/../lib/gcc/arm-none-eabi/10.3.1/../../../../arm-none-eabi/lib/thumb/v7e-m+fp/hard\libm.a
END GROUP
START GROUP
LOAD c:/program files (x86)/stm32/stm32cubeide_1.9.0/stm32cubeide/plugins/com.st.stm32cube.ide.mcu.externaltools.gnu-tools-for-stm32.10.3-2021.10.win32_1.0.0.202111181127/tools/bin/../lib/gcc/arm-none-eabi/10.3.1/thumb/v7e-m+fp/hard\libgcc.a
LOAD c:/program files (x86)/stm32/stm32cubeide_1.9.0/stm32cubeide/plugins/com.st.stm32cube.ide.mcu.externaltools.gnu-tools-for-stm32.10.3-2021.10.win32_1.0.0.202111181127/tools/bin/../lib/gcc/arm-none-eabi/10.3.1/../../../../arm-none-eabi/lib/thumb/v7e-m+fp/hard\libc_nano.a
END GROUP
START GROUP
LOAD c:/program files (x86)/stm32/stm32cubeide_1.9.0/stm32cubeide/plugins/com.st.stm32cube.ide.mcu.externaltools.gnu-tools-for-stm32.10.3-2021.10.win32_1.0.0.202111181127/tools/bin/../lib/gcc/arm-none-eabi/10.3.1/thumb/v7e-m+fp/hard\libgcc.a
LOAD c:/program files (x86)/stm32/stm32cubeide_1.9.0/stm32cubeide/plugins/com.st.stm32cube.ide.mcu.externaltools.gnu-tools-for-stm32.10.3-2021.10.win32_1.0.0.202111181127/tools/bin/../lib/gcc/arm-none-eabi/10.3.1/../../../../arm-none-eabi/lib/thumb/v7e-m+fp/hard\libc_nano.a
LOAD c:/program files (x86)/stm32/stm32cubeide_1.9.0/stm32cubeide/plugins/com.st.stm32cube.ide.mcu.externaltools.gnu-tools-for-stm32.10.3-2021.10.win32_1.0.0.202111181127/tools/bin/../lib/gcc/arm-none-eabi/10.3.1/../../../../arm-none-eabi/lib/thumb/v7e-m+fp/hard\libnosys.a
END GROUP
START GROUP
LOAD c:/program files (x86)/stm32/stm32cubeide_1.9.0/stm32cubeide/plugins/com.st.stm32cube.ide.mcu.externaltools.gnu-tools-for-stm32.10.3-2021.10.win32_1.0.0.202111181127/tools/bin/../lib/gcc/arm-none-eabi/10.3.1/thumb/v7e-m+fp/hard\libgcc.a
LOAD c:/program files (x86)/stm32/stm32cubeide_1.9.0/stm32cubeide/plugins/com.st.stm32cube.ide.mcu.externaltools.gnu-tools-for-stm32.10.3-2021.10.win32_1.0.0.202111181127/tools/bin/../lib/gcc/arm-none-eabi/10.3.1/../../../../arm-none-eabi/lib/thumb/v7e-m+fp/hard\libc_nano.a
LOAD c:/program files (x86)/stm32/stm32cubeide_1.9.0/stm32cubeide/plugins/com.st.stm32cube.ide.mcu.externaltools.gnu-tools-for-stm32.10.3-2021.10.win32_1.0.0.202111181127/tools/bin/../lib/gcc/arm-none-eabi/10.3.1/../../../../arm-none-eabi/lib/thumb/v7e-m+fp/hard\libnosys.a
END GROUP
LOAD c:/program files (x86)/stm32/stm32cubeide_1.9.0/stm32cubeide/plugins/com.st.stm32cube.ide.mcu.externaltools.gnu-tools-for-stm32.10.3-2021.10.win32_1.0.0.202111181127/tools/bin/../lib/gcc/arm-none-eabi/10.3.1/thumb/v7e-m+fp/hard/crtend.o
LOAD c:/program files (x86)/stm32/stm32cubeide_1.9.0/stm32cubeide/plugins/com.st.stm32cube.ide.mcu.externaltools.gnu-tools-for-stm32.10.3-2021.10.win32_1.0.0.202111181127/tools/bin/../lib/gcc/arm-none-eabi/10.3.1/thumb/v7e-m+fp/hard/crtn.o
                0x0000000020018000                _estack = (ORIGIN (RAM) + LENGTH (RAM))
                0x0000000000000200                _Min_Heap_Size = 0x200
                0x0000000000000400                _Min_Stack_Size = 0x400

.isr_vector     0x0000000008000000      0x188
                0x0000000008000000                . = ALIGN (0x4)
 *(.isr_vector)
 .isr_vector    0x0000000008000000      0x188 ./Core/Startup/startup_stm32l476rgtx.o
                0x0000000008000000                g_pfnVectors
                0x0000000008000188                . = ALIGN (0x4)

.text           0x0000000008000188     0x7624
                0x0000000008000188                . = ALIGN (0x4)
 *(.text)
 .text          0x0000000008000188       0x40 c:/program files (x86)/stm32/stm32cubeide_1.9.0/stm32cubeide/plugins/com.st.stm32cube.ide.mcu.externaltools.gnu-tools-for-stm32.10.3-2021.10.win32_1.0.0.202111181127/tools/bin/../lib/gcc/arm-none-eabi/10.3.1/thumb/v7e-m+fp/hard/crtbegin.o
 *(.text*)
 .text.PTT_control
                0x00000000080001c8       0x3c ./Core/Src/PTT_handler.o
                0x00000000080001c8                PTT_control
 .text.absInit  0x0000000008000204       0x5c ./Core/Src/abs.o
                0x0000000008000204                absInit
 .text.HAL_TIM_IC_CaptureCallback
                0x0000000008000260       0x88 ./Core/Src/abs.o
                0x0000000008000260                HAL_TIM_IC_CaptureCallback
 .text.MX_ADC1_Init
                0x00000000080002e8      0x110 ./Core/Src/adc.o
                0x00000000080002e8                MX_ADC1_Init
 .text.MX_ADC2_Init
                0x00000000080003f8       0xec ./Core/Src/adc.o
                0x00000000080003f8                MX_ADC2_Init
 .text.HAL_ADC_MspInit
                0x00000000080004e4      0x100 ./Core/Src/adc.o
                0x00000000080004e4                HAL_ADC_MspInit
 .text.DampInit
                0x00000000080005e4       0x2c ./Core/Src/amorki.o
                0x00000000080005e4                DampInit
 .text.ADC_SelectChannel
                0x0000000008000610       0x56 ./Core/Src/amorki.o
                0x0000000008000610                ADC_SelectChannel
 *fill*         0x0000000008000666        0x2 
 .text.Amorki_GetData
                0x0000000008000668       0xa4 ./Core/Src/amorki.o
                0x0000000008000668                Amorki_GetData
 .text.BPInit   0x000000000800070c       0x32 ./Core/Src/break_pressure.o
                0x000000000800070c                BPInit
 .text.ADC_BSelectChannel
                0x000000000800073e       0x56 ./Core/Src/break_pressure.o
                0x000000000800073e                ADC_BSelectChannel
 .text.BP_GetData
                0x0000000008000794       0xa4 ./Core/Src/break_pressure.o
                0x0000000008000794                BP_GetData
 .text.MX_CAN1_Init
                0x0000000008000838       0x6c ./Core/Src/can.o
                0x0000000008000838                MX_CAN1_Init
 .text.HAL_CAN_MspInit
                0x00000000080008a4       0x98 ./Core/Src/can.o
                0x00000000080008a4                HAL_CAN_MspInit
 .text.CAN_Init
                0x000000000800093c       0xbc ./Core/Src/can_handler.o
                0x000000000800093c                CAN_Init
 .text.CAN_GetRxData
                0x00000000080009f8       0x44 ./Core/Src/can_handler.o
                0x00000000080009f8                CAN_GetRxData
 .text.BP_F_over_can
                0x0000000008000a3c       0x58 ./Core/Src/can_handler.o
                0x0000000008000a3c                BP_F_over_can
 .text.BP_R_over_can
                0x0000000008000a94       0x58 ./Core/Src/can_handler.o
                0x0000000008000a94                BP_R_over_can
 .text.VSS_LR_over_can
                0x0000000008000aec       0x64 ./Core/Src/can_handler.o
                0x0000000008000aec                VSS_LR_over_can
 .text.VSS_RR_over_can
                0x0000000008000b50       0x64 ./Core/Src/can_handler.o
                0x0000000008000b50                VSS_RR_over_can
 .text.Damper_RR_over_can
                0x0000000008000bb4       0x58 ./Core/Src/can_handler.o
                0x0000000008000bb4                Damper_RR_over_can
 .text.Damper_LR_over_can
                0x0000000008000c0c       0x58 ./Core/Src/can_handler.o
                0x0000000008000c0c                Damper_LR_over_can
 .text.HAL_CAN_RxFifo0MsgPendingCallback
                0x0000000008000c64       0x24 ./Core/Src/can_handler.o
                0x0000000008000c64                HAL_CAN_RxFifo0MsgPendingCallback
 .text.MX_GPIO_Init
                0x0000000008000c88       0xd8 ./Core/Src/gpio.o
                0x0000000008000c88                MX_GPIO_Init
 .text.MX_I2C1_Init
                0x0000000008000d60       0x80 ./Core/Src/i2c.o
                0x0000000008000d60                MX_I2C1_Init
 .text.MX_I2C2_Init
                0x0000000008000de0       0x80 ./Core/Src/i2c.o
                0x0000000008000de0                MX_I2C2_Init
 .text.HAL_I2C_MspInit
                0x0000000008000e60      0x184 ./Core/Src/i2c.o
                0x0000000008000e60                HAL_I2C_MspInit
 .text.main     0x0000000008000fe4      0x150 ./Core/Src/main.o
                0x0000000008000fe4                main
 .text.SystemClock_Config
                0x0000000008001134       0xa2 ./Core/Src/main.o
                0x0000000008001134                SystemClock_Config
 .text.PeriphCommonClock_Config
                0x00000000080011d6       0x56 ./Core/Src/main.o
                0x00000000080011d6                PeriphCommonClock_Config
 .text.Error_Handler
                0x000000000800122c        0xa ./Core/Src/main.o
                0x000000000800122c                Error_Handler
 *fill*         0x0000000008001236        0x2 
 .text.HAL_MspInit
                0x0000000008001238       0x48 ./Core/Src/stm32l4xx_hal_msp.o
                0x0000000008001238                HAL_MspInit
 .text.NMI_Handler
                0x0000000008001280        0x6 ./Core/Src/stm32l4xx_it.o
                0x0000000008001280                NMI_Handler
 .text.HardFault_Handler
                0x0000000008001286        0x6 ./Core/Src/stm32l4xx_it.o
                0x0000000008001286                HardFault_Handler
 .text.MemManage_Handler
                0x000000000800128c        0x6 ./Core/Src/stm32l4xx_it.o
                0x000000000800128c                MemManage_Handler
 .text.BusFault_Handler
                0x0000000008001292        0x6 ./Core/Src/stm32l4xx_it.o
                0x0000000008001292                BusFault_Handler
 .text.UsageFault_Handler
                0x0000000008001298        0x6 ./Core/Src/stm32l4xx_it.o
                0x0000000008001298                UsageFault_Handler
 .text.SVC_Handler
                0x000000000800129e        0xe ./Core/Src/stm32l4xx_it.o
                0x000000000800129e                SVC_Handler
 .text.DebugMon_Handler
                0x00000000080012ac        0xe ./Core/Src/stm32l4xx_it.o
                0x00000000080012ac                DebugMon_Handler
 .text.PendSV_Handler
                0x00000000080012ba        0xe ./Core/Src/stm32l4xx_it.o
                0x00000000080012ba                PendSV_Handler
 .text.SysTick_Handler
                0x00000000080012c8        0xc ./Core/Src/stm32l4xx_it.o
                0x00000000080012c8                SysTick_Handler
 .text.CAN1_RX0_IRQHandler
                0x00000000080012d4       0x14 ./Core/Src/stm32l4xx_it.o
                0x00000000080012d4                CAN1_RX0_IRQHandler
 .text.TIM2_IRQHandler
                0x00000000080012e8       0x14 ./Core/Src/stm32l4xx_it.o
                0x00000000080012e8                TIM2_IRQHandler
 .text.TIM3_IRQHandler
                0x00000000080012fc       0x14 ./Core/Src/stm32l4xx_it.o
                0x00000000080012fc                TIM3_IRQHandler
 .text.I2C1_EV_IRQHandler
                0x0000000008001310       0x14 ./Core/Src/stm32l4xx_it.o
                0x0000000008001310                I2C1_EV_IRQHandler
 .text.I2C1_ER_IRQHandler
                0x0000000008001324       0x14 ./Core/Src/stm32l4xx_it.o
                0x0000000008001324                I2C1_ER_IRQHandler
 .text.I2C2_EV_IRQHandler
                0x0000000008001338       0x14 ./Core/Src/stm32l4xx_it.o
                0x0000000008001338                I2C2_EV_IRQHandler
 .text.I2C2_ER_IRQHandler
                0x000000000800134c       0x14 ./Core/Src/stm32l4xx_it.o
                0x000000000800134c                I2C2_ER_IRQHandler
 .text.SystemInit
                0x0000000008001360       0x24 ./Core/Src/system_stm32l4xx.o
                0x0000000008001360                SystemInit
 .text.MX_TIM2_Init
                0x0000000008001384      0x118 ./Core/Src/tim.o
                0x0000000008001384                MX_TIM2_Init
 .text.MX_TIM3_Init
                0x000000000800149c      0x11c ./Core/Src/tim.o
                0x000000000800149c                MX_TIM3_Init
 .text.HAL_TIM_Base_MspInit
                0x00000000080015b8      0x104 ./Core/Src/tim.o
                0x00000000080015b8                HAL_TIM_Base_MspInit
 .text.Reset_Handler
                0x00000000080016bc       0x50 ./Core/Startup/startup_stm32l476rgtx.o
                0x00000000080016bc                Reset_Handler
 .text.Default_Handler
                0x000000000800170c        0x2 ./Core/Startup/startup_stm32l476rgtx.o
                0x000000000800170c                RTC_Alarm_IRQHandler
                0x000000000800170c                EXTI2_IRQHandler
                0x000000000800170c                TIM8_TRG_COM_IRQHandler
                0x000000000800170c                TIM8_CC_IRQHandler
                0x000000000800170c                TIM1_CC_IRQHandler
                0x000000000800170c                TSC_IRQHandler
                0x000000000800170c                TAMP_STAMP_IRQHandler
                0x000000000800170c                EXTI3_IRQHandler
                0x000000000800170c                LPTIM2_IRQHandler
                0x000000000800170c                DFSDM1_FLT1_IRQHandler
                0x000000000800170c                I2C3_ER_IRQHandler
                0x000000000800170c                DFSDM1_FLT2_IRQHandler
                0x000000000800170c                EXTI0_IRQHandler
                0x000000000800170c                FPU_IRQHandler
                0x000000000800170c                TIM1_UP_TIM16_IRQHandler
                0x000000000800170c                ADC1_2_IRQHandler
                0x000000000800170c                SPI1_IRQHandler
                0x000000000800170c                TIM6_DAC_IRQHandler
                0x000000000800170c                TIM8_UP_IRQHandler
                0x000000000800170c                DMA2_Channel2_IRQHandler
                0x000000000800170c                DMA1_Channel4_IRQHandler
                0x000000000800170c                SAI2_IRQHandler
                0x000000000800170c                DFSDM1_FLT3_IRQHandler
                0x000000000800170c                USART3_IRQHandler
                0x000000000800170c                DMA1_Channel7_IRQHandler
                0x000000000800170c                CAN1_RX1_IRQHandler
                0x000000000800170c                LCD_IRQHandler
                0x000000000800170c                UART5_IRQHandler
                0x000000000800170c                ADC3_IRQHandler
                0x000000000800170c                TIM4_IRQHandler
                0x000000000800170c                DMA2_Channel1_IRQHandler
                0x000000000800170c                QUADSPI_IRQHandler
                0x000000000800170c                DMA1_Channel6_IRQHandler
                0x000000000800170c                UART4_IRQHandler
                0x000000000800170c                DMA2_Channel4_IRQHandler
                0x000000000800170c                RCC_IRQHandler
                0x000000000800170c                DMA1_Channel1_IRQHandler
                0x000000000800170c                Default_Handler
                0x000000000800170c                DMA2_Channel7_IRQHandler
                0x000000000800170c                EXTI15_10_IRQHandler
                0x000000000800170c                TIM7_IRQHandler
                0x000000000800170c                SDMMC1_IRQHandler
                0x000000000800170c                TIM5_IRQHandler
                0x000000000800170c                I2C3_EV_IRQHandler
                0x000000000800170c                EXTI9_5_IRQHandler
                0x000000000800170c                RTC_WKUP_IRQHandler
                0x000000000800170c                PVD_PVM_IRQHandler
                0x000000000800170c                SPI2_IRQHandler
                0x000000000800170c                CAN1_TX_IRQHandler
                0x000000000800170c                DMA2_Channel5_IRQHandler
                0x000000000800170c                DMA1_Channel5_IRQHandler
                0x000000000800170c                EXTI4_IRQHandler
                0x000000000800170c                RNG_IRQHandler
                0x000000000800170c                TIM1_TRG_COM_TIM17_IRQHandler
                0x000000000800170c                DMA1_Channel3_IRQHandler
                0x000000000800170c                COMP_IRQHandler
                0x000000000800170c                WWDG_IRQHandler
                0x000000000800170c                LPUART1_IRQHandler
                0x000000000800170c                DMA2_Channel6_IRQHandler
                0x000000000800170c                EXTI1_IRQHandler
                0x000000000800170c                USART2_IRQHandler
                0x000000000800170c                DFSDM1_FLT0_IRQHandler
                0x000000000800170c                DMA1_Channel2_IRQHandler
                0x000000000800170c                TIM8_BRK_IRQHandler
                0x000000000800170c                CAN1_SCE_IRQHandler
                0x000000000800170c                FLASH_IRQHandler
                0x000000000800170c                USART1_IRQHandler
                0x000000000800170c                OTG_FS_IRQHandler
                0x000000000800170c                SPI3_IRQHandler
                0x000000000800170c                FMC_IRQHandler
                0x000000000800170c                SWPMI1_IRQHandler
                0x000000000800170c                LPTIM1_IRQHandler
                0x000000000800170c                SAI1_IRQHandler
                0x000000000800170c                DMA2_Channel3_IRQHandler
                0x000000000800170c                TIM1_BRK_TIM15_IRQHandler
 .text.HAL_Init
                0x000000000800170e       0x30 ./Drivers/STM32L4xx_HAL_Driver/Src/stm32l4xx_hal.o
                0x000000000800170e                HAL_Init
 *fill*         0x000000000800173e        0x2 
 .text.HAL_InitTick
                0x0000000008001740       0x78 ./Drivers/STM32L4xx_HAL_Driver/Src/stm32l4xx_hal.o
                0x0000000008001740                HAL_InitTick
 .text.HAL_IncTick
                0x00000000080017b8       0x28 ./Drivers/STM32L4xx_HAL_Driver/Src/stm32l4xx_hal.o
                0x00000000080017b8                HAL_IncTick
 .text.HAL_GetTick
                0x00000000080017e0       0x18 ./Drivers/STM32L4xx_HAL_Driver/Src/stm32l4xx_hal.o
                0x00000000080017e0                HAL_GetTick
 .text.HAL_Delay
                0x00000000080017f8       0x48 ./Drivers/STM32L4xx_HAL_Driver/Src/stm32l4xx_hal.o
                0x00000000080017f8                HAL_Delay
 .text.LL_ADC_SetCommonClock
                0x0000000008001840       0x26 ./Drivers/STM32L4xx_HAL_Driver/Src/stm32l4xx_hal_adc.o
 .text.LL_ADC_SetCommonPathInternalCh
                0x0000000008001866       0x26 ./Drivers/STM32L4xx_HAL_Driver/Src/stm32l4xx_hal_adc.o
 .text.LL_ADC_GetCommonPathInternalCh
                0x000000000800188c       0x1c ./Drivers/STM32L4xx_HAL_Driver/Src/stm32l4xx_hal_adc.o
 .text.LL_ADC_SetOffset
                0x00000000080018a8       0x48 ./Drivers/STM32L4xx_HAL_Driver/Src/stm32l4xx_hal_adc.o
 .text.LL_ADC_GetOffsetChannel
                0x00000000080018f0       0x2c ./Drivers/STM32L4xx_HAL_Driver/Src/stm32l4xx_hal_adc.o
 .text.LL_ADC_SetOffsetState
                0x000000000800191c       0x36 ./Drivers/STM32L4xx_HAL_Driver/Src/stm32l4xx_hal_adc.o
 .text.LL_ADC_REG_IsTriggerSourceSWStart
                0x0000000008001952       0x26 ./Drivers/STM32L4xx_HAL_Driver/Src/stm32l4xx_hal_adc.o
 .text.LL_ADC_REG_SetSequencerRanks
                0x0000000008001978       0x58 ./Drivers/STM32L4xx_HAL_Driver/Src/stm32l4xx_hal_adc.o
 .text.LL_ADC_SetChannelSamplingTime
                0x00000000080019d0       0x56 ./Drivers/STM32L4xx_HAL_Driver/Src/stm32l4xx_hal_adc.o
 *fill*         0x0000000008001a26        0x2 
 .text.LL_ADC_SetChannelSingleDiff
                0x0000000008001a28       0x48 ./Drivers/STM32L4xx_HAL_Driver/Src/stm32l4xx_hal_adc.o
 .text.LL_ADC_GetMultimode
                0x0000000008001a70       0x1c ./Drivers/STM32L4xx_HAL_Driver/Src/stm32l4xx_hal_adc.o
 .text.LL_ADC_GetMultiDMATransfer
                0x0000000008001a8c       0x1c ./Drivers/STM32L4xx_HAL_Driver/Src/stm32l4xx_hal_adc.o
 .text.LL_ADC_DisableDeepPowerDown
                0x0000000008001aa8       0x24 ./Drivers/STM32L4xx_HAL_Driver/Src/stm32l4xx_hal_adc.o
 .text.LL_ADC_IsDeepPowerDownEnabled
                0x0000000008001acc       0x28 ./Drivers/STM32L4xx_HAL_Driver/Src/stm32l4xx_hal_adc.o
 .text.LL_ADC_EnableInternalRegulator
                0x0000000008001af4       0x28 ./Drivers/STM32L4xx_HAL_Driver/Src/stm32l4xx_hal_adc.o
 .text.LL_ADC_IsInternalRegulatorEnabled
                0x0000000008001b1c       0x28 ./Drivers/STM32L4xx_HAL_Driver/Src/stm32l4xx_hal_adc.o
 .text.LL_ADC_Enable
                0x0000000008001b44       0x28 ./Drivers/STM32L4xx_HAL_Driver/Src/stm32l4xx_hal_adc.o
 .text.LL_ADC_Disable
                0x0000000008001b6c       0x28 ./Drivers/STM32L4xx_HAL_Driver/Src/stm32l4xx_hal_adc.o
 .text.LL_ADC_IsEnabled
                0x0000000008001b94       0x26 ./Drivers/STM32L4xx_HAL_Driver/Src/stm32l4xx_hal_adc.o
 .text.LL_ADC_IsDisableOngoing
                0x0000000008001bba       0x26 ./Drivers/STM32L4xx_HAL_Driver/Src/stm32l4xx_hal_adc.o
 .text.LL_ADC_REG_StartConversion
                0x0000000008001be0       0x28 ./Drivers/STM32L4xx_HAL_Driver/Src/stm32l4xx_hal_adc.o
 .text.LL_ADC_REG_StopConversion
                0x0000000008001c08       0x28 ./Drivers/STM32L4xx_HAL_Driver/Src/stm32l4xx_hal_adc.o
 .text.LL_ADC_REG_IsConversionOngoing
                0x0000000008001c30       0x26 ./Drivers/STM32L4xx_HAL_Driver/Src/stm32l4xx_hal_adc.o
 .text.LL_ADC_INJ_StopConversion
                0x0000000008001c56       0x28 ./Drivers/STM32L4xx_HAL_Driver/Src/stm32l4xx_hal_adc.o
 .text.LL_ADC_INJ_IsConversionOngoing
                0x0000000008001c7e       0x26 ./Drivers/STM32L4xx_HAL_Driver/Src/stm32l4xx_hal_adc.o
 .text.HAL_ADC_Init
                0x0000000008001ca4      0x2ac ./Drivers/STM32L4xx_HAL_Driver/Src/stm32l4xx_hal_adc.o
                0x0000000008001ca4                HAL_ADC_Init
 .text.HAL_ADC_Start
                0x0000000008001f50      0x174 ./Drivers/STM32L4xx_HAL_Driver/Src/stm32l4xx_hal_adc.o
                0x0000000008001f50                HAL_ADC_Start
 .text.HAL_ADC_Stop
                0x00000000080020c4       0x66 ./Drivers/STM32L4xx_HAL_Driver/Src/stm32l4xx_hal_adc.o
                0x00000000080020c4                HAL_ADC_Stop
 *fill*         0x000000000800212a        0x2 
 .text.HAL_ADC_PollForConversion
                0x000000000800212c      0x1b0 ./Drivers/STM32L4xx_HAL_Driver/Src/stm32l4xx_hal_adc.o
                0x000000000800212c                HAL_ADC_PollForConversion
 .text.HAL_ADC_GetValue
                0x00000000080022dc       0x1a ./Drivers/STM32L4xx_HAL_Driver/Src/stm32l4xx_hal_adc.o
                0x00000000080022dc                HAL_ADC_GetValue
 *fill*         0x00000000080022f6        0x2 
 .text.HAL_ADC_ConfigChannel
                0x00000000080022f8      0x7e0 ./Drivers/STM32L4xx_HAL_Driver/Src/stm32l4xx_hal_adc.o
                0x00000000080022f8                HAL_ADC_ConfigChannel
 .text.ADC_ConversionStop
                0x0000000008002ad8      0x178 ./Drivers/STM32L4xx_HAL_Driver/Src/stm32l4xx_hal_adc.o
                0x0000000008002ad8                ADC_ConversionStop
 .text.ADC_Enable
                0x0000000008002c50      0x10c ./Drivers/STM32L4xx_HAL_Driver/Src/stm32l4xx_hal_adc.o
                0x0000000008002c50                ADC_Enable
 .text.ADC_Disable
                0x0000000008002d5c       0xbe ./Drivers/STM32L4xx_HAL_Driver/Src/stm32l4xx_hal_adc.o
                0x0000000008002d5c                ADC_Disable
 .text.LL_ADC_IsEnabled
                0x0000000008002e1a       0x26 ./Drivers/STM32L4xx_HAL_Driver/Src/stm32l4xx_hal_adc_ex.o
 .text.LL_ADC_REG_IsConversionOngoing
                0x0000000008002e40       0x26 ./Drivers/STM32L4xx_HAL_Driver/Src/stm32l4xx_hal_adc_ex.o
 *fill*         0x0000000008002e66        0x2 
 .text.HAL_ADCEx_MultiModeConfigChannel
                0x0000000008002e68      0x160 ./Drivers/STM32L4xx_HAL_Driver/Src/stm32l4xx_hal_adc_ex.o
                0x0000000008002e68                HAL_ADCEx_MultiModeConfigChannel
 .text.HAL_CAN_Init
                0x0000000008002fc8      0x1f6 ./Drivers/STM32L4xx_HAL_Driver/Src/stm32l4xx_hal_can.o
                0x0000000008002fc8                HAL_CAN_Init
 .text.HAL_CAN_ConfigFilter
                0x00000000080031be      0x194 ./Drivers/STM32L4xx_HAL_Driver/Src/stm32l4xx_hal_can.o
                0x00000000080031be                HAL_CAN_ConfigFilter
 .text.HAL_CAN_Start
                0x0000000008003352       0x88 ./Drivers/STM32L4xx_HAL_Driver/Src/stm32l4xx_hal_can.o
                0x0000000008003352                HAL_CAN_Start
 .text.HAL_CAN_AddTxMessage
                0x00000000080033da      0x1a0 ./Drivers/STM32L4xx_HAL_Driver/Src/stm32l4xx_hal_can.o
                0x00000000080033da                HAL_CAN_AddTxMessage
 .text.HAL_CAN_GetRxMessage
                0x000000000800357a      0x224 ./Drivers/STM32L4xx_HAL_Driver/Src/stm32l4xx_hal_can.o
                0x000000000800357a                HAL_CAN_GetRxMessage
 .text.HAL_CAN_ActivateNotification
                0x000000000800379e       0x4c ./Drivers/STM32L4xx_HAL_Driver/Src/stm32l4xx_hal_can.o
                0x000000000800379e                HAL_CAN_ActivateNotification
 .text.HAL_CAN_IRQHandler
                0x00000000080037ea      0x36e ./Drivers/STM32L4xx_HAL_Driver/Src/stm32l4xx_hal_can.o
                0x00000000080037ea                HAL_CAN_IRQHandler
 .text.HAL_CAN_TxMailbox0CompleteCallback
                0x0000000008003b58       0x14 ./Drivers/STM32L4xx_HAL_Driver/Src/stm32l4xx_hal_can.o
                0x0000000008003b58                HAL_CAN_TxMailbox0CompleteCallback
 .text.HAL_CAN_TxMailbox1CompleteCallback
                0x0000000008003b6c       0x14 ./Drivers/STM32L4xx_HAL_Driver/Src/stm32l4xx_hal_can.o
                0x0000000008003b6c                HAL_CAN_TxMailbox1CompleteCallback
 .text.HAL_CAN_TxMailbox2CompleteCallback
                0x0000000008003b80       0x14 ./Drivers/STM32L4xx_HAL_Driver/Src/stm32l4xx_hal_can.o
                0x0000000008003b80                HAL_CAN_TxMailbox2CompleteCallback
 .text.HAL_CAN_TxMailbox0AbortCallback
                0x0000000008003b94       0x14 ./Drivers/STM32L4xx_HAL_Driver/Src/stm32l4xx_hal_can.o
                0x0000000008003b94                HAL_CAN_TxMailbox0AbortCallback
 .text.HAL_CAN_TxMailbox1AbortCallback
                0x0000000008003ba8       0x14 ./Drivers/STM32L4xx_HAL_Driver/Src/stm32l4xx_hal_can.o
                0x0000000008003ba8                HAL_CAN_TxMailbox1AbortCallback
 .text.HAL_CAN_TxMailbox2AbortCallback
                0x0000000008003bbc       0x14 ./Drivers/STM32L4xx_HAL_Driver/Src/stm32l4xx_hal_can.o
                0x0000000008003bbc                HAL_CAN_TxMailbox2AbortCallback
 .text.HAL_CAN_RxFifo0FullCallback
                0x0000000008003bd0       0x14 ./Drivers/STM32L4xx_HAL_Driver/Src/stm32l4xx_hal_can.o
                0x0000000008003bd0                HAL_CAN_RxFifo0FullCallback
 .text.HAL_CAN_RxFifo1MsgPendingCallback
                0x0000000008003be4       0x14 ./Drivers/STM32L4xx_HAL_Driver/Src/stm32l4xx_hal_can.o
                0x0000000008003be4                HAL_CAN_RxFifo1MsgPendingCallback
 .text.HAL_CAN_RxFifo1FullCallback
                0x0000000008003bf8       0x14 ./Drivers/STM32L4xx_HAL_Driver/Src/stm32l4xx_hal_can.o
                0x0000000008003bf8                HAL_CAN_RxFifo1FullCallback
 .text.HAL_CAN_SleepCallback
                0x0000000008003c0c       0x14 ./Drivers/STM32L4xx_HAL_Driver/Src/stm32l4xx_hal_can.o
                0x0000000008003c0c                HAL_CAN_SleepCallback
 .text.HAL_CAN_WakeUpFromRxMsgCallback
                0x0000000008003c20       0x14 ./Drivers/STM32L4xx_HAL_Driver/Src/stm32l4xx_hal_can.o
                0x0000000008003c20                HAL_CAN_WakeUpFromRxMsgCallback
 .text.HAL_CAN_ErrorCallback
                0x0000000008003c34       0x14 ./Drivers/STM32L4xx_HAL_Driver/Src/stm32l4xx_hal_can.o
                0x0000000008003c34                HAL_CAN_ErrorCallback
 .text.__NVIC_SetPriorityGrouping
                0x0000000008003c48       0x48 ./Drivers/STM32L4xx_HAL_Driver/Src/stm32l4xx_hal_cortex.o
 .text.__NVIC_GetPriorityGrouping
                0x0000000008003c90       0x1c ./Drivers/STM32L4xx_HAL_Driver/Src/stm32l4xx_hal_cortex.o
 .text.__NVIC_EnableIRQ
                0x0000000008003cac       0x3c ./Drivers/STM32L4xx_HAL_Driver/Src/stm32l4xx_hal_cortex.o
 .text.__NVIC_SetPriority
                0x0000000008003ce8       0x54 ./Drivers/STM32L4xx_HAL_Driver/Src/stm32l4xx_hal_cortex.o
 .text.NVIC_EncodePriority
                0x0000000008003d3c       0x66 ./Drivers/STM32L4xx_HAL_Driver/Src/stm32l4xx_hal_cortex.o
 *fill*         0x0000000008003da2        0x2 
 .text.SysTick_Config
                0x0000000008003da4       0x44 ./Drivers/STM32L4xx_HAL_Driver/Src/stm32l4xx_hal_cortex.o
 .text.HAL_NVIC_SetPriorityGrouping
                0x0000000008003de8       0x16 ./Drivers/STM32L4xx_HAL_Driver/Src/stm32l4xx_hal_cortex.o
                0x0000000008003de8                HAL_NVIC_SetPriorityGrouping
 .text.HAL_NVIC_SetPriority
                0x0000000008003dfe       0x38 ./Drivers/STM32L4xx_HAL_Driver/Src/stm32l4xx_hal_cortex.o
                0x0000000008003dfe                HAL_NVIC_SetPriority
 .text.HAL_NVIC_EnableIRQ
                0x0000000008003e36       0x1c ./Drivers/STM32L4xx_HAL_Driver/Src/stm32l4xx_hal_cortex.o
                0x0000000008003e36                HAL_NVIC_EnableIRQ
 .text.HAL_SYSTICK_Config
                0x0000000008003e52       0x18 ./Drivers/STM32L4xx_HAL_Driver/Src/stm32l4xx_hal_cortex.o
                0x0000000008003e52                HAL_SYSTICK_Config
 .text.HAL_DMA_Abort_IT
                0x0000000008003e6a       0x82 ./Drivers/STM32L4xx_HAL_Driver/Src/stm32l4xx_hal_dma.o
                0x0000000008003e6a                HAL_DMA_Abort_IT
 .text.HAL_DMA_GetState
                0x0000000008003eec       0x1c ./Drivers/STM32L4xx_HAL_Driver/Src/stm32l4xx_hal_dma.o
                0x0000000008003eec                HAL_DMA_GetState
 .text.HAL_GPIO_Init
                0x0000000008003f08      0x354 ./Drivers/STM32L4xx_HAL_Driver/Src/stm32l4xx_hal_gpio.o
                0x0000000008003f08                HAL_GPIO_Init
 .text.HAL_GPIO_WritePin
                0x000000000800425c       0x30 ./Drivers/STM32L4xx_HAL_Driver/Src/stm32l4xx_hal_gpio.o
                0x000000000800425c                HAL_GPIO_WritePin
 .text.HAL_I2C_Init
                0x000000000800428c      0x11e ./Drivers/STM32L4xx_HAL_Driver/Src/stm32l4xx_hal_i2c.o
                0x000000000800428c                HAL_I2C_Init
 .text.HAL_I2C_EV_IRQHandler
                0x00000000080043aa       0x34 ./Drivers/STM32L4xx_HAL_Driver/Src/stm32l4xx_hal_i2c.o
                0x00000000080043aa                HAL_I2C_EV_IRQHandler
 .text.HAL_I2C_ER_IRQHandler
                0x00000000080043de       0xc2 ./Drivers/STM32L4xx_HAL_Driver/Src/stm32l4xx_hal_i2c.o
                0x00000000080043de                HAL_I2C_ER_IRQHandler
 .text.HAL_I2C_SlaveTxCpltCallback
                0x00000000080044a0       0x14 ./Drivers/STM32L4xx_HAL_Driver/Src/stm32l4xx_hal_i2c.o
                0x00000000080044a0                HAL_I2C_SlaveTxCpltCallback
 .text.HAL_I2C_SlaveRxCpltCallback
                0x00000000080044b4       0x14 ./Drivers/STM32L4xx_HAL_Driver/Src/stm32l4xx_hal_i2c.o
                0x00000000080044b4                HAL_I2C_SlaveRxCpltCallback
 .text.HAL_I2C_AddrCallback
                0x00000000080044c8       0x1c ./Drivers/STM32L4xx_HAL_Driver/Src/stm32l4xx_hal_i2c.o
                0x00000000080044c8                HAL_I2C_AddrCallback
 .text.HAL_I2C_ListenCpltCallback
                0x00000000080044e4       0x14 ./Drivers/STM32L4xx_HAL_Driver/Src/stm32l4xx_hal_i2c.o
                0x00000000080044e4                HAL_I2C_ListenCpltCallback
 .text.HAL_I2C_ErrorCallback
                0x00000000080044f8       0x14 ./Drivers/STM32L4xx_HAL_Driver/Src/stm32l4xx_hal_i2c.o
                0x00000000080044f8                HAL_I2C_ErrorCallback
 .text.HAL_I2C_AbortCpltCallback
                0x000000000800450c       0x14 ./Drivers/STM32L4xx_HAL_Driver/Src/stm32l4xx_hal_i2c.o
                0x000000000800450c                HAL_I2C_AbortCpltCallback
 .text.I2C_Slave_ISR_IT
                0x0000000008004520      0x206 ./Drivers/STM32L4xx_HAL_Driver/Src/stm32l4xx_hal_i2c.o
 .text.I2C_ITAddrCplt
                0x0000000008004726      0x108 ./Drivers/STM32L4xx_HAL_Driver/Src/stm32l4xx_hal_i2c.o
 .text.I2C_ITSlaveSeqCplt
                0x000000000800482e       0xbc ./Drivers/STM32L4xx_HAL_Driver/Src/stm32l4xx_hal_i2c.o
 *fill*         0x00000000080048ea        0x2 
 .text.I2C_ITSlaveCplt
                0x00000000080048ec      0x214 ./Drivers/STM32L4xx_HAL_Driver/Src/stm32l4xx_hal_i2c.o
 .text.I2C_ITListenCplt
                0x0000000008004b00       0xac ./Drivers/STM32L4xx_HAL_Driver/Src/stm32l4xx_hal_i2c.o
 .text.I2C_ITError
                0x0000000008004bac      0x1a0 ./Drivers/STM32L4xx_HAL_Driver/Src/stm32l4xx_hal_i2c.o
 .text.I2C_TreatErrorCallback
                0x0000000008004d4c       0x4e ./Drivers/STM32L4xx_HAL_Driver/Src/stm32l4xx_hal_i2c.o
 .text.I2C_Flush_TXDR
                0x0000000008004d9a       0x48 ./Drivers/STM32L4xx_HAL_Driver/Src/stm32l4xx_hal_i2c.o
 .text.I2C_DMAAbort
                0x0000000008004de2       0x3c ./Drivers/STM32L4xx_HAL_Driver/Src/stm32l4xx_hal_i2c.o
 .text.I2C_Disable_IRQ
                0x0000000008004e1e       0xbc ./Drivers/STM32L4xx_HAL_Driver/Src/stm32l4xx_hal_i2c.o
 .text.HAL_I2CEx_ConfigAnalogFilter
                0x0000000008004eda       0x96 ./Drivers/STM32L4xx_HAL_Driver/Src/stm32l4xx_hal_i2c_ex.o
                0x0000000008004eda                HAL_I2CEx_ConfigAnalogFilter
 .text.HAL_I2CEx_ConfigDigitalFilter
                0x0000000008004f70       0x98 ./Drivers/STM32L4xx_HAL_Driver/Src/stm32l4xx_hal_i2c_ex.o
                0x0000000008004f70                HAL_I2CEx_ConfigDigitalFilter
 .text.HAL_PWREx_GetVoltageRange
                0x0000000008005008       0x1c ./Drivers/STM32L4xx_HAL_Driver/Src/stm32l4xx_hal_pwr_ex.o
                0x0000000008005008                HAL_PWREx_GetVoltageRange
 .text.HAL_PWREx_ControlVoltageScaling
                0x0000000008005024       0xac ./Drivers/STM32L4xx_HAL_Driver/Src/stm32l4xx_hal_pwr_ex.o
                0x0000000008005024                HAL_PWREx_ControlVoltageScaling
 .text.HAL_RCC_OscConfig
                0x00000000080050d0      0x7b8 ./Drivers/STM32L4xx_HAL_Driver/Src/stm32l4xx_hal_rcc.o
                0x00000000080050d0                HAL_RCC_OscConfig
 .text.HAL_RCC_ClockConfig
                0x0000000008005888      0x200 ./Drivers/STM32L4xx_HAL_Driver/Src/stm32l4xx_hal_rcc.o
                0x0000000008005888                HAL_RCC_ClockConfig
 .text.HAL_RCC_GetSysClockFreq
                0x0000000008005a88      0x114 ./Drivers/STM32L4xx_HAL_Driver/Src/stm32l4xx_hal_rcc.o
                0x0000000008005a88                HAL_RCC_GetSysClockFreq
 .text.RCC_SetFlashLatencyFromMSIRange
                0x0000000008005b9c       0xc0 ./Drivers/STM32L4xx_HAL_Driver/Src/stm32l4xx_hal_rcc.o
 .text.HAL_RCCEx_PeriphCLKConfig
                0x0000000008005c5c      0x5d4 ./Drivers/STM32L4xx_HAL_Driver/Src/stm32l4xx_hal_rcc_ex.o
                0x0000000008005c5c                HAL_RCCEx_PeriphCLKConfig
 .text.RCCEx_PLLSAI1_Config
                0x0000000008006230      0x1e8 ./Drivers/STM32L4xx_HAL_Driver/Src/stm32l4xx_hal_rcc_ex.o
 .text.RCCEx_PLLSAI2_Config
                0x0000000008006418      0x1bc ./Drivers/STM32L4xx_HAL_Driver/Src/stm32l4xx_hal_rcc_ex.o
 .text.HAL_TIM_Base_Init
                0x00000000080065d4       0xae ./Drivers/STM32L4xx_HAL_Driver/Src/stm32l4xx_hal_tim.o
                0x00000000080065d4                HAL_TIM_Base_Init
 .text.HAL_TIM_IC_Init
                0x0000000008006682       0xae ./Drivers/STM32L4xx_HAL_Driver/Src/stm32l4xx_hal_tim.o
                0x0000000008006682                HAL_TIM_IC_Init
 .text.HAL_TIM_IC_MspInit
                0x0000000008006730       0x14 ./Drivers/STM32L4xx_HAL_Driver/Src/stm32l4xx_hal_tim.o
                0x0000000008006730                HAL_TIM_IC_MspInit
 .text.HAL_TIM_IC_Start_IT
                0x0000000008006744      0x294 ./Drivers/STM32L4xx_HAL_Driver/Src/stm32l4xx_hal_tim.o
                0x0000000008006744                HAL_TIM_IC_Start_IT
 .text.HAL_TIM_IRQHandler
                0x00000000080069d8      0x23e ./Drivers/STM32L4xx_HAL_Driver/Src/stm32l4xx_hal_tim.o
                0x00000000080069d8                HAL_TIM_IRQHandler
 .text.HAL_TIM_IC_ConfigChannel
                0x0000000008006c16      0x138 ./Drivers/STM32L4xx_HAL_Driver/Src/stm32l4xx_hal_tim.o
                0x0000000008006c16                HAL_TIM_IC_ConfigChannel
 .text.HAL_TIM_ConfigClockSource
                0x0000000008006d4e      0x192 ./Drivers/STM32L4xx_HAL_Driver/Src/stm32l4xx_hal_tim.o
                0x0000000008006d4e                HAL_TIM_ConfigClockSource
 .text.HAL_TIM_SlaveConfigSynchro
                0x0000000008006ee0       0x84 ./Drivers/STM32L4xx_HAL_Driver/Src/stm32l4xx_hal_tim.o
                0x0000000008006ee0                HAL_TIM_SlaveConfigSynchro
 .text.HAL_TIM_PeriodElapsedCallback
                0x0000000008006f64       0x14 ./Drivers/STM32L4xx_HAL_Driver/Src/stm32l4xx_hal_tim.o
                0x0000000008006f64                HAL_TIM_PeriodElapsedCallback
 .text.HAL_TIM_OC_DelayElapsedCallback
                0x0000000008006f78       0x14 ./Drivers/STM32L4xx_HAL_Driver/Src/stm32l4xx_hal_tim.o
                0x0000000008006f78                HAL_TIM_OC_DelayElapsedCallback
 .text.HAL_TIM_PWM_PulseFinishedCallback
                0x0000000008006f8c       0x14 ./Drivers/STM32L4xx_HAL_Driver/Src/stm32l4xx_hal_tim.o
                0x0000000008006f8c                HAL_TIM_PWM_PulseFinishedCallback
 .text.HAL_TIM_TriggerCallback
                0x0000000008006fa0       0x14 ./Drivers/STM32L4xx_HAL_Driver/Src/stm32l4xx_hal_tim.o
                0x0000000008006fa0                HAL_TIM_TriggerCallback
 .text.HAL_TIM_GetActiveChannel
                0x0000000008006fb4       0x18 ./Drivers/STM32L4xx_HAL_Driver/Src/stm32l4xx_hal_tim.o
                0x0000000008006fb4                HAL_TIM_GetActiveChannel
 .text.TIM_Base_SetConfig
                0x0000000008006fcc      0x134 ./Drivers/STM32L4xx_HAL_Driver/Src/stm32l4xx_hal_tim.o
                0x0000000008006fcc                TIM_Base_SetConfig
 .text.TIM_SlaveTimer_SetConfig
                0x0000000008007100      0x126 ./Drivers/STM32L4xx_HAL_Driver/Src/stm32l4xx_hal_tim.o
 *fill*         0x0000000008007226        0x2 
 .text.TIM_TI1_SetConfig
                0x0000000008007228       0xdc ./Drivers/STM32L4xx_HAL_Driver/Src/stm32l4xx_hal_tim.o
                0x0000000008007228                TIM_TI1_SetConfig
 .text.TIM_TI1_ConfigInputStage
                0x0000000008007304       0x5e ./Drivers/STM32L4xx_HAL_Driver/Src/stm32l4xx_hal_tim.o
 .text.TIM_TI2_SetConfig
                0x0000000008007362       0x7a ./Drivers/STM32L4xx_HAL_Driver/Src/stm32l4xx_hal_tim.o
 .text.TIM_TI2_ConfigInputStage
                0x00000000080073dc       0x60 ./Drivers/STM32L4xx_HAL_Driver/Src/stm32l4xx_hal_tim.o
 .text.TIM_TI3_SetConfig
                0x000000000800743c       0x78 ./Drivers/STM32L4xx_HAL_Driver/Src/stm32l4xx_hal_tim.o
 .text.TIM_TI4_SetConfig
                0x00000000080074b4       0x7a ./Drivers/STM32L4xx_HAL_Driver/Src/stm32l4xx_hal_tim.o
 .text.TIM_ITRx_SetConfig
                0x000000000800752e       0x36 ./Drivers/STM32L4xx_HAL_Driver/Src/stm32l4xx_hal_tim.o
 .text.TIM_ETR_SetConfig
                0x0000000008007564       0x40 ./Drivers/STM32L4xx_HAL_Driver/Src/stm32l4xx_hal_tim.o
                0x0000000008007564                TIM_ETR_SetConfig
 .text.TIM_CCxChannelCmd
                0x00000000080075a4       0x4a ./Drivers/STM32L4xx_HAL_Driver/Src/stm32l4xx_hal_tim.o
                0x00000000080075a4                TIM_CCxChannelCmd
 *fill*         0x00000000080075ee        0x2 
 .text.HAL_TIMEx_MasterConfigSynchronization
                0x00000000080075f0      0x110 ./Drivers/STM32L4xx_HAL_Driver/Src/stm32l4xx_hal_tim_ex.o
                0x00000000080075f0                HAL_TIMEx_MasterConfigSynchronization
 .text.HAL_TIMEx_CommutCallback
                0x0000000008007700       0x14 ./Drivers/STM32L4xx_HAL_Driver/Src/stm32l4xx_hal_tim_ex.o
                0x0000000008007700                HAL_TIMEx_CommutCallback
 .text.HAL_TIMEx_BreakCallback
                0x0000000008007714       0x14 ./Drivers/STM32L4xx_HAL_Driver/Src/stm32l4xx_hal_tim_ex.o
                0x0000000008007714                HAL_TIMEx_BreakCallback
 .text.HAL_TIMEx_Break2Callback
                0x0000000008007728       0x14 ./Drivers/STM32L4xx_HAL_Driver/Src/stm32l4xx_hal_tim_ex.o
                0x0000000008007728                HAL_TIMEx_Break2Callback
 .text.__libc_init_array
                0x000000000800773c       0x48 c:/program files (x86)/stm32/stm32cubeide_1.9.0/stm32cubeide/plugins/com.st.stm32cube.ide.mcu.externaltools.gnu-tools-for-stm32.10.3-2021.10.win32_1.0.0.202111181127/tools/bin/../lib/gcc/arm-none-eabi/10.3.1/../../../../arm-none-eabi/lib/thumb/v7e-m+fp/hard\libc_nano.a(lib_a-init.o)
                0x000000000800773c                __libc_init_array
 .text.memset   0x0000000008007784       0x10 c:/program files (x86)/stm32/stm32cubeide_1.9.0/stm32cubeide/plugins/com.st.stm32cube.ide.mcu.externaltools.gnu-tools-for-stm32.10.3-2021.10.win32_1.0.0.202111181127/tools/bin/../lib/gcc/arm-none-eabi/10.3.1/../../../../arm-none-eabi/lib/thumb/v7e-m+fp/hard\libc_nano.a(lib_a-memset.o)
                0x0000000008007784                memset
 *(.glue_7)
 .glue_7        0x0000000008007794        0x0 linker stubs
 *(.glue_7t)
 .glue_7t       0x0000000008007794        0x0 linker stubs
 *(.eh_frame)
 .eh_frame      0x0000000008007794        0x0 c:/program files (x86)/stm32/stm32cubeide_1.9.0/stm32cubeide/plugins/com.st.stm32cube.ide.mcu.externaltools.gnu-tools-for-stm32.10.3-2021.10.win32_1.0.0.202111181127/tools/bin/../lib/gcc/arm-none-eabi/10.3.1/thumb/v7e-m+fp/hard/crtbegin.o
 *(.init)
 .init          0x0000000008007794        0x4 c:/program files (x86)/stm32/stm32cubeide_1.9.0/stm32cubeide/plugins/com.st.stm32cube.ide.mcu.externaltools.gnu-tools-for-stm32.10.3-2021.10.win32_1.0.0.202111181127/tools/bin/../lib/gcc/arm-none-eabi/10.3.1/thumb/v7e-m+fp/hard/crti.o
                0x0000000008007794                _init
 .init          0x0000000008007798        0x8 c:/program files (x86)/stm32/stm32cubeide_1.9.0/stm32cubeide/plugins/com.st.stm32cube.ide.mcu.externaltools.gnu-tools-for-stm32.10.3-2021.10.win32_1.0.0.202111181127/tools/bin/../lib/gcc/arm-none-eabi/10.3.1/thumb/v7e-m+fp/hard/crtn.o
 *(.fini)
 .fini          0x00000000080077a0        0x4 c:/program files (x86)/stm32/stm32cubeide_1.9.0/stm32cubeide/plugins/com.st.stm32cube.ide.mcu.externaltools.gnu-tools-for-stm32.10.3-2021.10.win32_1.0.0.202111181127/tools/bin/../lib/gcc/arm-none-eabi/10.3.1/thumb/v7e-m+fp/hard/crti.o
                0x00000000080077a0                _fini
 .fini          0x00000000080077a4        0x8 c:/program files (x86)/stm32/stm32cubeide_1.9.0/stm32cubeide/plugins/com.st.stm32cube.ide.mcu.externaltools.gnu-tools-for-stm32.10.3-2021.10.win32_1.0.0.202111181127/tools/bin/../lib/gcc/arm-none-eabi/10.3.1/thumb/v7e-m+fp/hard/crtn.o
                0x00000000080077ac                . = ALIGN (0x4)
                0x00000000080077ac                _etext = .

.vfp11_veneer   0x00000000080077ac        0x0
 .vfp11_veneer  0x00000000080077ac        0x0 linker stubs

.v4_bx          0x00000000080077ac        0x0
 .v4_bx         0x00000000080077ac        0x0 linker stubs

.iplt           0x00000000080077ac        0x0
 .iplt          0x00000000080077ac        0x0 c:/program files (x86)/stm32/stm32cubeide_1.9.0/stm32cubeide/plugins/com.st.stm32cube.ide.mcu.externaltools.gnu-tools-for-stm32.10.3-2021.10.win32_1.0.0.202111181127/tools/bin/../lib/gcc/arm-none-eabi/10.3.1/thumb/v7e-m+fp/hard/crtbegin.o

.rodata         0x00000000080077ac       0x40
                0x00000000080077ac                . = ALIGN (0x4)
 *(.rodata)
 *(.rodata*)
 .rodata.AHBPrescTable
                0x00000000080077ac       0x10 ./Core/Src/system_stm32l4xx.o
                0x00000000080077ac                AHBPrescTable
 .rodata.MSIRangeTable
                0x00000000080077bc       0x30 ./Core/Src/system_stm32l4xx.o
                0x00000000080077bc                MSIRangeTable
                0x00000000080077ec                . = ALIGN (0x4)

.rel.dyn        0x00000000080077ec        0x0
 .rel.iplt      0x00000000080077ec        0x0 c:/program files (x86)/stm32/stm32cubeide_1.9.0/stm32cubeide/plugins/com.st.stm32cube.ide.mcu.externaltools.gnu-tools-for-stm32.10.3-2021.10.win32_1.0.0.202111181127/tools/bin/../lib/gcc/arm-none-eabi/10.3.1/thumb/v7e-m+fp/hard/crtbegin.o

.ARM.extab      0x00000000080077ec        0x0
                0x00000000080077ec                . = ALIGN (0x4)
 *(.ARM.extab* .gnu.linkonce.armextab.*)
                0x00000000080077ec                . = ALIGN (0x4)

.ARM            0x00000000080077ec        0x0
                0x00000000080077ec                . = ALIGN (0x4)
                0x00000000080077ec                __exidx_start = .
 *(.ARM.exidx*)
                0x00000000080077ec                __exidx_end = .
                0x00000000080077ec                . = ALIGN (0x4)

.preinit_array  0x00000000080077ec        0x0
                0x00000000080077ec                . = ALIGN (0x4)
                0x00000000080077ec                PROVIDE (__preinit_array_start = .)
 *(.preinit_array*)
                0x00000000080077ec                PROVIDE (__preinit_array_end = .)
                0x00000000080077ec                . = ALIGN (0x4)

.init_array     0x00000000080077ec        0x4
                0x00000000080077ec                . = ALIGN (0x4)
                0x00000000080077ec                PROVIDE (__init_array_start = .)
 *(SORT_BY_NAME(.init_array.*))
 *(.init_array*)
 .init_array    0x00000000080077ec        0x4 c:/program files (x86)/stm32/stm32cubeide_1.9.0/stm32cubeide/plugins/com.st.stm32cube.ide.mcu.externaltools.gnu-tools-for-stm32.10.3-2021.10.win32_1.0.0.202111181127/tools/bin/../lib/gcc/arm-none-eabi/10.3.1/thumb/v7e-m+fp/hard/crtbegin.o
                0x00000000080077f0                PROVIDE (__init_array_end = .)
                0x00000000080077f0                . = ALIGN (0x4)

.fini_array     0x00000000080077f0        0x4
                0x00000000080077f0                . = ALIGN (0x4)
                [!provide]                        PROVIDE (__fini_array_start = .)
 *(SORT_BY_NAME(.fini_array.*))
 *(.fini_array*)
 .fini_array    0x00000000080077f0        0x4 c:/program files (x86)/stm32/stm32cubeide_1.9.0/stm32cubeide/plugins/com.st.stm32cube.ide.mcu.externaltools.gnu-tools-for-stm32.10.3-2021.10.win32_1.0.0.202111181127/tools/bin/../lib/gcc/arm-none-eabi/10.3.1/thumb/v7e-m+fp/hard/crtbegin.o
                [!provide]                        PROVIDE (__fini_array_end = .)
                0x00000000080077f4                . = ALIGN (0x4)
                0x00000000080077f4                _sidata = LOADADDR (.data)

.data           0x0000000020000000        0xc load address 0x00000000080077f4
                0x0000000020000000                . = ALIGN (0x4)
                0x0000000020000000                _sdata = .
 *(.data)
 *(.data*)
 .data.SystemCoreClock
                0x0000000020000000        0x4 ./Core/Src/system_stm32l4xx.o
                0x0000000020000000                SystemCoreClock
 .data.uwTickPrio
                0x0000000020000004        0x4 ./Drivers/STM32L4xx_HAL_Driver/Src/stm32l4xx_hal.o
                0x0000000020000004                uwTickPrio
 .data.uwTickFreq
                0x0000000020000008        0x1 ./Drivers/STM32L4xx_HAL_Driver/Src/stm32l4xx_hal.o
                0x0000000020000008                uwTickFreq
 *(.RamFunc)
 *(.RamFunc*)
                0x000000002000000c                . = ALIGN (0x4)
 *fill*         0x0000000020000009        0x3 
                0x000000002000000c                _edata = .

.igot.plt       0x000000002000000c        0x0 load address 0x0000000008007800
 .igot.plt      0x000000002000000c        0x0 c:/program files (x86)/stm32/stm32cubeide_1.9.0/stm32cubeide/plugins/com.st.stm32cube.ide.mcu.externaltools.gnu-tools-for-stm32.10.3-2021.10.win32_1.0.0.202111181127/tools/bin/../lib/gcc/arm-none-eabi/10.3.1/thumb/v7e-m+fp/hard/crtbegin.o
                0x000000002000000c                . = ALIGN (0x4)

.bss            0x000000002000000c      0x364 load address 0x0000000008007800
                0x000000002000000c                _sbss = .
                0x000000002000000c                __bss_start__ = _sbss
 *(.bss)
 .bss           0x000000002000000c       0x1c c:/program files (x86)/stm32/stm32cubeide_1.9.0/stm32cubeide/plugins/com.st.stm32cube.ide.mcu.externaltools.gnu-tools-for-stm32.10.3-2021.10.win32_1.0.0.202111181127/tools/bin/../lib/gcc/arm-none-eabi/10.3.1/thumb/v7e-m+fp/hard/crtbegin.o
 *(.bss*)
 .bss.PTT_status
                0x0000000020000028        0x4 ./Core/Src/PTT_handler.o
                0x0000000020000028                PTT_status
 .bss.absRRSensor
                0x000000002000002c       0x20 ./Core/Src/abs.o
                0x000000002000002c                absRRSensor
 .bss.absLRSensor
                0x000000002000004c       0x20 ./Core/Src/abs.o
                0x000000002000004c                absLRSensor
 .bss.hadc1     0x000000002000006c       0x64 ./Core/Src/adc.o
                0x000000002000006c                hadc1
 .bss.hadc2     0x00000000200000d0       0x64 ./Core/Src/adc.o
                0x00000000200000d0                hadc2
 .bss.HAL_RCC_ADC_CLK_ENABLED
                0x0000000020000134        0x4 ./Core/Src/adc.o
 .bss.DampLRSensor
                0x0000000020000138       0x10 ./Core/Src/amorki.o
                0x0000000020000138                DampLRSensor
 .bss.DampRRSensor
                0x0000000020000148       0x10 ./Core/Src/amorki.o
                0x0000000020000148                DampRRSensor
 .bss.BP_Front_Sensor
                0x0000000020000158       0x10 ./Core/Src/break_pressure.o
                0x0000000020000158                BP_Front_Sensor
 .bss.BP_Rear_Sensor
                0x0000000020000168       0x10 ./Core/Src/break_pressure.o
                0x0000000020000168                BP_Rear_Sensor
 .bss.hcan1     0x0000000020000178       0x28 ./Core/Src/can.o
                0x0000000020000178                hcan1
 .bss.filterconfig
                0x00000000200001a0       0x28 ./Core/Src/can_handler.o
 .bss.txMailbox
                0x00000000200001c8        0x4 ./Core/Src/can_handler.o
 .bss.TxHeader  0x00000000200001cc       0x18 ./Core/Src/can_handler.o
 .bss.RxHeader  0x00000000200001e4       0x1c ./Core/Src/can_handler.o
 .bss.can_status
                0x0000000020000200        0x1 ./Core/Src/can_handler.o
                0x0000000020000200                can_status
 *fill*         0x0000000020000201        0x3 
 .bss.PTT       0x0000000020000204        0xc ./Core/Src/can_handler.o
                0x0000000020000204                PTT
 .bss.TX_frame  0x0000000020000210       0x1c ./Core/Src/can_handler.o
                0x0000000020000210                TX_frame
 .bss.hi2c1     0x000000002000022c       0x54 ./Core/Src/i2c.o
                0x000000002000022c                hi2c1
 .bss.hi2c2     0x0000000020000280       0x54 ./Core/Src/i2c.o
                0x0000000020000280                hi2c2
 .bss.htim2     0x00000000200002d4       0x4c ./Core/Src/tim.o
                0x00000000200002d4                htim2
 .bss.htim3     0x0000000020000320       0x4c ./Core/Src/tim.o
                0x0000000020000320                htim3
 .bss.uwTick    0x000000002000036c        0x4 ./Drivers/STM32L4xx_HAL_Driver/Src/stm32l4xx_hal.o
                0x000000002000036c                uwTick
 *(COMMON)
                0x0000000020000370                . = ALIGN (0x4)
                0x0000000020000370                _ebss = .
                0x0000000020000370                __bss_end__ = _ebss

._user_heap_stack
                0x0000000020000370      0x600 load address 0x0000000008007800
                0x0000000020000370                . = ALIGN (0x8)
                [!provide]                        PROVIDE (end = .)
                0x0000000020000370                PROVIDE (_end = .)
                0x0000000020000570                . = (. + _Min_Heap_Size)
 *fill*         0x0000000020000370      0x200 
                0x0000000020000970                . = (. + _Min_Stack_Size)
 *fill*         0x0000000020000570      0x400 
                0x0000000020000970                . = ALIGN (0x8)

/DISCARD/
 libc.a(*)
 libm.a(*)
 libgcc.a(*)

.ARM.attributes
                0x0000000000000000       0x30
 *(.ARM.attributes)
 .ARM.attributes
                0x0000000000000000       0x1e c:/program files (x86)/stm32/stm32cubeide_1.9.0/stm32cubeide/plugins/com.st.stm32cube.ide.mcu.externaltools.gnu-tools-for-stm32.10.3-2021.10.win32_1.0.0.202111181127/tools/bin/../lib/gcc/arm-none-eabi/10.3.1/thumb/v7e-m+fp/hard/crti.o
 .ARM.attributes
                0x000000000000001e       0x34 c:/program files (x86)/stm32/stm32cubeide_1.9.0/stm32cubeide/plugins/com.st.stm32cube.ide.mcu.externaltools.gnu-tools-for-stm32.10.3-2021.10.win32_1.0.0.202111181127/tools/bin/../lib/gcc/arm-none-eabi/10.3.1/thumb/v7e-m+fp/hard/crtbegin.o
 .ARM.attributes
                0x0000000000000052       0x34 ./Core/Src/PTT_handler.o
 .ARM.attributes
                0x0000000000000086       0x34 ./Core/Src/abs.o
 .ARM.attributes
                0x00000000000000ba       0x34 ./Core/Src/adc.o
 .ARM.attributes
                0x00000000000000ee       0x34 ./Core/Src/amorki.o
 .ARM.attributes
                0x0000000000000122       0x34 ./Core/Src/break_pressure.o
 .ARM.attributes
                0x0000000000000156       0x34 ./Core/Src/can.o
 .ARM.attributes
                0x000000000000018a       0x34 ./Core/Src/can_handler.o
 .ARM.attributes
                0x00000000000001be       0x34 ./Core/Src/gpio.o
 .ARM.attributes
                0x00000000000001f2       0x34 ./Core/Src/i2c.o
 .ARM.attributes
                0x0000000000000226       0x34 ./Core/Src/main.o
 .ARM.attributes
                0x000000000000025a       0x34 ./Core/Src/stm32l4xx_hal_msp.o
 .ARM.attributes
                0x000000000000028e       0x34 ./Core/Src/stm32l4xx_it.o
 .ARM.attributes
                0x00000000000002c2       0x34 ./Core/Src/system_stm32l4xx.o
 .ARM.attributes
                0x00000000000002f6       0x34 ./Core/Src/tim.o
 .ARM.attributes
                0x000000000000032a       0x21 ./Core/Startup/startup_stm32l476rgtx.o
 .ARM.attributes
                0x000000000000034b       0x34 ./Drivers/STM32L4xx_HAL_Driver/Src/stm32l4xx_hal.o
 .ARM.attributes
                0x000000000000037f       0x34 ./Drivers/STM32L4xx_HAL_Driver/Src/stm32l4xx_hal_adc.o
 .ARM.attributes
                0x00000000000003b3       0x34 ./Drivers/STM32L4xx_HAL_Driver/Src/stm32l4xx_hal_adc_ex.o
 .ARM.attributes
                0x00000000000003e7       0x34 ./Drivers/STM32L4xx_HAL_Driver/Src/stm32l4xx_hal_can.o
 .ARM.attributes
                0x000000000000041b       0x34 ./Drivers/STM32L4xx_HAL_Driver/Src/stm32l4xx_hal_cortex.o
 .ARM.attributes
                0x000000000000044f       0x34 ./Drivers/STM32L4xx_HAL_Driver/Src/stm32l4xx_hal_dma.o
 .ARM.attributes
                0x0000000000000483       0x34 ./Drivers/STM32L4xx_HAL_Driver/Src/stm32l4xx_hal_gpio.o
 .ARM.attributes
                0x00000000000004b7       0x34 ./Drivers/STM32L4xx_HAL_Driver/Src/stm32l4xx_hal_i2c.o
 .ARM.attributes
                0x00000000000004eb       0x34 ./Drivers/STM32L4xx_HAL_Driver/Src/stm32l4xx_hal_i2c_ex.o
 .ARM.attributes
                0x000000000000051f       0x34 ./Drivers/STM32L4xx_HAL_Driver/Src/stm32l4xx_hal_pwr_ex.o
 .ARM.attributes
                0x0000000000000553       0x34 ./Drivers/STM32L4xx_HAL_Driver/Src/stm32l4xx_hal_rcc.o
 .ARM.attributes
                0x0000000000000587       0x34 ./Drivers/STM32L4xx_HAL_Driver/Src/stm32l4xx_hal_rcc_ex.o
 .ARM.attributes
                0x00000000000005bb       0x34 ./Drivers/STM32L4xx_HAL_Driver/Src/stm32l4xx_hal_tim.o
 .ARM.attributes
                0x00000000000005ef       0x34 ./Drivers/STM32L4xx_HAL_Driver/Src/stm32l4xx_hal_tim_ex.o
 .ARM.attributes
                0x0000000000000623       0x34 c:/program files (x86)/stm32/stm32cubeide_1.9.0/stm32cubeide/plugins/com.st.stm32cube.ide.mcu.externaltools.gnu-tools-for-stm32.10.3-2021.10.win32_1.0.0.202111181127/tools/bin/../lib/gcc/arm-none-eabi/10.3.1/../../../../arm-none-eabi/lib/thumb/v7e-m+fp/hard\libc_nano.a(lib_a-init.o)
 .ARM.attributes
                0x0000000000000657       0x34 c:/program files (x86)/stm32/stm32cubeide_1.9.0/stm32cubeide/plugins/com.st.stm32cube.ide.mcu.externaltools.gnu-tools-for-stm32.10.3-2021.10.win32_1.0.0.202111181127/tools/bin/../lib/gcc/arm-none-eabi/10.3.1/../../../../arm-none-eabi/lib/thumb/v7e-m+fp/hard\libc_nano.a(lib_a-memset.o)
 .ARM.attributes
                0x000000000000068b       0x1e c:/program files (x86)/stm32/stm32cubeide_1.9.0/stm32cubeide/plugins/com.st.stm32cube.ide.mcu.externaltools.gnu-tools-for-stm32.10.3-2021.10.win32_1.0.0.202111181127/tools/bin/../lib/gcc/arm-none-eabi/10.3.1/thumb/v7e-m+fp/hard/crtn.o
OUTPUT(Telem_back.elf elf32-littlearm)
LOAD linker stubs
LOAD c:/program files (x86)/stm32/stm32cubeide_1.9.0/stm32cubeide/plugins/com.st.stm32cube.ide.mcu.externaltools.gnu-tools-for-stm32.10.3-2021.10.win32_1.0.0.202111181127/tools/bin/../lib/gcc/arm-none-eabi/10.3.1/../../../../arm-none-eabi/lib/thumb/v7e-m+fp/hard\libc.a
LOAD c:/program files (x86)/stm32/stm32cubeide_1.9.0/stm32cubeide/plugins/com.st.stm32cube.ide.mcu.externaltools.gnu-tools-for-stm32.10.3-2021.10.win32_1.0.0.202111181127/tools/bin/../lib/gcc/arm-none-eabi/10.3.1/../../../../arm-none-eabi/lib/thumb/v7e-m+fp/hard\libm.a
LOAD c:/program files (x86)/stm32/stm32cubeide_1.9.0/stm32cubeide/plugins/com.st.stm32cube.ide.mcu.externaltools.gnu-tools-for-stm32.10.3-2021.10.win32_1.0.0.202111181127/tools/bin/../lib/gcc/arm-none-eabi/10.3.1/thumb/v7e-m+fp/hard\libgcc.a

.debug_info     0x0000000000000000    0x1ad1f
 .debug_info    0x0000000000000000       0xd5 ./Core/Src/PTT_handler.o
 .debug_info    0x00000000000000d5      0x8e0 ./Core/Src/abs.o
 .debug_info    0x00000000000009b5      0xd28 ./Core/Src/adc.o
 .debug_info    0x00000000000016dd      0x9f7 ./Core/Src/amorki.o
 .debug_info    0x00000000000020d4      0x9f6 ./Core/Src/break_pressure.o
 .debug_info    0x0000000000002aca      0xbbe ./Core/Src/can.o
 .debug_info    0x0000000000003688     0x15d1 ./Core/Src/can_handler.o
 .debug_info    0x0000000000004c59      0x4ef ./Core/Src/gpio.o
 .debug_info    0x0000000000005148      0xff7 ./Core/Src/i2c.o
 .debug_info    0x000000000000613f     0x1887 ./Core/Src/main.o
 .debug_info    0x00000000000079c6      0x308 ./Core/Src/stm32l4xx_hal_msp.o
 .debug_info    0x0000000000007cce      0xf88 ./Core/Src/stm32l4xx_it.o
 .debug_info    0x0000000000008c56      0x5c6 ./Core/Src/system_stm32l4xx.o
 .debug_info    0x000000000000921c     0x1090 ./Core/Src/tim.o
 .debug_info    0x000000000000a2ac       0x22 ./Core/Startup/startup_stm32l476rgtx.o
 .debug_info    0x000000000000a2ce      0xb35 ./Drivers/STM32L4xx_HAL_Driver/Src/stm32l4xx_hal.o
 .debug_info    0x000000000000ae03     0x1e84 ./Drivers/STM32L4xx_HAL_Driver/Src/stm32l4xx_hal_adc.o
 .debug_info    0x000000000000cc87     0x1beb ./Drivers/STM32L4xx_HAL_Driver/Src/stm32l4xx_hal_adc_ex.o
 .debug_info    0x000000000000e872     0x102c ./Drivers/STM32L4xx_HAL_Driver/Src/stm32l4xx_hal_can.o
 .debug_info    0x000000000000f89e      0xe21 ./Drivers/STM32L4xx_HAL_Driver/Src/stm32l4xx_hal_cortex.o
 .debug_info    0x00000000000106bf      0x76a ./Drivers/STM32L4xx_HAL_Driver/Src/stm32l4xx_hal_dma.o
 .debug_info    0x0000000000010e29      0x821 ./Drivers/STM32L4xx_HAL_Driver/Src/stm32l4xx_hal_gpio.o
 .debug_info    0x000000000001164a     0x2232 ./Drivers/STM32L4xx_HAL_Driver/Src/stm32l4xx_hal_i2c.o
 .debug_info    0x000000000001387c      0xa45 ./Drivers/STM32L4xx_HAL_Driver/Src/stm32l4xx_hal_i2c_ex.o
 .debug_info    0x00000000000142c1      0x9f0 ./Drivers/STM32L4xx_HAL_Driver/Src/stm32l4xx_hal_pwr_ex.o
 .debug_info    0x0000000000014cb1      0xced ./Drivers/STM32L4xx_HAL_Driver/Src/stm32l4xx_hal_rcc.o
 .debug_info    0x000000000001599e      0xe92 ./Drivers/STM32L4xx_HAL_Driver/Src/stm32l4xx_hal_rcc_ex.o
 .debug_info    0x0000000000016830     0x2d04 ./Drivers/STM32L4xx_HAL_Driver/Src/stm32l4xx_hal_tim.o
 .debug_info    0x0000000000019534     0x17eb ./Drivers/STM32L4xx_HAL_Driver/Src/stm32l4xx_hal_tim_ex.o

.debug_abbrev   0x0000000000000000     0x39d9
 .debug_abbrev  0x0000000000000000       0x94 ./Core/Src/PTT_handler.o
 .debug_abbrev  0x0000000000000094      0x1e9 ./Core/Src/abs.o
 .debug_abbrev  0x000000000000027d      0x1e0 ./Core/Src/adc.o
 .debug_abbrev  0x000000000000045d      0x213 ./Core/Src/amorki.o
 .debug_abbrev  0x0000000000000670      0x224 ./Core/Src/break_pressure.o
 .debug_abbrev  0x0000000000000894      0x20a ./Core/Src/can.o
 .debug_abbrev  0x0000000000000a9e      0x25d ./Core/Src/can_handler.o
 .debug_abbrev  0x0000000000000cfb      0x146 ./Core/Src/gpio.o
 .debug_abbrev  0x0000000000000e41      0x20b ./Core/Src/i2c.o
 .debug_abbrev  0x000000000000104c      0x2c2 ./Core/Src/main.o
 .debug_abbrev  0x000000000000130e       0xc2 ./Core/Src/stm32l4xx_hal_msp.o
 .debug_abbrev  0x00000000000013d0      0x1eb ./Core/Src/stm32l4xx_it.o
 .debug_abbrev  0x00000000000015bb      0x116 ./Core/Src/system_stm32l4xx.o
 .debug_abbrev  0x00000000000016d1      0x203 ./Core/Src/tim.o
 .debug_abbrev  0x00000000000018d4       0x12 ./Core/Startup/startup_stm32l476rgtx.o
 .debug_abbrev  0x00000000000018e6      0x23a ./Drivers/STM32L4xx_HAL_Driver/Src/stm32l4xx_hal.o
 .debug_abbrev  0x0000000000001b20      0x2bf ./Drivers/STM32L4xx_HAL_Driver/Src/stm32l4xx_hal_adc.o
 .debug_abbrev  0x0000000000001ddf      0x2da ./Drivers/STM32L4xx_HAL_Driver/Src/stm32l4xx_hal_adc_ex.o
 .debug_abbrev  0x00000000000020b9      0x26c ./Drivers/STM32L4xx_HAL_Driver/Src/stm32l4xx_hal_can.o
 .debug_abbrev  0x0000000000002325      0x316 ./Drivers/STM32L4xx_HAL_Driver/Src/stm32l4xx_hal_cortex.o
 .debug_abbrev  0x000000000000263b      0x1d7 ./Drivers/STM32L4xx_HAL_Driver/Src/stm32l4xx_hal_dma.o
 .debug_abbrev  0x0000000000002812      0x1bb ./Drivers/STM32L4xx_HAL_Driver/Src/stm32l4xx_hal_gpio.o
 .debug_abbrev  0x00000000000029cd      0x243 ./Drivers/STM32L4xx_HAL_Driver/Src/stm32l4xx_hal_i2c.o
 .debug_abbrev  0x0000000000002c10      0x1b0 ./Drivers/STM32L4xx_HAL_Driver/Src/stm32l4xx_hal_i2c_ex.o
 .debug_abbrev  0x0000000000002dc0      0x1f3 ./Drivers/STM32L4xx_HAL_Driver/Src/stm32l4xx_hal_pwr_ex.o
 .debug_abbrev  0x0000000000002fb3      0x2bd ./Drivers/STM32L4xx_HAL_Driver/Src/stm32l4xx_hal_rcc.o
 .debug_abbrev  0x0000000000003270      0x299 ./Drivers/STM32L4xx_HAL_Driver/Src/stm32l4xx_hal_rcc_ex.o
 .debug_abbrev  0x0000000000003509      0x264 ./Drivers/STM32L4xx_HAL_Driver/Src/stm32l4xx_hal_tim.o
 .debug_abbrev  0x000000000000376d      0x26c ./Drivers/STM32L4xx_HAL_Driver/Src/stm32l4xx_hal_tim_ex.o

.debug_aranges  0x0000000000000000     0x1698
 .debug_aranges
                0x0000000000000000       0x20 ./Core/Src/PTT_handler.o
 .debug_aranges
                0x0000000000000020       0x30 ./Core/Src/abs.o
 .debug_aranges
                0x0000000000000050       0x38 ./Core/Src/adc.o
 .debug_aranges
                0x0000000000000088       0x48 ./Core/Src/amorki.o
 .debug_aranges
                0x00000000000000d0       0x48 ./Core/Src/break_pressure.o
 .debug_aranges
                0x0000000000000118       0x30 ./Core/Src/can.o
 .debug_aranges
                0x0000000000000148       0x68 ./Core/Src/can_handler.o
 .debug_aranges
                0x00000000000001b0       0x20 ./Core/Src/gpio.o
 .debug_aranges
                0x00000000000001d0       0x38 ./Core/Src/i2c.o
 .debug_aranges
                0x0000000000000208       0x38 ./Core/Src/main.o
 .debug_aranges
                0x0000000000000240       0x20 ./Core/Src/stm32l4xx_hal_msp.o
 .debug_aranges
                0x0000000000000260       0x98 ./Core/Src/stm32l4xx_it.o
 .debug_aranges
                0x00000000000002f8       0x28 ./Core/Src/system_stm32l4xx.o
 .debug_aranges
                0x0000000000000320       0x38 ./Core/Src/tim.o
 .debug_aranges
                0x0000000000000358       0x28 ./Core/Startup/startup_stm32l476rgtx.o
 .debug_aranges
                0x0000000000000380      0x130 ./Drivers/STM32L4xx_HAL_Driver/Src/stm32l4xx_hal.o
 .debug_aranges
                0x00000000000004b0      0x220 ./Drivers/STM32L4xx_HAL_Driver/Src/stm32l4xx_hal_adc.o
 .debug_aranges
                0x00000000000006d0      0x1a8 ./Drivers/STM32L4xx_HAL_Driver/Src/stm32l4xx_hal_adc_ex.o
 .debug_aranges
                0x0000000000000878      0x138 ./Drivers/STM32L4xx_HAL_Driver/Src/stm32l4xx_hal_can.o
 .debug_aranges
                0x00000000000009b0      0x118 ./Drivers/STM32L4xx_HAL_Driver/Src/stm32l4xx_hal_cortex.o
 .debug_aranges
                0x0000000000000ac8       0x80 ./Drivers/STM32L4xx_HAL_Driver/Src/stm32l4xx_hal_dma.o
 .debug_aranges
                0x0000000000000b48       0x58 ./Drivers/STM32L4xx_HAL_Driver/Src/stm32l4xx_hal_gpio.o
 .debug_aranges
                0x0000000000000ba0      0x2a0 ./Drivers/STM32L4xx_HAL_Driver/Src/stm32l4xx_hal_i2c.o
 .debug_aranges
                0x0000000000000e40       0x48 ./Drivers/STM32L4xx_HAL_Driver/Src/stm32l4xx_hal_i2c_ex.o
 .debug_aranges
                0x0000000000000e88      0x160 ./Drivers/STM32L4xx_HAL_Driver/Src/stm32l4xx_hal_pwr_ex.o
 .debug_aranges
                0x0000000000000fe8       0x90 ./Drivers/STM32L4xx_HAL_Driver/Src/stm32l4xx_hal_rcc.o
 .debug_aranges
                0x0000000000001078       0xc0 ./Drivers/STM32L4xx_HAL_Driver/Src/stm32l4xx_hal_rcc_ex.o
 .debug_aranges
                0x0000000000001138      0x3e0 ./Drivers/STM32L4xx_HAL_Driver/Src/stm32l4xx_hal_tim.o
 .debug_aranges
                0x0000000000001518      0x180 ./Drivers/STM32L4xx_HAL_Driver/Src/stm32l4xx_hal_tim_ex.o

.debug_ranges   0x0000000000000000     0x14d0
 .debug_ranges  0x0000000000000000       0x10 ./Core/Src/PTT_handler.o
 .debug_ranges  0x0000000000000010       0x20 ./Core/Src/abs.o
 .debug_ranges  0x0000000000000030       0x28 ./Core/Src/adc.o
 .debug_ranges  0x0000000000000058       0x38 ./Core/Src/amorki.o
 .debug_ranges  0x0000000000000090       0x38 ./Core/Src/break_pressure.o
 .debug_ranges  0x00000000000000c8       0x20 ./Core/Src/can.o
 .debug_ranges  0x00000000000000e8       0x58 ./Core/Src/can_handler.o
 .debug_ranges  0x0000000000000140       0x10 ./Core/Src/gpio.o
 .debug_ranges  0x0000000000000150       0x28 ./Core/Src/i2c.o
 .debug_ranges  0x0000000000000178       0x28 ./Core/Src/main.o
 .debug_ranges  0x00000000000001a0       0x10 ./Core/Src/stm32l4xx_hal_msp.o
 .debug_ranges  0x00000000000001b0       0x88 ./Core/Src/stm32l4xx_it.o
 .debug_ranges  0x0000000000000238       0x18 ./Core/Src/system_stm32l4xx.o
 .debug_ranges  0x0000000000000250       0x28 ./Core/Src/tim.o
 .debug_ranges  0x0000000000000278       0x20 ./Core/Startup/startup_stm32l476rgtx.o
 .debug_ranges  0x0000000000000298      0x120 ./Drivers/STM32L4xx_HAL_Driver/Src/stm32l4xx_hal.o
 .debug_ranges  0x00000000000003b8      0x210 ./Drivers/STM32L4xx_HAL_Driver/Src/stm32l4xx_hal_adc.o
 .debug_ranges  0x00000000000005c8      0x198 ./Drivers/STM32L4xx_HAL_Driver/Src/stm32l4xx_hal_adc_ex.o
 .debug_ranges  0x0000000000000760      0x128 ./Drivers/STM32L4xx_HAL_Driver/Src/stm32l4xx_hal_can.o
 .debug_ranges  0x0000000000000888      0x108 ./Drivers/STM32L4xx_HAL_Driver/Src/stm32l4xx_hal_cortex.o
 .debug_ranges  0x0000000000000990       0x70 ./Drivers/STM32L4xx_HAL_Driver/Src/stm32l4xx_hal_dma.o
 .debug_ranges  0x0000000000000a00       0x48 ./Drivers/STM32L4xx_HAL_Driver/Src/stm32l4xx_hal_gpio.o
 .debug_ranges  0x0000000000000a48      0x290 ./Drivers/STM32L4xx_HAL_Driver/Src/stm32l4xx_hal_i2c.o
 .debug_ranges  0x0000000000000cd8       0x38 ./Drivers/STM32L4xx_HAL_Driver/Src/stm32l4xx_hal_i2c_ex.o
 .debug_ranges  0x0000000000000d10      0x150 ./Drivers/STM32L4xx_HAL_Driver/Src/stm32l4xx_hal_pwr_ex.o
 .debug_ranges  0x0000000000000e60       0x80 ./Drivers/STM32L4xx_HAL_Driver/Src/stm32l4xx_hal_rcc.o
 .debug_ranges  0x0000000000000ee0       0xb0 ./Drivers/STM32L4xx_HAL_Driver/Src/stm32l4xx_hal_rcc_ex.o
 .debug_ranges  0x0000000000000f90      0x3d0 ./Drivers/STM32L4xx_HAL_Driver/Src/stm32l4xx_hal_tim.o
 .debug_ranges  0x0000000000001360      0x170 ./Drivers/STM32L4xx_HAL_Driver/Src/stm32l4xx_hal_tim_ex.o

.debug_macro    0x0000000000000000    0x2a43a
 .debug_macro   0x0000000000000000      0x208 ./Core/Src/PTT_handler.o
 .debug_macro   0x0000000000000208      0xa78 ./Core/Src/PTT_handler.o
 .debug_macro   0x0000000000000c80      0x1b3 ./Core/Src/PTT_handler.o
 .debug_macro   0x0000000000000e33       0x2e ./Core/Src/PTT_handler.o
 .debug_macro   0x0000000000000e61       0x28 ./Core/Src/PTT_handler.o
 .debug_macro   0x0000000000000e89       0x22 ./Core/Src/PTT_handler.o
 .debug_macro   0x0000000000000eab       0x8e ./Core/Src/PTT_handler.o
 .debug_macro   0x0000000000000f39       0x51 ./Core/Src/PTT_handler.o
 .debug_macro   0x0000000000000f8a      0x103 ./Core/Src/PTT_handler.o
 .debug_macro   0x000000000000108d       0x6a ./Core/Src/PTT_handler.o
 .debug_macro   0x00000000000010f7      0x1df ./Core/Src/PTT_handler.o
 .debug_macro   0x00000000000012d6       0x1c ./Core/Src/PTT_handler.o
 .debug_macro   0x00000000000012f2       0x22 ./Core/Src/PTT_handler.o
 .debug_macro   0x0000000000001314       0xfb ./Core/Src/PTT_handler.o
 .debug_macro   0x000000000000140f     0x1011 ./Core/Src/PTT_handler.o
 .debug_macro   0x0000000000002420      0x11f ./Core/Src/PTT_handler.o
 .debug_macro   0x000000000000253f    0x1a17a ./Core/Src/PTT_handler.o
 .debug_macro   0x000000000001c6b9       0x6d ./Core/Src/PTT_handler.o
 .debug_macro   0x000000000001c726     0x38e6 ./Core/Src/PTT_handler.o
 .debug_macro   0x000000000002000c      0x174 ./Core/Src/PTT_handler.o
 .debug_macro   0x0000000000020180       0x5c ./Core/Src/PTT_handler.o
 .debug_macro   0x00000000000201dc     0x159e ./Core/Src/PTT_handler.o
 .debug_macro   0x000000000002177a      0x5a5 ./Core/Src/PTT_handler.o
 .debug_macro   0x0000000000021d1f      0x1b9 ./Core/Src/PTT_handler.o
 .debug_macro   0x0000000000021ed8      0x18b ./Core/Src/PTT_handler.o
 .debug_macro   0x0000000000022063      0x26b ./Core/Src/PTT_handler.o
 .debug_macro   0x00000000000222ce      0x23d ./Core/Src/PTT_handler.o
 .debug_macro   0x000000000002250b      0xf8a ./Core/Src/PTT_handler.o
 .debug_macro   0x0000000000023495      0x632 ./Core/Src/PTT_handler.o
 .debug_macro   0x0000000000023ac7      0x30c ./Core/Src/PTT_handler.o
 .debug_macro   0x0000000000023dd3      0x408 ./Core/Src/PTT_handler.o
 .debug_macro   0x00000000000241db      0x241 ./Core/Src/PTT_handler.o
 .debug_macro   0x000000000002441c      0x37c ./Core/Src/PTT_handler.o
 .debug_macro   0x0000000000024798       0xd6 ./Core/Src/PTT_handler.o
 .debug_macro   0x000000000002486e      0x22c ./Core/Src/PTT_handler.o
 .debug_macro   0x0000000000024a9a       0x61 ./Core/Src/PTT_handler.o
 .debug_macro   0x0000000000024afb       0xa5 ./Core/Src/PTT_handler.o
 .debug_macro   0x0000000000024ba0      0x122 ./Core/Src/PTT_handler.o
 .debug_macro   0x0000000000024cc2      0x3ef ./Core/Src/PTT_handler.o
 .debug_macro   0x00000000000250b1      0xa91 ./Core/Src/PTT_handler.o
 .debug_macro   0x0000000000025b42      0x1e6 ./Core/Src/PTT_handler.o
 .debug_macro   0x0000000000025d28      0x330 ./Core/Src/PTT_handler.o
 .debug_macro   0x0000000000026058      0x2c0 ./Core/Src/abs.o
 .debug_macro   0x0000000000026318       0x4c ./Core/Src/abs.o
 .debug_macro   0x0000000000026364       0x52 ./Core/Src/abs.o
 .debug_macro   0x00000000000263b6       0x1e ./Core/Src/abs.o
 .debug_macro   0x00000000000263d4       0x3c ./Core/Src/abs.o
 .debug_macro   0x0000000000026410       0x34 ./Core/Src/abs.o
 .debug_macro   0x0000000000026444       0x16 ./Core/Src/abs.o
 .debug_macro   0x000000000002645a       0x43 ./Core/Src/abs.o
 .debug_macro   0x000000000002649d       0x34 ./Core/Src/abs.o
 .debug_macro   0x00000000000264d1       0x10 ./Core/Src/abs.o
 .debug_macro   0x00000000000264e1       0x58 ./Core/Src/abs.o
 .debug_macro   0x0000000000026539       0x71 ./Core/Src/abs.o
 .debug_macro   0x00000000000265aa       0x1c ./Core/Src/abs.o
 .debug_macro   0x00000000000265c6      0x12a ./Core/Src/abs.o
 .debug_macro   0x00000000000266f0      0x341 ./Core/Src/abs.o
 .debug_macro   0x0000000000026a31      0x19b ./Core/Src/abs.o
 .debug_macro   0x0000000000026bcc      0x20b ./Core/Src/adc.o
 .debug_macro   0x0000000000026dd7      0x214 ./Core/Src/amorki.o
 .debug_macro   0x0000000000026feb       0x10 ./Core/Src/amorki.o
 .debug_macro   0x0000000000026ffb      0x214 ./Core/Src/break_pressure.o
 .debug_macro   0x000000000002720f       0x16 ./Core/Src/break_pressure.o
 .debug_macro   0x0000000000027225      0x20b ./Core/Src/can.o
 .debug_macro   0x0000000000027430      0x305 ./Core/Src/can_handler.o
 .debug_macro   0x0000000000027735       0x52 ./Core/Src/can_handler.o
 .debug_macro   0x0000000000027787       0x3a ./Core/Src/can_handler.o
 .debug_macro   0x00000000000277c1      0x20b ./Core/Src/gpio.o
 .debug_macro   0x00000000000279cc      0x20b ./Core/Src/i2c.o
 .debug_macro   0x0000000000027bd7      0x32f ./Core/Src/main.o
 .debug_macro   0x0000000000027f06      0x201 ./Core/Src/stm32l4xx_hal_msp.o
 .debug_macro   0x0000000000028107      0x20b ./Core/Src/stm32l4xx_it.o
 .debug_macro   0x0000000000028312      0x1f2 ./Core/Src/system_stm32l4xx.o
 .debug_macro   0x0000000000028504      0x20b ./Core/Src/tim.o
 .debug_macro   0x000000000002870f      0x240 ./Drivers/STM32L4xx_HAL_Driver/Src/stm32l4xx_hal.o
 .debug_macro   0x000000000002894f      0x20f ./Drivers/STM32L4xx_HAL_Driver/Src/stm32l4xx_hal_adc.o
 .debug_macro   0x0000000000028b5e      0x1fe ./Drivers/STM32L4xx_HAL_Driver/Src/stm32l4xx_hal_adc_ex.o
 .debug_macro   0x0000000000028d5c      0x1fa ./Drivers/STM32L4xx_HAL_Driver/Src/stm32l4xx_hal_can.o
 .debug_macro   0x0000000000028f56      0x1f2 ./Drivers/STM32L4xx_HAL_Driver/Src/stm32l4xx_hal_cortex.o
 .debug_macro   0x0000000000029148      0x1f2 ./Drivers/STM32L4xx_HAL_Driver/Src/stm32l4xx_hal_dma.o
 .debug_macro   0x000000000002933a      0x1f9 ./Drivers/STM32L4xx_HAL_Driver/Src/stm32l4xx_hal_gpio.o
 .debug_macro   0x0000000000029533      0x2be ./Drivers/STM32L4xx_HAL_Driver/Src/stm32l4xx_hal_i2c.o
 .debug_macro   0x00000000000297f1      0x1f2 ./Drivers/STM32L4xx_HAL_Driver/Src/stm32l4xx_hal_i2c_ex.o
 .debug_macro   0x00000000000299e3      0x216 ./Drivers/STM32L4xx_HAL_Driver/Src/stm32l4xx_hal_pwr_ex.o
 .debug_macro   0x0000000000029bf9      0x234 ./Drivers/STM32L4xx_HAL_Driver/Src/stm32l4xx_hal_rcc.o
 .debug_macro   0x0000000000029e2d      0x228 ./Drivers/STM32L4xx_HAL_Driver/Src/stm32l4xx_hal_rcc_ex.o
 .debug_macro   0x000000000002a055      0x1f3 ./Drivers/STM32L4xx_HAL_Driver/Src/stm32l4xx_hal_tim.o
 .debug_macro   0x000000000002a248      0x1f2 ./Drivers/STM32L4xx_HAL_Driver/Src/stm32l4xx_hal_tim_ex.o

.debug_line     0x0000000000000000    0x1c932
 .debug_line    0x0000000000000000      0x7b2 ./Core/Src/PTT_handler.o
 .debug_line    0x00000000000007b2      0xa95 ./Core/Src/abs.o
 .debug_line    0x0000000000001247      0x91b ./Core/Src/adc.o
 .debug_line    0x0000000000001b62      0x8af ./Core/Src/amorki.o
 .debug_line    0x0000000000002411      0x8c3 ./Core/Src/break_pressure.o
 .debug_line    0x0000000000002cd4      0x811 ./Core/Src/can.o
 .debug_line    0x00000000000034e5      0xbb5 ./Core/Src/can_handler.o
 .debug_line    0x000000000000409a      0x7be ./Core/Src/gpio.o
 .debug_line    0x0000000000004858      0x8cc ./Core/Src/i2c.o
 .debug_line    0x0000000000005124      0xb0d ./Core/Src/main.o
 .debug_line    0x0000000000005c31      0x7a0 ./Core/Src/stm32l4xx_hal_msp.o
 .debug_line    0x00000000000063d1      0x90b ./Core/Src/stm32l4xx_it.o
 .debug_line    0x0000000000006cdc      0x838 ./Core/Src/system_stm32l4xx.o
 .debug_line    0x0000000000007514      0x911 ./Core/Src/tim.o
 .debug_line    0x0000000000007e25       0x88 ./Core/Startup/startup_stm32l476rgtx.o
 .debug_line    0x0000000000007ead      0xb90 ./Drivers/STM32L4xx_HAL_Driver/Src/stm32l4xx_hal.o
 .debug_line    0x0000000000008a3d     0x1eff ./Drivers/STM32L4xx_HAL_Driver/Src/stm32l4xx_hal_adc.o
 .debug_line    0x000000000000a93c     0x1912 ./Drivers/STM32L4xx_HAL_Driver/Src/stm32l4xx_hal_adc_ex.o
 .debug_line    0x000000000000c24e     0x11ec ./Drivers/STM32L4xx_HAL_Driver/Src/stm32l4xx_hal_can.o
 .debug_line    0x000000000000d43a      0xd37 ./Drivers/STM32L4xx_HAL_Driver/Src/stm32l4xx_hal_cortex.o
 .debug_line    0x000000000000e171      0xd6f ./Drivers/STM32L4xx_HAL_Driver/Src/stm32l4xx_hal_dma.o
 .debug_line    0x000000000000eee0      0xc04 ./Drivers/STM32L4xx_HAL_Driver/Src/stm32l4xx_hal_gpio.o
 .debug_line    0x000000000000fae4     0x3722 ./Drivers/STM32L4xx_HAL_Driver/Src/stm32l4xx_hal_i2c.o
 .debug_line    0x0000000000013206      0x9be ./Drivers/STM32L4xx_HAL_Driver/Src/stm32l4xx_hal_i2c_ex.o
 .debug_line    0x0000000000013bc4      0xd88 ./Drivers/STM32L4xx_HAL_Driver/Src/stm32l4xx_hal_pwr_ex.o
 .debug_line    0x000000000001494c     0x100a ./Drivers/STM32L4xx_HAL_Driver/Src/stm32l4xx_hal_rcc.o
 .debug_line    0x0000000000015956     0x1549 ./Drivers/STM32L4xx_HAL_Driver/Src/stm32l4xx_hal_rcc_ex.o
 .debug_line    0x0000000000016e9f     0x3dfd ./Drivers/STM32L4xx_HAL_Driver/Src/stm32l4xx_hal_tim.o
 .debug_line    0x000000000001ac9c     0x1c96 ./Drivers/STM32L4xx_HAL_Driver/Src/stm32l4xx_hal_tim_ex.o

.debug_str      0x0000000000000000   0x105d91
 .debug_str     0x0000000000000000    0xfb509 ./Core/Src/PTT_handler.o
                                      0xfb9bb (size before relaxing)
 .debug_str     0x00000000000fb509     0x3c45 ./Core/Src/abs.o
                                      0xff674 (size before relaxing)
 .debug_str     0x00000000000ff14e      0x4fc ./Core/Src/adc.o
                                      0xfc258 (size before relaxing)
 .debug_str     0x00000000000ff64a      0x11a ./Core/Src/amorki.o
                                      0xfc0fe (size before relaxing)
 .debug_str     0x00000000000ff764       0xc6 ./Core/Src/break_pressure.o
                                      0xfc111 (size before relaxing)
 .debug_str     0x00000000000ff82a      0x6e9 ./Core/Src/can.o
                                      0xfc4a9 (size before relaxing)
 .debug_str     0x00000000000fff13      0x379 ./Core/Src/can_handler.o
                                      0xfff0b (size before relaxing)
 .debug_str     0x000000000010028c       0x68 ./Core/Src/gpio.o
                                      0xfbcc0 (size before relaxing)
 .debug_str     0x00000000001002f4      0x552 ./Core/Src/i2c.o
                                      0xfc9d7 (size before relaxing)
 .debug_str     0x0000000000100846      0x267 ./Core/Src/main.o
                                     0x10030e (size before relaxing)
 .debug_str     0x0000000000100aad       0x2c ./Core/Src/stm32l4xx_hal_msp.o
                                      0xfbbf0 (size before relaxing)
 .debug_str     0x0000000000100ad9      0x19b ./Core/Src/stm32l4xx_it.o
                                      0xfc6a7 (size before relaxing)
 .debug_str     0x0000000000100c74       0xf2 ./Core/Src/system_stm32l4xx.o
                                      0xfbb99 (size before relaxing)
 .debug_str     0x0000000000100d66      0x1f4 ./Core/Src/tim.o
                                      0xfc965 (size before relaxing)
 .debug_str     0x0000000000100f5a       0x36 ./Core/Startup/startup_stm32l476rgtx.o
                                         0x73 (size before relaxing)
 .debug_str     0x0000000000100f90      0x63a ./Drivers/STM32L4xx_HAL_Driver/Src/stm32l4xx_hal.o
                                      0xfc72c (size before relaxing)
 .debug_str     0x00000000001015ca      0xa53 ./Drivers/STM32L4xx_HAL_Driver/Src/stm32l4xx_hal_adc.o
                                      0xfc9f8 (size before relaxing)
 .debug_str     0x000000000010201d      0x631 ./Drivers/STM32L4xx_HAL_Driver/Src/stm32l4xx_hal_adc_ex.o
                                      0xfc97d (size before relaxing)
 .debug_str     0x000000000010264e      0x3cb ./Drivers/STM32L4xx_HAL_Driver/Src/stm32l4xx_hal_can.o
                                      0xfc227 (size before relaxing)
 .debug_str     0x0000000000102a19      0x31d ./Drivers/STM32L4xx_HAL_Driver/Src/stm32l4xx_hal_cortex.o
                                      0xfc3e0 (size before relaxing)
 .debug_str     0x0000000000102d36      0x239 ./Drivers/STM32L4xx_HAL_Driver/Src/stm32l4xx_hal_dma.o
                                      0xfbe03 (size before relaxing)
 .debug_str     0x0000000000102f6f      0x123 ./Drivers/STM32L4xx_HAL_Driver/Src/stm32l4xx_hal_gpio.o
                                      0xfbd12 (size before relaxing)
 .debug_str     0x0000000000103092      0xd7f ./Drivers/STM32L4xx_HAL_Driver/Src/stm32l4xx_hal_i2c.o
                                      0xfcd9d (size before relaxing)
 .debug_str     0x0000000000103e11       0xb8 ./Drivers/STM32L4xx_HAL_Driver/Src/stm32l4xx_hal_i2c_ex.o
                                      0xfc0d0 (size before relaxing)
 .debug_str     0x0000000000103ec9      0x4d3 ./Drivers/STM32L4xx_HAL_Driver/Src/stm32l4xx_hal_pwr_ex.o
                                      0xfc0f4 (size before relaxing)
 .debug_str     0x000000000010439c      0x3a1 ./Drivers/STM32L4xx_HAL_Driver/Src/stm32l4xx_hal_rcc.o
                                      0xfc1df (size before relaxing)
 .debug_str     0x000000000010473d      0x3bf ./Drivers/STM32L4xx_HAL_Driver/Src/stm32l4xx_hal_rcc_ex.o
                                      0xfc358 (size before relaxing)
 .debug_str     0x0000000000104afc      0xd16 ./Drivers/STM32L4xx_HAL_Driver/Src/stm32l4xx_hal_tim.o
                                      0xfcec9 (size before relaxing)
 .debug_str     0x0000000000105812      0x57f ./Drivers/STM32L4xx_HAL_Driver/Src/stm32l4xx_hal_tim_ex.o
                                      0xfc7ed (size before relaxing)

.comment        0x0000000000000000       0x50
 .comment       0x0000000000000000       0x50 ./Core/Src/PTT_handler.o
                                         0x51 (size before relaxing)
 .comment       0x0000000000000050       0x51 ./Core/Src/abs.o
 .comment       0x0000000000000050       0x51 ./Core/Src/adc.o
 .comment       0x0000000000000050       0x51 ./Core/Src/amorki.o
 .comment       0x0000000000000050       0x51 ./Core/Src/break_pressure.o
 .comment       0x0000000000000050       0x51 ./Core/Src/can.o
 .comment       0x0000000000000050       0x51 ./Core/Src/can_handler.o
 .comment       0x0000000000000050       0x51 ./Core/Src/gpio.o
 .comment       0x0000000000000050       0x51 ./Core/Src/i2c.o
 .comment       0x0000000000000050       0x51 ./Core/Src/main.o
 .comment       0x0000000000000050       0x51 ./Core/Src/stm32l4xx_hal_msp.o
 .comment       0x0000000000000050       0x51 ./Core/Src/stm32l4xx_it.o
 .comment       0x0000000000000050       0x51 ./Core/Src/system_stm32l4xx.o
 .comment       0x0000000000000050       0x51 ./Core/Src/tim.o
 .comment       0x0000000000000050       0x51 ./Drivers/STM32L4xx_HAL_Driver/Src/stm32l4xx_hal.o
 .comment       0x0000000000000050       0x51 ./Drivers/STM32L4xx_HAL_Driver/Src/stm32l4xx_hal_adc.o
 .comment       0x0000000000000050       0x51 ./Drivers/STM32L4xx_HAL_Driver/Src/stm32l4xx_hal_adc_ex.o
 .comment       0x0000000000000050       0x51 ./Drivers/STM32L4xx_HAL_Driver/Src/stm32l4xx_hal_can.o
 .comment       0x0000000000000050       0x51 ./Drivers/STM32L4xx_HAL_Driver/Src/stm32l4xx_hal_cortex.o
 .comment       0x0000000000000050       0x51 ./Drivers/STM32L4xx_HAL_Driver/Src/stm32l4xx_hal_dma.o
 .comment       0x0000000000000050       0x51 ./Drivers/STM32L4xx_HAL_Driver/Src/stm32l4xx_hal_gpio.o
 .comment       0x0000000000000050       0x51 ./Drivers/STM32L4xx_HAL_Driver/Src/stm32l4xx_hal_i2c.o
 .comment       0x0000000000000050       0x51 ./Drivers/STM32L4xx_HAL_Driver/Src/stm32l4xx_hal_i2c_ex.o
 .comment       0x0000000000000050       0x51 ./Drivers/STM32L4xx_HAL_Driver/Src/stm32l4xx_hal_pwr_ex.o
 .comment       0x0000000000000050       0x51 ./Drivers/STM32L4xx_HAL_Driver/Src/stm32l4xx_hal_rcc.o
 .comment       0x0000000000000050       0x51 ./Drivers/STM32L4xx_HAL_Driver/Src/stm32l4xx_hal_rcc_ex.o
 .comment       0x0000000000000050       0x51 ./Drivers/STM32L4xx_HAL_Driver/Src/stm32l4xx_hal_tim.o
 .comment       0x0000000000000050       0x51 ./Drivers/STM32L4xx_HAL_Driver/Src/stm32l4xx_hal_tim_ex.o

.debug_frame    0x0000000000000000     0x5e18
 .debug_frame   0x0000000000000000       0x38 ./Core/Src/PTT_handler.o
 .debug_frame   0x0000000000000038       0x7c ./Core/Src/abs.o
 .debug_frame   0x00000000000000b4       0xa0 ./Core/Src/adc.o
 .debug_frame   0x0000000000000154       0xec ./Core/Src/amorki.o
 .debug_frame   0x0000000000000240       0xec ./Core/Src/break_pressure.o
 .debug_frame   0x000000000000032c       0x74 ./Core/Src/can.o
 .debug_frame   0x00000000000003a0      0x178 ./Core/Src/can_handler.o
 .debug_frame   0x0000000000000518       0x34 ./Core/Src/gpio.o
 .debug_frame   0x000000000000054c       0x94 ./Core/Src/i2c.o
 .debug_frame   0x00000000000005e0       0x8c ./Core/Src/main.o
 .debug_frame   0x000000000000066c       0x38 ./Core/Src/stm32l4xx_hal_msp.o
 .debug_frame   0x00000000000006a4      0x1c8 ./Core/Src/stm32l4xx_it.o
 .debug_frame   0x000000000000086c       0x58 ./Core/Src/system_stm32l4xx.o
 .debug_frame   0x00000000000008c4       0xa0 ./Core/Src/tim.o
 .debug_frame   0x0000000000000964      0x498 ./Drivers/STM32L4xx_HAL_Driver/Src/stm32l4xx_hal.o
 .debug_frame   0x0000000000000dfc      0xa04 ./Drivers/STM32L4xx_HAL_Driver/Src/stm32l4xx_hal_adc.o
 .debug_frame   0x0000000000001800      0x7a4 ./Drivers/STM32L4xx_HAL_Driver/Src/stm32l4xx_hal_adc_ex.o
 .debug_frame   0x0000000000001fa4      0x5a0 ./Drivers/STM32L4xx_HAL_Driver/Src/stm32l4xx_hal_can.o
 .debug_frame   0x0000000000002544      0x498 ./Drivers/STM32L4xx_HAL_Driver/Src/stm32l4xx_hal_cortex.o
 .debug_frame   0x00000000000029dc      0x204 ./Drivers/STM32L4xx_HAL_Driver/Src/stm32l4xx_hal_dma.o
 .debug_frame   0x0000000000002be0      0x14c ./Drivers/STM32L4xx_HAL_Driver/Src/stm32l4xx_hal_gpio.o
 .debug_frame   0x0000000000002d2c      0xc38 ./Drivers/STM32L4xx_HAL_Driver/Src/stm32l4xx_hal_i2c.o
 .debug_frame   0x0000000000003964      0x100 ./Drivers/STM32L4xx_HAL_Driver/Src/stm32l4xx_hal_i2c_ex.o
 .debug_frame   0x0000000000003a64      0x584 ./Drivers/STM32L4xx_HAL_Driver/Src/stm32l4xx_hal_pwr_ex.o
 .debug_frame   0x0000000000003fe8      0x21c ./Drivers/STM32L4xx_HAL_Driver/Src/stm32l4xx_hal_rcc.o
 .debug_frame   0x0000000000004204      0x2fc ./Drivers/STM32L4xx_HAL_Driver/Src/stm32l4xx_hal_rcc_ex.o
 .debug_frame   0x0000000000004500     0x121c ./Drivers/STM32L4xx_HAL_Driver/Src/stm32l4xx_hal_tim.o
 .debug_frame   0x000000000000571c      0x6b0 ./Drivers/STM32L4xx_HAL_Driver/Src/stm32l4xx_hal_tim_ex.o
 .debug_frame   0x0000000000005dcc       0x2c c:/program files (x86)/stm32/stm32cubeide_1.9.0/stm32cubeide/plugins/com.st.stm32cube.ide.mcu.externaltools.gnu-tools-for-stm32.10.3-2021.10.win32_1.0.0.202111181127/tools/bin/../lib/gcc/arm-none-eabi/10.3.1/../../../../arm-none-eabi/lib/thumb/v7e-m+fp/hard\libc_nano.a(lib_a-init.o)
 .debug_frame   0x0000000000005df8       0x20 c:/program files (x86)/stm32/stm32cubeide_1.9.0/stm32cubeide/plugins/com.st.stm32cube.ide.mcu.externaltools.gnu-tools-for-stm32.10.3-2021.10.win32_1.0.0.202111181127/tools/bin/../lib/gcc/arm-none-eabi/10.3.1/../../../../arm-none-eabi/lib/thumb/v7e-m+fp/hard\libc_nano.a(lib_a-memset.o)
