stm32f7xx_it.c:78:6:NMI_Handler	4	static
stm32f7xx_it.c:93:6:HardFault_Handler	4	static
stm32f7xx_it.c:108:6:MemManage_Handler	4	static
stm32f7xx_it.c:123:6:BusFault_Handler	4	static
stm32f7xx_it.c:138:6:UsageFault_Handler	4	static
stm32f7xx_it.c:153:6:DebugMon_Handler	4	static
stm32f7xx_it.c:173:6:DMA1_Stream0_IRQHandler	8	static
stm32f7xx_it.c:187:6:DMA1_Stream4_IRQHandler	8	static
stm32f7xx_it.c:201:6:CAN1_RX0_IRQHandler	8	static
stm32f7xx_it.c:215:6:TIM6_DAC_IRQHandler	8	static
stm32f7xx_it.c:229:6:CAN2_RX0_IRQHandler	8	static
stm32f7xx_it.c:243:6:LTDC_IRQHandler	8	static
stm32f7xx_it.c:257:6:DMA2D_IRQHandler	8	static
stm32f7xx_it.c:271:6:QUADSPI_IRQHandler	8	static
