WS2812_driver.c:18:6:HAL_TIM_PWM_PulseFinishedCallback	16	static
WS2812_driver.c:23:6:leds_init	16	static
WS2812_driver.c:41:6:set_green	24	static
WS2812_driver.c:47:6:set_red	24	static
WS2812_driver.c:53:6:set_purple	24	static
WS2812_driver.c:65:6:set_all	8	static
WS2812_driver.c:71:6:clear_all	8	static
WS2812_driver.c:77:6:set_one_green	16	static
WS2812_driver.c:81:6:set_one_red	16	static
WS2812_driver.c:85:6:set_one_purple	16	static
WS2812_driver.c:90:6:clear_one	16	static
WS2812_driver.c:96:6:set_leds	24	static
WS2812_driver.c:117:6:light_leds	24	static
