at25sf128a.c:18:9:FLASH_QSPI_Init	8	static
at25sf128a.c:50:9:FLASH_QSPI_EraseChip	64	static
at25sf128a.c:82:9:FLASH_QSPI_EraseSector	72	static
at25sf128a.c:124:9:FLASH_QSPI_EraseBlock	72	static
at25sf128a.c:159:9:FLASH_QSPI_ResetChip	72	static,ignoring_inline_asm
at25sf128a.c:202:9:FLASH_QSPI_AutoPollingMemReady	88	static
at25sf128a.c:233:16:FLASH_QSPI_WriteEnable	88	static
at25sf128a.c:272:9:FLASH_QSPI_Configuration	72	static
at25sf128a.c:333:9:FLASH_QSPI_Write	96	static
at25sf128a.c:400:9:FLASH_QSPI_Read	80	static
at25sf128a.c:444:9:FLASH_QSPI_EnableMemoryMappedMode	72	static
