../Core/Src/main.c:62:5:__io_putchar	16	static
../Core/Src/main.c:115:6:Init_LCD	16	static
../Core/Src/main.c:180:6:Show_LCD	40	static
../Core/Src/main.c:202:6:Update_Char	16	static
../Core/Src/main.c:225:6:ClearHelperArray	16	static
../Core/Src/main.c:235:6:HelperToBytes	24	static
../Core/Src/main.c:252:6:Snake	16	static
../Core/Src/main.c:272:5:main	8	static
../Core/Src/main.c:336:6:SystemClock_Config	112	static
../Core/Src/main.c:385:13:MX_I2C1_Init	8	static
../Core/Src/main.c:431:13:MX_USART2_UART_Init	8	static
../Core/Src/main.c:479:13:MX_GPIO_Init	48	static
../Core/Src/main.c:515:6:Error_Handler	8	static,ignoring_inline_asm
