Archive member included to satisfy reference by file (symbol)

d:/st/stm32cubeide_1.7.0/stm32cubeide/plugins/com.st.stm32cube.ide.mcu.externaltools.gnu-tools-for-stm32.9-2020-q2-update.win32_2.0.0.202105311346/tools/bin/../lib/gcc/arm-none-eabi/9.3.1/../../../../arm-none-eabi/lib/thumb/v7e-m+dp/hard\libc_nano.a(lib_a-errno.o)
                              ./Core/Src/syscalls.o (__errno)
d:/st/stm32cubeide_1.7.0/stm32cubeide/plugins/com.st.stm32cube.ide.mcu.externaltools.gnu-tools-for-stm32.9-2020-q2-update.win32_2.0.0.202105311346/tools/bin/../lib/gcc/arm-none-eabi/9.3.1/../../../../arm-none-eabi/lib/thumb/v7e-m+dp/hard\libc_nano.a(lib_a-exit.o)
                              d:/st/stm32cubeide_1.7.0/stm32cubeide/plugins/com.st.stm32cube.ide.mcu.externaltools.gnu-tools-for-stm32.9-2020-q2-update.win32_2.0.0.202105311346/tools/bin/../lib/gcc/arm-none-eabi/9.3.1/../../../../arm-none-eabi/lib/thumb/v7e-m+dp/hard/crt0.o (exit)
d:/st/stm32cubeide_1.7.0/stm32cubeide/plugins/com.st.stm32cube.ide.mcu.externaltools.gnu-tools-for-stm32.9-2020-q2-update.win32_2.0.0.202105311346/tools/bin/../lib/gcc/arm-none-eabi/9.3.1/../../../../arm-none-eabi/lib/thumb/v7e-m+dp/hard\libc_nano.a(lib_a-impure.o)
                              d:/st/stm32cubeide_1.7.0/stm32cubeide/plugins/com.st.stm32cube.ide.mcu.externaltools.gnu-tools-for-stm32.9-2020-q2-update.win32_2.0.0.202105311346/tools/bin/../lib/gcc/arm-none-eabi/9.3.1/../../../../arm-none-eabi/lib/thumb/v7e-m+dp/hard\libc_nano.a(lib_a-exit.o) (_global_impure_ptr)
d:/st/stm32cubeide_1.7.0/stm32cubeide/plugins/com.st.stm32cube.ide.mcu.externaltools.gnu-tools-for-stm32.9-2020-q2-update.win32_2.0.0.202105311346/tools/bin/../lib/gcc/arm-none-eabi/9.3.1/../../../../arm-none-eabi/lib/thumb/v7e-m+dp/hard\libc_nano.a(lib_a-init.o)
                              d:/st/stm32cubeide_1.7.0/stm32cubeide/plugins/com.st.stm32cube.ide.mcu.externaltools.gnu-tools-for-stm32.9-2020-q2-update.win32_2.0.0.202105311346/tools/bin/../lib/gcc/arm-none-eabi/9.3.1/../../../../arm-none-eabi/lib/thumb/v7e-m+dp/hard/crt0.o (__libc_init_array)
d:/st/stm32cubeide_1.7.0/stm32cubeide/plugins/com.st.stm32cube.ide.mcu.externaltools.gnu-tools-for-stm32.9-2020-q2-update.win32_2.0.0.202105311346/tools/bin/../lib/gcc/arm-none-eabi/9.3.1/../../../../arm-none-eabi/lib/thumb/v7e-m+dp/hard\libc_nano.a(lib_a-memset.o)
                              d:/st/stm32cubeide_1.7.0/stm32cubeide/plugins/com.st.stm32cube.ide.mcu.externaltools.gnu-tools-for-stm32.9-2020-q2-update.win32_2.0.0.202105311346/tools/bin/../lib/gcc/arm-none-eabi/9.3.1/../../../../arm-none-eabi/lib/thumb/v7e-m+dp/hard/crt0.o (memset)
d:/st/stm32cubeide_1.7.0/stm32cubeide/plugins/com.st.stm32cube.ide.mcu.externaltools.gnu-tools-for-stm32.9-2020-q2-update.win32_2.0.0.202105311346/tools/bin/../lib/gcc/arm-none-eabi/9.3.1/thumb/v7e-m+dp/hard\libgcc.a(_aeabi_uldivmod.o)
                              ./Drivers/STM32F7xx_HAL_Driver/Src/stm32f7xx_hal_rcc.o (__aeabi_uldivmod)
d:/st/stm32cubeide_1.7.0/stm32cubeide/plugins/com.st.stm32cube.ide.mcu.externaltools.gnu-tools-for-stm32.9-2020-q2-update.win32_2.0.0.202105311346/tools/bin/../lib/gcc/arm-none-eabi/9.3.1/thumb/v7e-m+dp/hard\libgcc.a(_udivmoddi4.o)
                              d:/st/stm32cubeide_1.7.0/stm32cubeide/plugins/com.st.stm32cube.ide.mcu.externaltools.gnu-tools-for-stm32.9-2020-q2-update.win32_2.0.0.202105311346/tools/bin/../lib/gcc/arm-none-eabi/9.3.1/thumb/v7e-m+dp/hard\libgcc.a(_aeabi_uldivmod.o) (__udivmoddi4)
d:/st/stm32cubeide_1.7.0/stm32cubeide/plugins/com.st.stm32cube.ide.mcu.externaltools.gnu-tools-for-stm32.9-2020-q2-update.win32_2.0.0.202105311346/tools/bin/../lib/gcc/arm-none-eabi/9.3.1/thumb/v7e-m+dp/hard\libgcc.a(_dvmd_tls.o)
                              d:/st/stm32cubeide_1.7.0/stm32cubeide/plugins/com.st.stm32cube.ide.mcu.externaltools.gnu-tools-for-stm32.9-2020-q2-update.win32_2.0.0.202105311346/tools/bin/../lib/gcc/arm-none-eabi/9.3.1/thumb/v7e-m+dp/hard\libgcc.a(_aeabi_uldivmod.o) (__aeabi_ldiv0)

Allocating common symbols
Common symbol       size              file

hi2c3               0x4c              ./Core/Src/i2c.o
hcrc                0x24              ./Core/Src/crc.o
uwTick              0x4               ./Drivers/STM32F7xx_HAL_Driver/Src/stm32f7xx_hal.o
pFlash              0x1c              ./Drivers/STM32F7xx_HAL_Driver/Src/stm32f7xx_hal_flash.o
huart5              0x84              ./Core/Src/usart.o
hcan2               0x28              ./Core/Src/can.o
hcan1               0x28              ./Core/Src/can.o
hqspi               0x4c              ./Core/Src/quadspi.o

Discarded input sections

 .text          0x0000000000000000        0x0 d:/st/stm32cubeide_1.7.0/stm32cubeide/plugins/com.st.stm32cube.ide.mcu.externaltools.gnu-tools-for-stm32.9-2020-q2-update.win32_2.0.0.202105311346/tools/bin/../lib/gcc/arm-none-eabi/9.3.1/thumb/v7e-m+dp/hard/crti.o
[...]
Memory Configuration

Name             Origin             Length             Attributes
RAM              0x0000000020000000 0x0000000000080000 xrw
FLASH            0x0000000008000000 0x0000000000008000 xr
*default*        0x0000000000000000 0xffffffffffffffff

Linker script and memory map

LOAD d:/st/stm32cubeide_1.7.0/stm32cubeide/plugins/com.st.stm32cube.ide.mcu.externaltools.gnu-tools-for-stm32.9-2020-q2-update.win32_2.0.0.202105311346/tools/bin/../lib/gcc/arm-none-eabi/9.3.1/thumb/v7e-m+dp/hard/crti.o
LOAD d:/st/stm32cubeide_1.7.0/stm32cubeide/plugins/com.st.stm32cube.ide.mcu.externaltools.gnu-tools-for-stm32.9-2020-q2-update.win32_2.0.0.202105311346/tools/bin/../lib/gcc/arm-none-eabi/9.3.1/thumb/v7e-m+dp/hard/crtbegin.o
LOAD d:/st/stm32cubeide_1.7.0/stm32cubeide/plugins/com.st.stm32cube.ide.mcu.externaltools.gnu-tools-for-stm32.9-2020-q2-update.win32_2.0.0.202105311346/tools/bin/../lib/gcc/arm-none-eabi/9.3.1/../../../../arm-none-eabi/lib/thumb/v7e-m+dp/hard/crt0.o
LOAD ./Core/Src/can.o
LOAD ./Core/Src/crc.o
LOAD ./Core/Src/gpio.o
LOAD ./Core/Src/i2c.o
LOAD ./Core/Src/main.o
LOAD ./Core/Src/quadspi.o
LOAD ./Core/Src/stm32f7xx_hal_msp.o
LOAD ./Core/Src/stm32f7xx_it.o
LOAD ./Core/Src/syscalls.o
LOAD ./Core/Src/sysmem.o
LOAD ./Core/Src/system_stm32f7xx.o
LOAD ./Core/Src/usart.o
LOAD ./Core/Startup/startup_stm32f767zitx.o
LOAD ./Drivers/STM32F7xx_HAL_Driver/Src/stm32f7xx_hal.o
LOAD ./Drivers/STM32F7xx_HAL_Driver/Src/stm32f7xx_hal_can.o
LOAD ./Drivers/STM32F7xx_HAL_Driver/Src/stm32f7xx_hal_cortex.o
LOAD ./Drivers/STM32F7xx_HAL_Driver/Src/stm32f7xx_hal_crc.o
LOAD ./Drivers/STM32F7xx_HAL_Driver/Src/stm32f7xx_hal_crc_ex.o
LOAD ./Drivers/STM32F7xx_HAL_Driver/Src/stm32f7xx_hal_dma.o
LOAD ./Drivers/STM32F7xx_HAL_Driver/Src/stm32f7xx_hal_dma_ex.o
LOAD ./Drivers/STM32F7xx_HAL_Driver/Src/stm32f7xx_hal_exti.o
LOAD ./Drivers/STM32F7xx_HAL_Driver/Src/stm32f7xx_hal_flash.o
LOAD ./Drivers/STM32F7xx_HAL_Driver/Src/stm32f7xx_hal_flash_ex.o
LOAD ./Drivers/STM32F7xx_HAL_Driver/Src/stm32f7xx_hal_gpio.o
LOAD ./Drivers/STM32F7xx_HAL_Driver/Src/stm32f7xx_hal_i2c.o
LOAD ./Drivers/STM32F7xx_HAL_Driver/Src/stm32f7xx_hal_i2c_ex.o
LOAD ./Drivers/STM32F7xx_HAL_Driver/Src/stm32f7xx_hal_pwr.o
LOAD ./Drivers/STM32F7xx_HAL_Driver/Src/stm32f7xx_hal_pwr_ex.o
LOAD ./Drivers/STM32F7xx_HAL_Driver/Src/stm32f7xx_hal_qspi.o
LOAD ./Drivers/STM32F7xx_HAL_Driver/Src/stm32f7xx_hal_rcc.o
LOAD ./Drivers/STM32F7xx_HAL_Driver/Src/stm32f7xx_hal_rcc_ex.o
LOAD ./Drivers/STM32F7xx_HAL_Driver/Src/stm32f7xx_hal_tim.o
LOAD ./Drivers/STM32F7xx_HAL_Driver/Src/stm32f7xx_hal_tim_ex.o
LOAD ./Drivers/STM32F7xx_HAL_Driver/Src/stm32f7xx_hal_uart.o
LOAD ./Drivers/STM32F7xx_HAL_Driver/Src/stm32f7xx_hal_uart_ex.o
START GROUP
LOAD d:/st/stm32cubeide_1.7.0/stm32cubeide/plugins/com.st.stm32cube.ide.mcu.externaltools.gnu-tools-for-stm32.9-2020-q2-update.win32_2.0.0.202105311346/tools/bin/../lib/gcc/arm-none-eabi/9.3.1/../../../../arm-none-eabi/lib/thumb/v7e-m+dp/hard\libstdc++_nano.a
LOAD d:/st/stm32cubeide_1.7.0/stm32cubeide/plugins/com.st.stm32cube.ide.mcu.externaltools.gnu-tools-for-stm32.9-2020-q2-update.win32_2.0.0.202105311346/tools/bin/../lib/gcc/arm-none-eabi/9.3.1/../../../../arm-none-eabi/lib/thumb/v7e-m+dp/hard\libsupc++_nano.a
END GROUP
LOAD d:/st/stm32cubeide_1.7.0/stm32cubeide/plugins/com.st.stm32cube.ide.mcu.externaltools.gnu-tools-for-stm32.9-2020-q2-update.win32_2.0.0.202105311346/tools/bin/../lib/gcc/arm-none-eabi/9.3.1/../../../../arm-none-eabi/lib/thumb/v7e-m+dp/hard\libstdc++_nano.a
LOAD d:/st/stm32cubeide_1.7.0/stm32cubeide/plugins/com.st.stm32cube.ide.mcu.externaltools.gnu-tools-for-stm32.9-2020-q2-update.win32_2.0.0.202105311346/tools/bin/../lib/gcc/arm-none-eabi/9.3.1/../../../../arm-none-eabi/lib/thumb/v7e-m+dp/hard\libm.a
LOAD d:/st/stm32cubeide_1.7.0/stm32cubeide/plugins/com.st.stm32cube.ide.mcu.externaltools.gnu-tools-for-stm32.9-2020-q2-update.win32_2.0.0.202105311346/tools/bin/../lib/gcc/arm-none-eabi/9.3.1/../../../../arm-none-eabi/lib/thumb/v7e-m+dp/hard\libc_nano.a
START GROUP
LOAD d:/st/stm32cubeide_1.7.0/stm32cubeide/plugins/com.st.stm32cube.ide.mcu.externaltools.gnu-tools-for-stm32.9-2020-q2-update.win32_2.0.0.202105311346/tools/bin/../lib/gcc/arm-none-eabi/9.3.1/thumb/v7e-m+dp/hard\libgcc.a
LOAD d:/st/stm32cubeide_1.7.0/stm32cubeide/plugins/com.st.stm32cube.ide.mcu.externaltools.gnu-tools-for-stm32.9-2020-q2-update.win32_2.0.0.202105311346/tools/bin/../lib/gcc/arm-none-eabi/9.3.1/../../../../arm-none-eabi/lib/thumb/v7e-m+dp/hard\libc_nano.a
END GROUP
START GROUP
LOAD d:/st/stm32cubeide_1.7.0/stm32cubeide/plugins/com.st.stm32cube.ide.mcu.externaltools.gnu-tools-for-stm32.9-2020-q2-update.win32_2.0.0.202105311346/tools/bin/../lib/gcc/arm-none-eabi/9.3.1/thumb/v7e-m+dp/hard\libgcc.a
LOAD d:/st/stm32cubeide_1.7.0/stm32cubeide/plugins/com.st.stm32cube.ide.mcu.externaltools.gnu-tools-for-stm32.9-2020-q2-update.win32_2.0.0.202105311346/tools/bin/../lib/gcc/arm-none-eabi/9.3.1/../../../../arm-none-eabi/lib/thumb/v7e-m+dp/hard\libc_nano.a
END GROUP
LOAD d:/st/stm32cubeide_1.7.0/stm32cubeide/plugins/com.st.stm32cube.ide.mcu.externaltools.gnu-tools-for-stm32.9-2020-q2-update.win32_2.0.0.202105311346/tools/bin/../lib/gcc/arm-none-eabi/9.3.1/thumb/v7e-m+dp/hard/crtend.o
LOAD d:/st/stm32cubeide_1.7.0/stm32cubeide/plugins/com.st.stm32cube.ide.mcu.externaltools.gnu-tools-for-stm32.9-2020-q2-update.win32_2.0.0.202105311346/tools/bin/../lib/gcc/arm-none-eabi/9.3.1/thumb/v7e-m+dp/hard/crtn.o
                0x0000000020080000                _estack = (ORIGIN (RAM) + LENGTH (RAM))
                0x0000000000000200                _Min_Heap_Size = 0x200
                0x0000000000000400                _Min_Stack_Size = 0x400

.isr_vector     0x0000000008000000      0x1f8
                0x0000000008000000                . = ALIGN (0x4)
 *(.isr_vector)
 .isr_vector    0x0000000008000000      0x1f8 ./Core/Startup/startup_stm32f767zitx.o
                0x0000000008000000                g_pfnVectors
                0x00000000080001f8                . = ALIGN (0x4)

.text           0x00000000080001f8     0x33ac
                0x00000000080001f8                . = ALIGN (0x4)
 *(.text)
 .text          0x00000000080001f8       0x40 d:/st/stm32cubeide_1.7.0/stm32cubeide/plugins/com.st.stm32cube.ide.mcu.externaltools.gnu-tools-for-stm32.9-2020-q2-update.win32_2.0.0.202105311346/tools/bin/../lib/gcc/arm-none-eabi/9.3.1/thumb/v7e-m+dp/hard/crtbegin.o
 .text          0x0000000008000238       0x30 d:/st/stm32cubeide_1.7.0/stm32cubeide/plugins/com.st.stm32cube.ide.mcu.externaltools.gnu-tools-for-stm32.9-2020-q2-update.win32_2.0.0.202105311346/tools/bin/../lib/gcc/arm-none-eabi/9.3.1/thumb/v7e-m+dp/hard\libgcc.a(_aeabi_uldivmod.o)
                0x0000000008000238                __aeabi_uldivmod
 .text          0x0000000008000268      0x2c4 d:/st/stm32cubeide_1.7.0/stm32cubeide/plugins/com.st.stm32cube.ide.mcu.externaltools.gnu-tools-for-stm32.9-2020-q2-update.win32_2.0.0.202105311346/tools/bin/../lib/gcc/arm-none-eabi/9.3.1/thumb/v7e-m+dp/hard\libgcc.a(_udivmoddi4.o)
                0x0000000008000268                __udivmoddi4
 .text          0x000000000800052c        0x4 d:/st/stm32cubeide_1.7.0/stm32cubeide/plugins/com.st.stm32cube.ide.mcu.externaltools.gnu-tools-for-stm32.9-2020-q2-update.win32_2.0.0.202105311346/tools/bin/../lib/gcc/arm-none-eabi/9.3.1/thumb/v7e-m+dp/hard\libgcc.a(_dvmd_tls.o)
                0x000000000800052c                __aeabi_idiv0
                0x000000000800052c                __aeabi_ldiv0
 *(.text*)
 .text.MX_CRC_Init
                0x0000000008000530       0x44 ./Core/Src/crc.o
                0x0000000008000530                MX_CRC_Init
 .text.HAL_CRC_MspInit
                0x0000000008000574       0x40 ./Core/Src/crc.o
                0x0000000008000574                HAL_CRC_MspInit
 .text.MX_GPIO_Init
                0x00000000080005b4       0xc4 ./Core/Src/gpio.o
                0x00000000080005b4                MX_GPIO_Init
 .text.MX_I2C3_Init
                0x0000000008000678       0x80 ./Core/Src/i2c.o
                0x0000000008000678                MX_I2C3_Init
 .text.HAL_I2C_MspInit
                0x00000000080006f8      0x108 ./Core/Src/i2c.o
                0x00000000080006f8                HAL_I2C_MspInit
 .text.main     0x0000000008000800       0x4c ./Core/Src/main.o
                0x0000000008000800                main
 .text.SystemClock_Config
                0x000000000800084c       0xb8 ./Core/Src/main.o
                0x000000000800084c                SystemClock_Config
 .text.JumpToAddress
                0x0000000008000904       0x58 ./Core/Src/main.o
                0x0000000008000904                JumpToAddress
 .text.JumpToApplication
                0x000000000800095c       0x14 ./Core/Src/main.o
                0x000000000800095c                JumpToApplication
 .text.Error_Handler
                0x0000000008000970        0xa ./Core/Src/main.o
                0x0000000008000970                Error_Handler
 *fill*         0x000000000800097a        0x2 
 .text.MX_QUADSPI_Init
                0x000000000800097c       0x58 ./Core/Src/quadspi.o
                0x000000000800097c                MX_QUADSPI_Init
 .text.HAL_QSPI_MspInit
                0x00000000080009d4      0x104 ./Core/Src/quadspi.o
                0x00000000080009d4                HAL_QSPI_MspInit
 .text.HAL_MspInit
                0x0000000008000ad8       0x48 ./Core/Src/stm32f7xx_hal_msp.o
                0x0000000008000ad8                HAL_MspInit
 .text.NMI_Handler
                0x0000000008000b20        0x6 ./Core/Src/stm32f7xx_it.o
                0x0000000008000b20                NMI_Handler
 .text.HardFault_Handler
                0x0000000008000b26        0x6 ./Core/Src/stm32f7xx_it.o
                0x0000000008000b26                HardFault_Handler
 .text.MemManage_Handler
                0x0000000008000b2c        0x6 ./Core/Src/stm32f7xx_it.o
                0x0000000008000b2c                MemManage_Handler
 .text.BusFault_Handler
                0x0000000008000b32        0x6 ./Core/Src/stm32f7xx_it.o
                0x0000000008000b32                BusFault_Handler
 .text.UsageFault_Handler
                0x0000000008000b38        0x6 ./Core/Src/stm32f7xx_it.o
                0x0000000008000b38                UsageFault_Handler
 .text.SVC_Handler
                0x0000000008000b3e        0xe ./Core/Src/stm32f7xx_it.o
                0x0000000008000b3e                SVC_Handler
 .text.DebugMon_Handler
                0x0000000008000b4c        0xe ./Core/Src/stm32f7xx_it.o
                0x0000000008000b4c                DebugMon_Handler
 .text.PendSV_Handler
                0x0000000008000b5a        0xe ./Core/Src/stm32f7xx_it.o
                0x0000000008000b5a                PendSV_Handler
 .text.SysTick_Handler
                0x0000000008000b68        0xc ./Core/Src/stm32f7xx_it.o
                0x0000000008000b68                SysTick_Handler
 .text.SystemInit
                0x0000000008000b74       0x24 ./Core/Src/system_stm32f7xx.o
                0x0000000008000b74                SystemInit
 .text.MX_UART5_Init
                0x0000000008000b98       0x60 ./Core/Src/usart.o
                0x0000000008000b98                MX_UART5_Init
 .text.HAL_UART_MspInit
                0x0000000008000bf8      0x104 ./Core/Src/usart.o
                0x0000000008000bf8                HAL_UART_MspInit
 .text.Reset_Handler
                0x0000000008000cfc       0x50 ./Core/Startup/startup_stm32f767zitx.o
                0x0000000008000cfc                Reset_Handler
 .text.Default_Handler
                0x0000000008000d4c        0x2 ./Core/Startup/startup_stm32f767zitx.o
                0x0000000008000d4c                RTC_Alarm_IRQHandler
                0x0000000008000d4c                EXTI2_IRQHandler
                0x0000000008000d4c                TIM8_CC_IRQHandler
                0x0000000008000d4c                UART8_IRQHandler
                0x0000000008000d4c                SPI4_IRQHandler
                0x0000000008000d4c                TIM1_CC_IRQHandler
                0x0000000008000d4c                DMA2_Stream5_IRQHandler
                0x0000000008000d4c                JPEG_IRQHandler
                0x0000000008000d4c                DMA1_Stream5_IRQHandler
                0x0000000008000d4c                CAN3_RX1_IRQHandler
                0x0000000008000d4c                PVD_IRQHandler
                0x0000000008000d4c                TAMP_STAMP_IRQHandler
                0x0000000008000d4c                CAN2_RX1_IRQHandler
                0x0000000008000d4c                EXTI3_IRQHandler
                0x0000000008000d4c                TIM8_TRG_COM_TIM14_IRQHandler
                0x0000000008000d4c                DFSDM1_FLT1_IRQHandler
                0x0000000008000d4c                TIM1_UP_TIM10_IRQHandler
                0x0000000008000d4c                TIM8_UP_TIM13_IRQHandler
                0x0000000008000d4c                I2C3_ER_IRQHandler
                0x0000000008000d4c                DFSDM1_FLT2_IRQHandler
                0x0000000008000d4c                EXTI0_IRQHandler
                0x0000000008000d4c                I2C2_EV_IRQHandler
                0x0000000008000d4c                DMA1_Stream2_IRQHandler
                0x0000000008000d4c                CAN1_RX0_IRQHandler
                0x0000000008000d4c                FPU_IRQHandler
                0x0000000008000d4c                OTG_HS_WKUP_IRQHandler
                0x0000000008000d4c                CAN3_SCE_IRQHandler
                0x0000000008000d4c                LTDC_ER_IRQHandler
                0x0000000008000d4c                CAN2_SCE_IRQHandler
                0x0000000008000d4c                DMA2_Stream2_IRQHandler
                0x0000000008000d4c                SPI1_IRQHandler
                0x0000000008000d4c                TIM6_DAC_IRQHandler
                0x0000000008000d4c                TIM1_BRK_TIM9_IRQHandler
                0x0000000008000d4c                DCMI_IRQHandler
                0x0000000008000d4c                CAN2_RX0_IRQHandler
                0x0000000008000d4c                DMA2_Stream3_IRQHandler
                0x0000000008000d4c                SAI2_IRQHandler
                0x0000000008000d4c                DFSDM1_FLT3_IRQHandler
                0x0000000008000d4c                USART6_IRQHandler
                0x0000000008000d4c                CAN3_RX0_IRQHandler
                0x0000000008000d4c                USART3_IRQHandler
                0x0000000008000d4c                CAN1_RX1_IRQHandler
                0x0000000008000d4c                UART5_IRQHandler
                0x0000000008000d4c                DMA2_Stream0_IRQHandler
                0x0000000008000d4c                TIM4_IRQHandler
                0x0000000008000d4c                QUADSPI_IRQHandler
                0x0000000008000d4c                I2C1_EV_IRQHandler
                0x0000000008000d4c                DMA1_Stream6_IRQHandler
                0x0000000008000d4c                DMA1_Stream1_IRQHandler
                0x0000000008000d4c                UART4_IRQHandler
                0x0000000008000d4c                TIM3_IRQHandler
                0x0000000008000d4c                RCC_IRQHandler
                0x0000000008000d4c                TIM8_BRK_TIM12_IRQHandler
                0x0000000008000d4c                Default_Handler
                0x0000000008000d4c                CEC_IRQHandler
                0x0000000008000d4c                EXTI15_10_IRQHandler
                0x0000000008000d4c                ADC_IRQHandler
                0x0000000008000d4c                DMA1_Stream7_IRQHandler
                0x0000000008000d4c                SPI5_IRQHandler
                0x0000000008000d4c                TIM7_IRQHandler
                0x0000000008000d4c                SDMMC1_IRQHandler
                0x0000000008000d4c                CAN2_TX_IRQHandler
                0x0000000008000d4c                TIM5_IRQHandler
                0x0000000008000d4c                DMA2_Stream7_IRQHandler
                0x0000000008000d4c                I2C3_EV_IRQHandler
                0x0000000008000d4c                EXTI9_5_IRQHandler
                0x0000000008000d4c                RTC_WKUP_IRQHandler
                0x0000000008000d4c                LTDC_IRQHandler
                0x0000000008000d4c                ETH_WKUP_IRQHandler
                0x0000000008000d4c                SPDIF_RX_IRQHandler
                0x0000000008000d4c                SPI2_IRQHandler
                0x0000000008000d4c                OTG_HS_EP1_IN_IRQHandler
                0x0000000008000d4c                DMA1_Stream0_IRQHandler
                0x0000000008000d4c                CAN1_TX_IRQHandler
                0x0000000008000d4c                EXTI4_IRQHandler
                0x0000000008000d4c                RNG_IRQHandler
                0x0000000008000d4c                ETH_IRQHandler
                0x0000000008000d4c                OTG_HS_EP1_OUT_IRQHandler
                0x0000000008000d4c                WWDG_IRQHandler
                0x0000000008000d4c                SPI6_IRQHandler
                0x0000000008000d4c                MDIOS_IRQHandler
                0x0000000008000d4c                I2C4_EV_IRQHandler
                0x0000000008000d4c                CAN3_TX_IRQHandler
                0x0000000008000d4c                TIM2_IRQHandler
                0x0000000008000d4c                OTG_FS_WKUP_IRQHandler
                0x0000000008000d4c                TIM1_TRG_COM_TIM11_IRQHandler
                0x0000000008000d4c                OTG_HS_IRQHandler
                0x0000000008000d4c                DMA2D_IRQHandler
                0x0000000008000d4c                EXTI1_IRQHandler
                0x0000000008000d4c                SDMMC2_IRQHandler
                0x0000000008000d4c                UART7_IRQHandler
                0x0000000008000d4c                USART2_IRQHandler
                0x0000000008000d4c                DFSDM1_FLT0_IRQHandler
                0x0000000008000d4c                I2C2_ER_IRQHandler
                0x0000000008000d4c                DMA2_Stream1_IRQHandler
                0x0000000008000d4c                CAN1_SCE_IRQHandler
                0x0000000008000d4c                FLASH_IRQHandler
                0x0000000008000d4c                DMA2_Stream4_IRQHandler
                0x0000000008000d4c                USART1_IRQHandler
                0x0000000008000d4c                OTG_FS_IRQHandler
                0x0000000008000d4c                SPI3_IRQHandler
                0x0000000008000d4c                DMA1_Stream4_IRQHandler
                0x0000000008000d4c                I2C1_ER_IRQHandler
                0x0000000008000d4c                FMC_IRQHandler
                0x0000000008000d4c                LPTIM1_IRQHandler
                0x0000000008000d4c                I2C4_ER_IRQHandler
                0x0000000008000d4c                DMA2_Stream6_IRQHandler
                0x0000000008000d4c                SAI1_IRQHandler
                0x0000000008000d4c                DMA1_Stream3_IRQHandler
 .text.HAL_Init
                0x0000000008000d4e       0x1a ./Drivers/STM32F7xx_HAL_Driver/Src/stm32f7xx_hal.o
                0x0000000008000d4e                HAL_Init
 .text.HAL_DeInit
                0x0000000008000d68       0x58 ./Drivers/STM32F7xx_HAL_Driver/Src/stm32f7xx_hal.o
                0x0000000008000d68                HAL_DeInit
 .text.HAL_MspDeInit
                0x0000000008000dc0        0xe ./Drivers/STM32F7xx_HAL_Driver/Src/stm32f7xx_hal.o
                0x0000000008000dc0                HAL_MspDeInit
 *fill*         0x0000000008000dce        0x2 
 .text.HAL_InitTick
                0x0000000008000dd0       0x60 ./Drivers/STM32F7xx_HAL_Driver/Src/stm32f7xx_hal.o
                0x0000000008000dd0                HAL_InitTick
 .text.HAL_IncTick
                0x0000000008000e30       0x28 ./Drivers/STM32F7xx_HAL_Driver/Src/stm32f7xx_hal.o
                0x0000000008000e30                HAL_IncTick
 .text.HAL_GetTick
                0x0000000008000e58       0x18 ./Drivers/STM32F7xx_HAL_Driver/Src/stm32f7xx_hal.o
                0x0000000008000e58                HAL_GetTick
 .text.HAL_Delay
                0x0000000008000e70       0x48 ./Drivers/STM32F7xx_HAL_Driver/Src/stm32f7xx_hal.o
                0x0000000008000e70                HAL_Delay
 .text.__NVIC_SetPriorityGrouping
                0x0000000008000eb8       0x48 ./Drivers/STM32F7xx_HAL_Driver/Src/stm32f7xx_hal_cortex.o
 .text.__NVIC_GetPriorityGrouping
                0x0000000008000f00       0x1c ./Drivers/STM32F7xx_HAL_Driver/Src/stm32f7xx_hal_cortex.o
 .text.__NVIC_SetPriority
                0x0000000008000f1c       0x54 ./Drivers/STM32F7xx_HAL_Driver/Src/stm32f7xx_hal_cortex.o
 .text.NVIC_EncodePriority
                0x0000000008000f70       0x66 ./Drivers/STM32F7xx_HAL_Driver/Src/stm32f7xx_hal_cortex.o
 *fill*         0x0000000008000fd6        0x2 
 .text.SysTick_Config
                0x0000000008000fd8       0x44 ./Drivers/STM32F7xx_HAL_Driver/Src/stm32f7xx_hal_cortex.o
 .text.HAL_NVIC_SetPriorityGrouping
                0x000000000800101c       0x16 ./Drivers/STM32F7xx_HAL_Driver/Src/stm32f7xx_hal_cortex.o
                0x000000000800101c                HAL_NVIC_SetPriorityGrouping
 .text.HAL_NVIC_SetPriority
                0x0000000008001032       0x38 ./Drivers/STM32F7xx_HAL_Driver/Src/stm32f7xx_hal_cortex.o
                0x0000000008001032                HAL_NVIC_SetPriority
 .text.HAL_SYSTICK_Config
                0x000000000800106a       0x18 ./Drivers/STM32F7xx_HAL_Driver/Src/stm32f7xx_hal_cortex.o
                0x000000000800106a                HAL_SYSTICK_Config
 *fill*         0x0000000008001082        0x2 
 .text.HAL_CRC_Init
                0x0000000008001084       0xc8 ./Drivers/STM32F7xx_HAL_Driver/Src/stm32f7xx_hal_crc.o
                0x0000000008001084                HAL_CRC_Init
 .text.HAL_CRCEx_Polynomial_Set
                0x000000000800114c      0x10c ./Drivers/STM32F7xx_HAL_Driver/Src/stm32f7xx_hal_crc_ex.o
                0x000000000800114c                HAL_CRCEx_Polynomial_Set
 .text.HAL_GPIO_Init
                0x0000000008001258      0x358 ./Drivers/STM32F7xx_HAL_Driver/Src/stm32f7xx_hal_gpio.o
                0x0000000008001258                HAL_GPIO_Init
 .text.HAL_GPIO_WritePin
                0x00000000080015b0       0x32 ./Drivers/STM32F7xx_HAL_Driver/Src/stm32f7xx_hal_gpio.o
                0x00000000080015b0                HAL_GPIO_WritePin
 .text.HAL_GPIO_TogglePin
                0x00000000080015e2       0x34 ./Drivers/STM32F7xx_HAL_Driver/Src/stm32f7xx_hal_gpio.o
                0x00000000080015e2                HAL_GPIO_TogglePin
 *fill*         0x0000000008001616        0x2 
 .text.HAL_I2C_Init
                0x0000000008001618      0x120 ./Drivers/STM32F7xx_HAL_Driver/Src/stm32f7xx_hal_i2c.o
                0x0000000008001618                HAL_I2C_Init
 .text.HAL_I2CEx_ConfigAnalogFilter
                0x0000000008001738       0x96 ./Drivers/STM32F7xx_HAL_Driver/Src/stm32f7xx_hal_i2c_ex.o
                0x0000000008001738                HAL_I2CEx_ConfigAnalogFilter
 .text.HAL_I2CEx_ConfigDigitalFilter
                0x00000000080017ce       0x98 ./Drivers/STM32F7xx_HAL_Driver/Src/stm32f7xx_hal_i2c_ex.o
                0x00000000080017ce                HAL_I2CEx_ConfigDigitalFilter
 *fill*         0x0000000008001866        0x2 
 .text.HAL_QSPI_Init
                0x0000000008001868       0xf8 ./Drivers/STM32F7xx_HAL_Driver/Src/stm32f7xx_hal_qspi.o
                0x0000000008001868                HAL_QSPI_Init
 .text.HAL_QSPI_SetTimeout
                0x0000000008001960       0x1c ./Drivers/STM32F7xx_HAL_Driver/Src/stm32f7xx_hal_qspi.o
                0x0000000008001960                HAL_QSPI_SetTimeout
 .text.QSPI_WaitFlagStateUntilTimeout
                0x000000000800197c       0x6e ./Drivers/STM32F7xx_HAL_Driver/Src/stm32f7xx_hal_qspi.o
 *fill*         0x00000000080019ea        0x2 
 .text.HAL_RCC_DeInit
                0x00000000080019ec      0x1c0 ./Drivers/STM32F7xx_HAL_Driver/Src/stm32f7xx_hal_rcc.o
                0x00000000080019ec                HAL_RCC_DeInit
 .text.HAL_RCC_OscConfig
                0x0000000008001bac      0x55c ./Drivers/STM32F7xx_HAL_Driver/Src/stm32f7xx_hal_rcc.o
                0x0000000008001bac                HAL_RCC_OscConfig
 .text.HAL_RCC_ClockConfig
                0x0000000008002108      0x1d8 ./Drivers/STM32F7xx_HAL_Driver/Src/stm32f7xx_hal_rcc.o
                0x0000000008002108                HAL_RCC_ClockConfig
 .text.HAL_RCC_GetSysClockFreq
                0x00000000080022e0      0x16c ./Drivers/STM32F7xx_HAL_Driver/Src/stm32f7xx_hal_rcc.o
                0x00000000080022e0                HAL_RCC_GetSysClockFreq
 .text.HAL_RCC_GetHCLKFreq
                0x000000000800244c       0x18 ./Drivers/STM32F7xx_HAL_Driver/Src/stm32f7xx_hal_rcc.o
                0x000000000800244c                HAL_RCC_GetHCLKFreq
 .text.HAL_RCC_GetPCLK1Freq
                0x0000000008002464       0x28 ./Drivers/STM32F7xx_HAL_Driver/Src/stm32f7xx_hal_rcc.o
                0x0000000008002464                HAL_RCC_GetPCLK1Freq
 .text.HAL_RCC_GetPCLK2Freq
                0x000000000800248c       0x28 ./Drivers/STM32F7xx_HAL_Driver/Src/stm32f7xx_hal_rcc.o
                0x000000000800248c                HAL_RCC_GetPCLK2Freq
 .text.HAL_RCCEx_PeriphCLKConfig
                0x00000000080024b4      0x850 ./Drivers/STM32F7xx_HAL_Driver/Src/stm32f7xx_hal_rcc_ex.o
                0x00000000080024b4                HAL_RCCEx_PeriphCLKConfig
 .text.HAL_UART_Init
                0x0000000008002d04       0x9c ./Drivers/STM32F7xx_HAL_Driver/Src/stm32f7xx_hal_uart.o
                0x0000000008002d04                HAL_UART_Init
 .text.UART_SetConfig
                0x0000000008002da0      0x4c4 ./Drivers/STM32F7xx_HAL_Driver/Src/stm32f7xx_hal_uart.o
                0x0000000008002da0                UART_SetConfig
 .text.UART_AdvFeatureConfig
                0x0000000008003264      0x144 ./Drivers/STM32F7xx_HAL_Driver/Src/stm32f7xx_hal_uart.o
                0x0000000008003264                UART_AdvFeatureConfig
 .text.UART_CheckIdleState
                0x00000000080033a8       0x92 ./Drivers/STM32F7xx_HAL_Driver/Src/stm32f7xx_hal_uart.o
                0x00000000080033a8                UART_CheckIdleState
 .text.UART_WaitOnFlagUntilTimeout
                0x000000000800343a       0xf8 ./Drivers/STM32F7xx_HAL_Driver/Src/stm32f7xx_hal_uart.o
                0x000000000800343a                UART_WaitOnFlagUntilTimeout
 *fill*         0x0000000008003532        0x2 
 .text.__libc_init_array
                0x0000000008003534       0x48 d:/st/stm32cubeide_1.7.0/stm32cubeide/plugins/com.st.stm32cube.ide.mcu.externaltools.gnu-tools-for-stm32.9-2020-q2-update.win32_2.0.0.202105311346/tools/bin/../lib/gcc/arm-none-eabi/9.3.1/../../../../arm-none-eabi/lib/thumb/v7e-m+dp/hard\libc_nano.a(lib_a-init.o)
                0x0000000008003534                __libc_init_array
 .text.memset   0x000000000800357c       0x10 d:/st/stm32cubeide_1.7.0/stm32cubeide/plugins/com.st.stm32cube.ide.mcu.externaltools.gnu-tools-for-stm32.9-2020-q2-update.win32_2.0.0.202105311346/tools/bin/../lib/gcc/arm-none-eabi/9.3.1/../../../../arm-none-eabi/lib/thumb/v7e-m+dp/hard\libc_nano.a(lib_a-memset.o)
                0x000000000800357c                memset
 *(.glue_7)
 .glue_7        0x000000000800358c        0x0 linker stubs
 *(.glue_7t)
 .glue_7t       0x000000000800358c        0x0 linker stubs
 *(.eh_frame)
 .eh_frame      0x000000000800358c        0x0 d:/st/stm32cubeide_1.7.0/stm32cubeide/plugins/com.st.stm32cube.ide.mcu.externaltools.gnu-tools-for-stm32.9-2020-q2-update.win32_2.0.0.202105311346/tools/bin/../lib/gcc/arm-none-eabi/9.3.1/thumb/v7e-m+dp/hard/crtbegin.o
 *(.init)
 .init          0x000000000800358c        0x4 d:/st/stm32cubeide_1.7.0/stm32cubeide/plugins/com.st.stm32cube.ide.mcu.externaltools.gnu-tools-for-stm32.9-2020-q2-update.win32_2.0.0.202105311346/tools/bin/../lib/gcc/arm-none-eabi/9.3.1/thumb/v7e-m+dp/hard/crti.o
                0x000000000800358c                _init
 .init          0x0000000008003590        0x8 d:/st/stm32cubeide_1.7.0/stm32cubeide/plugins/com.st.stm32cube.ide.mcu.externaltools.gnu-tools-for-stm32.9-2020-q2-update.win32_2.0.0.202105311346/tools/bin/../lib/gcc/arm-none-eabi/9.3.1/thumb/v7e-m+dp/hard/crtn.o
 *(.fini)
 .fini          0x0000000008003598        0x4 d:/st/stm32cubeide_1.7.0/stm32cubeide/plugins/com.st.stm32cube.ide.mcu.externaltools.gnu-tools-for-stm32.9-2020-q2-update.win32_2.0.0.202105311346/tools/bin/../lib/gcc/arm-none-eabi/9.3.1/thumb/v7e-m+dp/hard/crti.o
                0x0000000008003598                _fini
 .fini          0x000000000800359c        0x8 d:/st/stm32cubeide_1.7.0/stm32cubeide/plugins/com.st.stm32cube.ide.mcu.externaltools.gnu-tools-for-stm32.9-2020-q2-update.win32_2.0.0.202105311346/tools/bin/../lib/gcc/arm-none-eabi/9.3.1/thumb/v7e-m+dp/hard/crtn.o
                0x00000000080035a4                . = ALIGN (0x4)
                0x00000000080035a4                _etext = .

.vfp11_veneer   0x00000000080035a4        0x0
 .vfp11_veneer  0x00000000080035a4        0x0 linker stubs

.v4_bx          0x00000000080035a4        0x0
 .v4_bx         0x00000000080035a4        0x0 linker stubs

.iplt           0x00000000080035a4        0x0
 .iplt          0x00000000080035a4        0x0 d:/st/stm32cubeide_1.7.0/stm32cubeide/plugins/com.st.stm32cube.ide.mcu.externaltools.gnu-tools-for-stm32.9-2020-q2-update.win32_2.0.0.202105311346/tools/bin/../lib/gcc/arm-none-eabi/9.3.1/thumb/v7e-m+dp/hard/crtbegin.o

.rodata         0x00000000080035a4       0x18
                0x00000000080035a4                . = ALIGN (0x4)
 *(.rodata)
 *(.rodata*)
 .rodata.AHBPrescTable
                0x00000000080035a4       0x10 ./Core/Src/system_stm32f7xx.o
                0x00000000080035a4                AHBPrescTable
 .rodata.APBPrescTable
                0x00000000080035b4        0x8 ./Core/Src/system_stm32f7xx.o
                0x00000000080035b4                APBPrescTable
                0x00000000080035bc                . = ALIGN (0x4)

.ARM.extab      0x00000000080035bc        0x0
                0x00000000080035bc                . = ALIGN (0x4)
 *(.ARM.extab* .gnu.linkonce.armextab.*)
                0x00000000080035bc                . = ALIGN (0x4)

.ARM            0x00000000080035bc        0x8
                0x00000000080035bc                . = ALIGN (0x4)
                0x00000000080035bc                __exidx_start = .
 *(.ARM.exidx*)
 .ARM.exidx     0x00000000080035bc        0x8 d:/st/stm32cubeide_1.7.0/stm32cubeide/plugins/com.st.stm32cube.ide.mcu.externaltools.gnu-tools-for-stm32.9-2020-q2-update.win32_2.0.0.202105311346/tools/bin/../lib/gcc/arm-none-eabi/9.3.1/thumb/v7e-m+dp/hard\libgcc.a(_udivmoddi4.o)
                0x00000000080035c4                __exidx_end = .
                0x00000000080035c4                . = ALIGN (0x4)

.rel.dyn        0x00000000080035c4        0x0
 .rel.iplt      0x00000000080035c4        0x0 d:/st/stm32cubeide_1.7.0/stm32cubeide/plugins/com.st.stm32cube.ide.mcu.externaltools.gnu-tools-for-stm32.9-2020-q2-update.win32_2.0.0.202105311346/tools/bin/../lib/gcc/arm-none-eabi/9.3.1/thumb/v7e-m+dp/hard/crtbegin.o

.preinit_array  0x00000000080035c4        0x0
                0x00000000080035c4                . = ALIGN (0x4)
                0x00000000080035c4                PROVIDE (__preinit_array_start = .)
 *(.preinit_array*)
                0x00000000080035c4                PROVIDE (__preinit_array_end = .)
                0x00000000080035c4                . = ALIGN (0x4)

.init_array     0x00000000080035c4        0x4
                0x00000000080035c4                . = ALIGN (0x4)
                0x00000000080035c4                PROVIDE (__init_array_start = .)
 *(SORT_BY_NAME(.init_array.*))
 *(.init_array*)
 .init_array    0x00000000080035c4        0x4 d:/st/stm32cubeide_1.7.0/stm32cubeide/plugins/com.st.stm32cube.ide.mcu.externaltools.gnu-tools-for-stm32.9-2020-q2-update.win32_2.0.0.202105311346/tools/bin/../lib/gcc/arm-none-eabi/9.3.1/thumb/v7e-m+dp/hard/crtbegin.o
                0x00000000080035c8                PROVIDE (__init_array_end = .)
                0x00000000080035c8                . = ALIGN (0x4)

.fini_array     0x00000000080035c8        0x4
                0x00000000080035c8                . = ALIGN (0x4)
                [!provide]                        PROVIDE (__fini_array_start = .)
 *(SORT_BY_NAME(.fini_array.*))
 *(.fini_array*)
 .fini_array    0x00000000080035c8        0x4 d:/st/stm32cubeide_1.7.0/stm32cubeide/plugins/com.st.stm32cube.ide.mcu.externaltools.gnu-tools-for-stm32.9-2020-q2-update.win32_2.0.0.202105311346/tools/bin/../lib/gcc/arm-none-eabi/9.3.1/thumb/v7e-m+dp/hard/crtbegin.o
                [!provide]                        PROVIDE (__fini_array_end = .)
                0x00000000080035cc                . = ALIGN (0x4)
                0x00000000080035cc                _sidata = LOADADDR (.data)

.data           0x0000000020000000        0xc load address 0x00000000080035cc
                0x0000000020000000                . = ALIGN (0x4)
                0x0000000020000000                _sdata = .
 *(.data)
 *(.data*)
 .data.SystemCoreClock
                0x0000000020000000        0x4 ./Core/Src/system_stm32f7xx.o
                0x0000000020000000                SystemCoreClock
 .data.uwTickPrio
                0x0000000020000004        0x4 ./Drivers/STM32F7xx_HAL_Driver/Src/stm32f7xx_hal.o
                0x0000000020000004                uwTickPrio
 .data.uwTickFreq
                0x0000000020000008        0x1 ./Drivers/STM32F7xx_HAL_Driver/Src/stm32f7xx_hal.o
                0x0000000020000008                uwTickFreq
 *(.RamFunc)
 *(.RamFunc*)
                0x000000002000000c                . = ALIGN (0x4)
 *fill*         0x0000000020000009        0x3 
                0x000000002000000c                _edata = .

.igot.plt       0x000000002000000c        0x0 load address 0x00000000080035d8
 .igot.plt      0x000000002000000c        0x0 d:/st/stm32cubeide_1.7.0/stm32cubeide/plugins/com.st.stm32cube.ide.mcu.externaltools.gnu-tools-for-stm32.9-2020-q2-update.win32_2.0.0.202105311346/tools/bin/../lib/gcc/arm-none-eabi/9.3.1/thumb/v7e-m+dp/hard/crtbegin.o
                0x000000002000000c                . = ALIGN (0x4)

.bss            0x000000002000000c      0x160 load address 0x00000000080035d8
                0x000000002000000c                _sbss = .
                0x000000002000000c                __bss_start__ = _sbss
 *(.bss)
 .bss           0x000000002000000c       0x1c d:/st/stm32cubeide_1.7.0/stm32cubeide/plugins/com.st.stm32cube.ide.mcu.externaltools.gnu-tools-for-stm32.9-2020-q2-update.win32_2.0.0.202105311346/tools/bin/../lib/gcc/arm-none-eabi/9.3.1/thumb/v7e-m+dp/hard/crtbegin.o
 *(.bss*)
 *(COMMON)
 COMMON         0x0000000020000028       0x24 ./Core/Src/crc.o
                0x0000000020000028                hcrc
 COMMON         0x000000002000004c       0x4c ./Core/Src/i2c.o
                0x000000002000004c                hi2c3
 COMMON         0x0000000020000098       0x4c ./Core/Src/quadspi.o
                0x0000000020000098                hqspi
 COMMON         0x00000000200000e4       0x84 ./Core/Src/usart.o
                0x00000000200000e4                huart5
 COMMON         0x0000000020000168        0x4 ./Drivers/STM32F7xx_HAL_Driver/Src/stm32f7xx_hal.o
                0x0000000020000168                uwTick
                0x000000002000016c                . = ALIGN (0x4)
                0x000000002000016c                _ebss = .
                0x000000002000016c                __bss_end__ = _ebss

._user_heap_stack
                0x000000002000016c      0x604 load address 0x00000000080035d8
                0x0000000020000170                . = ALIGN (0x8)
 *fill*         0x000000002000016c        0x4 
                [!provide]                        PROVIDE (end = .)
                0x0000000020000170                PROVIDE (_end = .)
                0x0000000020000370                . = (. + _Min_Heap_Size)
 *fill*         0x0000000020000170      0x200 
                0x0000000020000770                . = (. + _Min_Stack_Size)
 *fill*         0x0000000020000370      0x400 
                0x0000000020000770                . = ALIGN (0x8)

/DISCARD/
 libc.a(*)
 libm.a(*)
 libgcc.a(*)

.ARM.attributes
                0x0000000000000000       0x2e
 *(.ARM.attributes)
 .ARM.attributes
                0x0000000000000000       0x1e d:/st/stm32cubeide_1.7.0/stm32cubeide/plugins/com.st.stm32cube.ide.mcu.externaltools.gnu-tools-for-stm32.9-2020-q2-update.win32_2.0.0.202105311346/tools/bin/../lib/gcc/arm-none-eabi/9.3.1/thumb/v7e-m+dp/hard/crti.o
 .ARM.attributes
                0x000000000000001e       0x32 d:/st/stm32cubeide_1.7.0/stm32cubeide/plugins/com.st.stm32cube.ide.mcu.externaltools.gnu-tools-for-stm32.9-2020-q2-update.win32_2.0.0.202105311346/tools/bin/../lib/gcc/arm-none-eabi/9.3.1/thumb/v7e-m+dp/hard/crtbegin.o
 .ARM.attributes
                0x0000000000000050       0x32 ./Core/Src/crc.o
 .ARM.attributes
                0x0000000000000082       0x32 ./Core/Src/gpio.o
 .ARM.attributes
                0x00000000000000b4       0x32 ./Core/Src/i2c.o
 .ARM.attributes
                0x00000000000000e6       0x32 ./Core/Src/main.o
 .ARM.attributes
                0x0000000000000118       0x32 ./Core/Src/quadspi.o
 .ARM.attributes
                0x000000000000014a       0x32 ./Core/Src/stm32f7xx_hal_msp.o
 .ARM.attributes
                0x000000000000017c       0x32 ./Core/Src/stm32f7xx_it.o
 .ARM.attributes
                0x00000000000001ae       0x32 ./Core/Src/system_stm32f7xx.o
 .ARM.attributes
                0x00000000000001e0       0x32 ./Core/Src/usart.o
 .ARM.attributes
                0x0000000000000212       0x21 ./Core/Startup/startup_stm32f767zitx.o
 .ARM.attributes
                0x0000000000000233       0x32 ./Drivers/STM32F7xx_HAL_Driver/Src/stm32f7xx_hal.o
 .ARM.attributes
                0x0000000000000265       0x32 ./Drivers/STM32F7xx_HAL_Driver/Src/stm32f7xx_hal_cortex.o
 .ARM.attributes
                0x0000000000000297       0x32 ./Drivers/STM32F7xx_HAL_Driver/Src/stm32f7xx_hal_crc.o
 .ARM.attributes
                0x00000000000002c9       0x32 ./Drivers/STM32F7xx_HAL_Driver/Src/stm32f7xx_hal_crc_ex.o
 .ARM.attributes
                0x00000000000002fb       0x32 ./Drivers/STM32F7xx_HAL_Driver/Src/stm32f7xx_hal_gpio.o
 .ARM.attributes
                0x000000000000032d       0x32 ./Drivers/STM32F7xx_HAL_Driver/Src/stm32f7xx_hal_i2c.o
 .ARM.attributes
                0x000000000000035f       0x32 ./Drivers/STM32F7xx_HAL_Driver/Src/stm32f7xx_hal_i2c_ex.o
 .ARM.attributes
                0x0000000000000391       0x32 ./Drivers/STM32F7xx_HAL_Driver/Src/stm32f7xx_hal_qspi.o
 .ARM.attributes
                0x00000000000003c3       0x32 ./Drivers/STM32F7xx_HAL_Driver/Src/stm32f7xx_hal_rcc.o
 .ARM.attributes
                0x00000000000003f5       0x32 ./Drivers/STM32F7xx_HAL_Driver/Src/stm32f7xx_hal_rcc_ex.o
 .ARM.attributes
                0x0000000000000427       0x32 ./Drivers/STM32F7xx_HAL_Driver/Src/stm32f7xx_hal_uart.o
 .ARM.attributes
                0x0000000000000459       0x32 d:/st/stm32cubeide_1.7.0/stm32cubeide/plugins/com.st.stm32cube.ide.mcu.externaltools.gnu-tools-for-stm32.9-2020-q2-update.win32_2.0.0.202105311346/tools/bin/../lib/gcc/arm-none-eabi/9.3.1/../../../../arm-none-eabi/lib/thumb/v7e-m+dp/hard\libc_nano.a(lib_a-init.o)
 .ARM.attributes
                0x000000000000048b       0x32 d:/st/stm32cubeide_1.7.0/stm32cubeide/plugins/com.st.stm32cube.ide.mcu.externaltools.gnu-tools-for-stm32.9-2020-q2-update.win32_2.0.0.202105311346/tools/bin/../lib/gcc/arm-none-eabi/9.3.1/../../../../arm-none-eabi/lib/thumb/v7e-m+dp/hard\libc_nano.a(lib_a-memset.o)
 .ARM.attributes
                0x00000000000004bd       0x1e d:/st/stm32cubeide_1.7.0/stm32cubeide/plugins/com.st.stm32cube.ide.mcu.externaltools.gnu-tools-for-stm32.9-2020-q2-update.win32_2.0.0.202105311346/tools/bin/../lib/gcc/arm-none-eabi/9.3.1/thumb/v7e-m+dp/hard\libgcc.a(_aeabi_uldivmod.o)
 .ARM.attributes
                0x00000000000004db       0x32 d:/st/stm32cubeide_1.7.0/stm32cubeide/plugins/com.st.stm32cube.ide.mcu.externaltools.gnu-tools-for-stm32.9-2020-q2-update.win32_2.0.0.202105311346/tools/bin/../lib/gcc/arm-none-eabi/9.3.1/thumb/v7e-m+dp/hard\libgcc.a(_udivmoddi4.o)
 .ARM.attributes
                0x000000000000050d       0x1e d:/st/stm32cubeide_1.7.0/stm32cubeide/plugins/com.st.stm32cube.ide.mcu.externaltools.gnu-tools-for-stm32.9-2020-q2-update.win32_2.0.0.202105311346/tools/bin/../lib/gcc/arm-none-eabi/9.3.1/thumb/v7e-m+dp/hard\libgcc.a(_dvmd_tls.o)
 .ARM.attributes
                0x000000000000052b       0x1e d:/st/stm32cubeide_1.7.0/stm32cubeide/plugins/com.st.stm32cube.ide.mcu.externaltools.gnu-tools-for-stm32.9-2020-q2-update.win32_2.0.0.202105311346/tools/bin/../lib/gcc/arm-none-eabi/9.3.1/thumb/v7e-m+dp/hard/crtn.o
OUTPUT(bootloader.elf elf32-littlearm)
LOAD linker stubs
LOAD d:/st/stm32cubeide_1.7.0/stm32cubeide/plugins/com.st.stm32cube.ide.mcu.externaltools.gnu-tools-for-stm32.9-2020-q2-update.win32_2.0.0.202105311346/tools/bin/../lib/gcc/arm-none-eabi/9.3.1/../../../../arm-none-eabi/lib/thumb/v7e-m+dp/hard\libc.a
LOAD d:/st/stm32cubeide_1.7.0/stm32cubeide/plugins/com.st.stm32cube.ide.mcu.externaltools.gnu-tools-for-stm32.9-2020-q2-update.win32_2.0.0.202105311346/tools/bin/../lib/gcc/arm-none-eabi/9.3.1/../../../../arm-none-eabi/lib/thumb/v7e-m+dp/hard\libm.a
LOAD d:/st/stm32cubeide_1.7.0/stm32cubeide/plugins/com.st.stm32cube.ide.mcu.externaltools.gnu-tools-for-stm32.9-2020-q2-update.win32_2.0.0.202105311346/tools/bin/../lib/gcc/arm-none-eabi/9.3.1/thumb/v7e-m+dp/hard\libgcc.a

.debug_info     0x0000000000000000     0xf6e7
 .debug_info    0x0000000000000000      0x609 ./Core/Src/crc.o
 .debug_info    0x0000000000000609      0x559 ./Core/Src/gpio.o
 .debug_info    0x0000000000000b62      0xd40 ./Core/Src/i2c.o
 .debug_info    0x00000000000018a2     0x1d63 ./Core/Src/main.o
 .debug_info    0x0000000000003605      0xa81 ./Core/Src/quadspi.o
 .debug_info    0x0000000000004086      0x3be ./Core/Src/stm32f7xx_hal_msp.o
 .debug_info    0x0000000000004444      0x222 ./Core/Src/stm32f7xx_it.o
 .debug_info    0x0000000000004666      0x7ad ./Core/Src/system_stm32f7xx.o
 .debug_info    0x0000000000004e13      0xd8d ./Core/Src/usart.o
 .debug_info    0x0000000000005ba0       0x22 ./Core/Startup/startup_stm32f767zitx.o
 .debug_info    0x0000000000005bc2      0xab8 ./Drivers/STM32F7xx_HAL_Driver/Src/stm32f7xx_hal.o
 .debug_info    0x000000000000667a     0x1158 ./Drivers/STM32F7xx_HAL_Driver/Src/stm32f7xx_hal_cortex.o
 .debug_info    0x00000000000077d2      0x630 ./Drivers/STM32F7xx_HAL_Driver/Src/stm32f7xx_hal_crc.o
 .debug_info    0x0000000000007e02      0x463 ./Drivers/STM32F7xx_HAL_Driver/Src/stm32f7xx_hal_crc_ex.o
 .debug_info    0x0000000000008265      0x876 ./Drivers/STM32F7xx_HAL_Driver/Src/stm32f7xx_hal_gpio.o
 .debug_info    0x0000000000008adb     0x221e ./Drivers/STM32F7xx_HAL_Driver/Src/stm32f7xx_hal_i2c.o
 .debug_info    0x000000000000acf9      0xa9c ./Drivers/STM32F7xx_HAL_Driver/Src/stm32f7xx_hal_i2c_ex.o
 .debug_info    0x000000000000b795     0x1363 ./Drivers/STM32F7xx_HAL_Driver/Src/stm32f7xx_hal_qspi.o
 .debug_info    0x000000000000caf8      0xa28 ./Drivers/STM32F7xx_HAL_Driver/Src/stm32f7xx_hal_rcc.o
 .debug_info    0x000000000000d520      0x853 ./Drivers/STM32F7xx_HAL_Driver/Src/stm32f7xx_hal_rcc_ex.o
 .debug_info    0x000000000000dd73     0x1974 ./Drivers/STM32F7xx_HAL_Driver/Src/stm32f7xx_hal_uart.o

.debug_abbrev   0x0000000000000000     0x2603
 .debug_abbrev  0x0000000000000000      0x177 ./Core/Src/crc.o
 .debug_abbrev  0x0000000000000177      0x14e ./Core/Src/gpio.o
 .debug_abbrev  0x00000000000002c5      0x1c6 ./Core/Src/i2c.o
 .debug_abbrev  0x000000000000048b      0x2e4 ./Core/Src/main.o
 .debug_abbrev  0x000000000000076f      0x1bb ./Core/Src/quadspi.o
 .debug_abbrev  0x000000000000092a      0x11d ./Core/Src/stm32f7xx_hal_msp.o
 .debug_abbrev  0x0000000000000a47       0xd2 ./Core/Src/stm32f7xx_it.o
 .debug_abbrev  0x0000000000000b19      0x165 ./Core/Src/system_stm32f7xx.o
 .debug_abbrev  0x0000000000000c7e      0x1d3 ./Core/Src/usart.o
 .debug_abbrev  0x0000000000000e51       0x12 ./Core/Startup/startup_stm32f767zitx.o
 .debug_abbrev  0x0000000000000e63      0x1ed ./Drivers/STM32F7xx_HAL_Driver/Src/stm32f7xx_hal.o
 .debug_abbrev  0x0000000000001050      0x33c ./Drivers/STM32F7xx_HAL_Driver/Src/stm32f7xx_hal_cortex.o
 .debug_abbrev  0x000000000000138c      0x1f9 ./Drivers/STM32F7xx_HAL_Driver/Src/stm32f7xx_hal_crc.o
 .debug_abbrev  0x0000000000001585      0x185 ./Drivers/STM32F7xx_HAL_Driver/Src/stm32f7xx_hal_crc_ex.o
 .debug_abbrev  0x000000000000170a      0x1f1 ./Drivers/STM32F7xx_HAL_Driver/Src/stm32f7xx_hal_gpio.o
 .debug_abbrev  0x00000000000018fb      0x256 ./Drivers/STM32F7xx_HAL_Driver/Src/stm32f7xx_hal_i2c.o
 .debug_abbrev  0x0000000000001b51      0x1bb ./Drivers/STM32F7xx_HAL_Driver/Src/stm32f7xx_hal_i2c_ex.o
 .debug_abbrev  0x0000000000001d0c      0x24b ./Drivers/STM32F7xx_HAL_Driver/Src/stm32f7xx_hal_qspi.o
 .debug_abbrev  0x0000000000001f57      0x29c ./Drivers/STM32F7xx_HAL_Driver/Src/stm32f7xx_hal_rcc.o
 .debug_abbrev  0x00000000000021f3      0x1d1 ./Drivers/STM32F7xx_HAL_Driver/Src/stm32f7xx_hal_rcc_ex.o
 .debug_abbrev  0x00000000000023c4      0x23f ./Drivers/STM32F7xx_HAL_Driver/Src/stm32f7xx_hal_uart.o

.debug_aranges  0x0000000000000000      0xc58
 .debug_aranges
                0x0000000000000000       0x30 ./Core/Src/crc.o
 .debug_aranges
                0x0000000000000030       0x20 ./Core/Src/gpio.o
 .debug_aranges
                0x0000000000000050       0x30 ./Core/Src/i2c.o
 .debug_aranges
                0x0000000000000080       0x58 ./Core/Src/main.o
 .debug_aranges
                0x00000000000000d8       0x30 ./Core/Src/quadspi.o
 .debug_aranges
                0x0000000000000108       0x20 ./Core/Src/stm32f7xx_hal_msp.o
 .debug_aranges
                0x0000000000000128       0x60 ./Core/Src/stm32f7xx_it.o
 .debug_aranges
                0x0000000000000188       0x28 ./Core/Src/system_stm32f7xx.o
 .debug_aranges
                0x00000000000001b0       0x38 ./Core/Src/usart.o
 .debug_aranges
                0x00000000000001e8       0x28 ./Core/Startup/startup_stm32f767zitx.o
 .debug_aranges
                0x0000000000000210      0x110 ./Drivers/STM32F7xx_HAL_Driver/Src/stm32f7xx_hal.o
 .debug_aranges
                0x0000000000000320      0x118 ./Drivers/STM32F7xx_HAL_Driver/Src/stm32f7xx_hal_cortex.o
 .debug_aranges
                0x0000000000000438       0x60 ./Drivers/STM32F7xx_HAL_Driver/Src/stm32f7xx_hal_crc.o
 .debug_aranges
                0x0000000000000498       0x30 ./Drivers/STM32F7xx_HAL_Driver/Src/stm32f7xx_hal_crc_ex.o
 .debug_aranges
                0x00000000000004c8       0x58 ./Drivers/STM32F7xx_HAL_Driver/Src/stm32f7xx_hal_gpio.o
 .debug_aranges
                0x0000000000000520      0x290 ./Drivers/STM32F7xx_HAL_Driver/Src/stm32f7xx_hal_i2c.o
 .debug_aranges
                0x00000000000007b0       0x38 ./Drivers/STM32F7xx_HAL_Driver/Src/stm32f7xx_hal_i2c_ex.o
 .debug_aranges
                0x00000000000007e8      0x168 ./Drivers/STM32F7xx_HAL_Driver/Src/stm32f7xx_hal_qspi.o
 .debug_aranges
                0x0000000000000950       0x88 ./Drivers/STM32F7xx_HAL_Driver/Src/stm32f7xx_hal_rcc.o
 .debug_aranges
                0x00000000000009d8       0x50 ./Drivers/STM32F7xx_HAL_Driver/Src/stm32f7xx_hal_rcc_ex.o
 .debug_aranges
                0x0000000000000a28      0x230 ./Drivers/STM32F7xx_HAL_Driver/Src/stm32f7xx_hal_uart.o

.debug_ranges   0x0000000000000000      0xb40
 .debug_ranges  0x0000000000000000       0x20 ./Core/Src/crc.o
 .debug_ranges  0x0000000000000020       0x10 ./Core/Src/gpio.o
 .debug_ranges  0x0000000000000030       0x20 ./Core/Src/i2c.o
 .debug_ranges  0x0000000000000050       0x48 ./Core/Src/main.o
 .debug_ranges  0x0000000000000098       0x20 ./Core/Src/quadspi.o
 .debug_ranges  0x00000000000000b8       0x10 ./Core/Src/stm32f7xx_hal_msp.o
 .debug_ranges  0x00000000000000c8       0x50 ./Core/Src/stm32f7xx_it.o
 .debug_ranges  0x0000000000000118       0x18 ./Core/Src/system_stm32f7xx.o
 .debug_ranges  0x0000000000000130       0x28 ./Core/Src/usart.o
 .debug_ranges  0x0000000000000158       0x20 ./Core/Startup/startup_stm32f767zitx.o
 .debug_ranges  0x0000000000000178      0x100 ./Drivers/STM32F7xx_HAL_Driver/Src/stm32f7xx_hal.o
 .debug_ranges  0x0000000000000278      0x108 ./Drivers/STM32F7xx_HAL_Driver/Src/stm32f7xx_hal_cortex.o
 .debug_ranges  0x0000000000000380       0x50 ./Drivers/STM32F7xx_HAL_Driver/Src/stm32f7xx_hal_crc.o
 .debug_ranges  0x00000000000003d0       0x20 ./Drivers/STM32F7xx_HAL_Driver/Src/stm32f7xx_hal_crc_ex.o
 .debug_ranges  0x00000000000003f0       0x48 ./Drivers/STM32F7xx_HAL_Driver/Src/stm32f7xx_hal_gpio.o
 .debug_ranges  0x0000000000000438      0x280 ./Drivers/STM32F7xx_HAL_Driver/Src/stm32f7xx_hal_i2c.o
 .debug_ranges  0x00000000000006b8       0x28 ./Drivers/STM32F7xx_HAL_Driver/Src/stm32f7xx_hal_i2c_ex.o
 .debug_ranges  0x00000000000006e0      0x158 ./Drivers/STM32F7xx_HAL_Driver/Src/stm32f7xx_hal_qspi.o
 .debug_ranges  0x0000000000000838       0x78 ./Drivers/STM32F7xx_HAL_Driver/Src/stm32f7xx_hal_rcc.o
 .debug_ranges  0x00000000000008b0       0x40 ./Drivers/STM32F7xx_HAL_Driver/Src/stm32f7xx_hal_rcc_ex.o
 .debug_ranges  0x00000000000008f0      0x250 ./Drivers/STM32F7xx_HAL_Driver/Src/stm32f7xx_hal_uart.o

.debug_macro    0x0000000000000000     0x29ca
 .debug_macro   0x0000000000000000      0x210 ./Core/Src/crc.o
 .debug_macro   0x0000000000000210      0x210 ./Core/Src/gpio.o
 .debug_macro   0x0000000000000420      0x210 ./Core/Src/i2c.o
 .debug_macro   0x0000000000000630      0x24c ./Core/Src/main.o
 .debug_macro   0x000000000000087c      0x210 ./Core/Src/quadspi.o
 .debug_macro   0x0000000000000a8c      0x206 ./Core/Src/stm32f7xx_hal_msp.o
 .debug_macro   0x0000000000000c92      0x210 ./Core/Src/stm32f7xx_it.o
 .debug_macro   0x0000000000000ea2      0x1f7 ./Core/Src/system_stm32f7xx.o
 .debug_macro   0x0000000000001099      0x210 ./Core/Src/usart.o
 .debug_macro   0x00000000000012a9      0x21b ./Drivers/STM32F7xx_HAL_Driver/Src/stm32f7xx_hal.o
 .debug_macro   0x00000000000014c4      0x1f7 ./Drivers/STM32F7xx_HAL_Driver/Src/stm32f7xx_hal_cortex.o
 .debug_macro   0x00000000000016bb      0x1f7 ./Drivers/STM32F7xx_HAL_Driver/Src/stm32f7xx_hal_crc.o
 .debug_macro   0x00000000000018b2      0x1f7 ./Drivers/STM32F7xx_HAL_Driver/Src/stm32f7xx_hal_crc_ex.o
 .debug_macro   0x0000000000001aa9      0x22d ./Drivers/STM32F7xx_HAL_Driver/Src/stm32f7xx_hal_gpio.o
 .debug_macro   0x0000000000001cd6      0x2bc ./Drivers/STM32F7xx_HAL_Driver/Src/stm32f7xx_hal_i2c.o
 .debug_macro   0x0000000000001f92      0x1f7 ./Drivers/STM32F7xx_HAL_Driver/Src/stm32f7xx_hal_i2c_ex.o
 .debug_macro   0x0000000000002189      0x21b ./Drivers/STM32F7xx_HAL_Driver/Src/stm32f7xx_hal_qspi.o
 .debug_macro   0x00000000000023a4      0x21b ./Drivers/STM32F7xx_HAL_Driver/Src/stm32f7xx_hal_rcc.o
 .debug_macro   0x00000000000025bf      0x1f7 ./Drivers/STM32F7xx_HAL_Driver/Src/stm32f7xx_hal_rcc_ex.o
 .debug_macro   0x00000000000027b6      0x214 ./Drivers/STM32F7xx_HAL_Driver/Src/stm32f7xx_hal_uart.o

.debug_line     0x0000000000000000    0x10560
 .debug_line    0x0000000000000000      0x76b ./Core/Src/crc.o
 .debug_line    0x000000000000076b      0x731 ./Core/Src/gpio.o
 .debug_line    0x0000000000000e9c      0x7c2 ./Core/Src/i2c.o
 .debug_line    0x000000000000165e      0x919 ./Core/Src/main.o
 .debug_line    0x0000000000001f77      0x7c7 ./Core/Src/quadspi.o
 .debug_line    0x000000000000273e      0x721 ./Core/Src/stm32f7xx_hal_msp.o
 .debug_line    0x0000000000002e5f      0x7e3 ./Core/Src/stm32f7xx_it.o
 .debug_line    0x0000000000003642      0x7a0 ./Core/Src/system_stm32f7xx.o
 .debug_line    0x0000000000003de2      0x7cb ./Core/Src/usart.o
 .debug_line    0x00000000000045ad       0x88 ./Core/Startup/startup_stm32f767zitx.o
 .debug_line    0x0000000000004635      0xa61 ./Drivers/STM32F7xx_HAL_Driver/Src/stm32f7xx_hal.o
 .debug_line    0x0000000000005096      0xcb7 ./Drivers/STM32F7xx_HAL_Driver/Src/stm32f7xx_hal_cortex.o
 .debug_line    0x0000000000005d4d      0xa61 ./Drivers/STM32F7xx_HAL_Driver/Src/stm32f7xx_hal_crc.o
 .debug_line    0x00000000000067ae      0x7d3 ./Drivers/STM32F7xx_HAL_Driver/Src/stm32f7xx_hal_crc_ex.o
 .debug_line    0x0000000000006f81      0xbb3 ./Drivers/STM32F7xx_HAL_Driver/Src/stm32f7xx_hal_gpio.o
 .debug_line    0x0000000000007b34     0x330f ./Drivers/STM32F7xx_HAL_Driver/Src/stm32f7xx_hal_i2c.o
 .debug_line    0x000000000000ae43      0x85c ./Drivers/STM32F7xx_HAL_Driver/Src/stm32f7xx_hal_i2c_ex.o
 .debug_line    0x000000000000b69f     0x144b ./Drivers/STM32F7xx_HAL_Driver/Src/stm32f7xx_hal_qspi.o
 .debug_line    0x000000000000caea      0xea1 ./Drivers/STM32F7xx_HAL_Driver/Src/stm32f7xx_hal_rcc.o
 .debug_line    0x000000000000d98b      0xe7f ./Drivers/STM32F7xx_HAL_Driver/Src/stm32f7xx_hal_rcc_ex.o
 .debug_line    0x000000000000e80a     0x1d56 ./Drivers/STM32F7xx_HAL_Driver/Src/stm32f7xx_hal_uart.o

.debug_str      0x0000000000000000    0xf2c2e
 .debug_str     0x0000000000000000    0xee715 ./Core/Src/crc.o
                                      0xeedee (size before relaxing)
 .debug_str     0x00000000000ee715       0xb0 ./Core/Src/gpio.o
                                      0xeeca4 (size before relaxing)
 .debug_str     0x00000000000ee7c5      0x6fc ./Core/Src/i2c.o
                                      0xef48e (size before relaxing)
 .debug_str     0x00000000000eeec1      0x97c ./Core/Src/main.o
                                      0xefca8 (size before relaxing)
 .debug_str     0x00000000000ef83d       0x55 ./Core/Src/quadspi.o
                                      0xef12c (size before relaxing)
 .debug_str     0x00000000000ef892       0x2c ./Core/Src/stm32f7xx_hal_msp.o
                                      0xeec07 (size before relaxing)
 .debug_str     0x00000000000ef8be       0xbd ./Core/Src/stm32f7xx_it.o
                                      0xeeb78 (size before relaxing)
 .debug_str     0x00000000000ef97b       0x5b ./Core/Src/system_stm32f7xx.o
                                      0xeed1b (size before relaxing)
 .debug_str     0x00000000000ef9d6       0x5a ./Core/Src/usart.o
                                      0xef3f4 (size before relaxing)
 .debug_str     0x00000000000efa30       0x36 ./Core/Startup/startup_stm32f767zitx.o
                                         0x89 (size before relaxing)
 .debug_str     0x00000000000efa66      0x9cc ./Drivers/STM32F7xx_HAL_Driver/Src/stm32f7xx_hal.o
                                      0xef6b9 (size before relaxing)
 .debug_str     0x00000000000f0432      0x38f ./Drivers/STM32F7xx_HAL_Driver/Src/stm32f7xx_hal_cortex.o
                                      0xef725 (size before relaxing)
 .debug_str     0x00000000000f07c1       0xc0 ./Drivers/STM32F7xx_HAL_Driver/Src/stm32f7xx_hal_crc.o
                                      0xeed69 (size before relaxing)
 .debug_str     0x00000000000f0881       0x82 ./Drivers/STM32F7xx_HAL_Driver/Src/stm32f7xx_hal_crc_ex.o
                                      0xeed3c (size before relaxing)
 .debug_str     0x00000000000f0903      0x244 ./Drivers/STM32F7xx_HAL_Driver/Src/stm32f7xx_hal_gpio.o
                                      0xeef06 (size before relaxing)
 .debug_str     0x00000000000f0b47      0xd57 ./Drivers/STM32F7xx_HAL_Driver/Src/stm32f7xx_hal_i2c.o
                                      0xefe71 (size before relaxing)
 .debug_str     0x00000000000f189e       0x89 ./Drivers/STM32F7xx_HAL_Driver/Src/stm32f7xx_hal_i2c_ex.o
                                      0xef1ed (size before relaxing)
 .debug_str     0x00000000000f1927      0x6cc ./Drivers/STM32F7xx_HAL_Driver/Src/stm32f7xx_hal_qspi.o
                                      0xef657 (size before relaxing)
 .debug_str     0x00000000000f1ff3      0x27b ./Drivers/STM32F7xx_HAL_Driver/Src/stm32f7xx_hal_rcc.o
                                      0xef064 (size before relaxing)
 .debug_str     0x00000000000f226e      0x169 ./Drivers/STM32F7xx_HAL_Driver/Src/stm32f7xx_hal_rcc_ex.o
                                      0xef019 (size before relaxing)
 .debug_str     0x00000000000f23d7      0x857 ./Drivers/STM32F7xx_HAL_Driver/Src/stm32f7xx_hal_uart.o
                                      0xef935 (size before relaxing)

.comment        0x0000000000000000       0x53
 .comment       0x0000000000000000       0x53 ./Core/Src/crc.o
                                         0x54 (size before relaxing)
 .comment       0x0000000000000053       0x54 ./Core/Src/gpio.o
 .comment       0x0000000000000053       0x54 ./Core/Src/i2c.o
 .comment       0x0000000000000053       0x54 ./Core/Src/main.o
 .comment       0x0000000000000053       0x54 ./Core/Src/quadspi.o
 .comment       0x0000000000000053       0x54 ./Core/Src/stm32f7xx_hal_msp.o
 .comment       0x0000000000000053       0x54 ./Core/Src/stm32f7xx_it.o
 .comment       0x0000000000000053       0x54 ./Core/Src/system_stm32f7xx.o
 .comment       0x0000000000000053       0x54 ./Core/Src/usart.o
 .comment       0x0000000000000053       0x54 ./Drivers/STM32F7xx_HAL_Driver/Src/stm32f7xx_hal.o
 .comment       0x0000000000000053       0x54 ./Drivers/STM32F7xx_HAL_Driver/Src/stm32f7xx_hal_cortex.o
 .comment       0x0000000000000053       0x54 ./Drivers/STM32F7xx_HAL_Driver/Src/stm32f7xx_hal_crc.o
 .comment       0x0000000000000053       0x54 ./Drivers/STM32F7xx_HAL_Driver/Src/stm32f7xx_hal_crc_ex.o
 .comment       0x0000000000000053       0x54 ./Drivers/STM32F7xx_HAL_Driver/Src/stm32f7xx_hal_gpio.o
 .comment       0x0000000000000053       0x54 ./Drivers/STM32F7xx_HAL_Driver/Src/stm32f7xx_hal_i2c.o
 .comment       0x0000000000000053       0x54 ./Drivers/STM32F7xx_HAL_Driver/Src/stm32f7xx_hal_i2c_ex.o
 .comment       0x0000000000000053       0x54 ./Drivers/STM32F7xx_HAL_Driver/Src/stm32f7xx_hal_qspi.o
 .comment       0x0000000000000053       0x54 ./Drivers/STM32F7xx_HAL_Driver/Src/stm32f7xx_hal_rcc.o
 .comment       0x0000000000000053       0x54 ./Drivers/STM32F7xx_HAL_Driver/Src/stm32f7xx_hal_rcc_ex.o
 .comment       0x0000000000000053       0x54 ./Drivers/STM32F7xx_HAL_Driver/Src/stm32f7xx_hal_uart.o

.debug_frame    0x0000000000000000     0x317c
 .debug_frame   0x0000000000000000       0x7c ./Core/Src/crc.o
 .debug_frame   0x000000000000007c       0x34 ./Core/Src/gpio.o
 .debug_frame   0x00000000000000b0       0x78 ./Core/Src/i2c.o
 .debug_frame   0x0000000000000128      0x118 ./Core/Src/main.o
 .debug_frame   0x0000000000000240       0x74 ./Core/Src/quadspi.o
 .debug_frame   0x00000000000002b4       0x38 ./Core/Src/stm32f7xx_hal_msp.o
 .debug_frame   0x00000000000002ec      0x104 ./Core/Src/stm32f7xx_it.o
 .debug_frame   0x00000000000003f0       0x58 ./Core/Src/system_stm32f7xx.o
 .debug_frame   0x0000000000000448       0x98 ./Core/Src/usart.o
 .debug_frame   0x00000000000004e0      0x3f4 ./Drivers/STM32F7xx_HAL_Driver/Src/stm32f7xx_hal.o
 .debug_frame   0x00000000000008d4      0x498 ./Drivers/STM32F7xx_HAL_Driver/Src/stm32f7xx_hal_cortex.o
 .debug_frame   0x0000000000000d6c      0x168 ./Drivers/STM32F7xx_HAL_Driver/Src/stm32f7xx_hal_crc.o
 .debug_frame   0x0000000000000ed4       0x88 ./Drivers/STM32F7xx_HAL_Driver/Src/stm32f7xx_hal_crc_ex.o
 .debug_frame   0x0000000000000f5c      0x14c ./Drivers/STM32F7xx_HAL_Driver/Src/stm32f7xx_hal_gpio.o
 .debug_frame   0x00000000000010a8      0xbe8 ./Drivers/STM32F7xx_HAL_Driver/Src/stm32f7xx_hal_i2c.o
 .debug_frame   0x0000000000001c90       0xb0 ./Drivers/STM32F7xx_HAL_Driver/Src/stm32f7xx_hal_i2c_ex.o
 .debug_frame   0x0000000000001d40      0x680 ./Drivers/STM32F7xx_HAL_Driver/Src/stm32f7xx_hal_qspi.o
 .debug_frame   0x00000000000023c0      0x1f0 ./Drivers/STM32F7xx_HAL_Driver/Src/stm32f7xx_hal_rcc.o
 .debug_frame   0x00000000000025b0      0x118 ./Drivers/STM32F7xx_HAL_Driver/Src/stm32f7xx_hal_rcc_ex.o
 .debug_frame   0x00000000000026c8      0xa08 ./Drivers/STM32F7xx_HAL_Driver/Src/stm32f7xx_hal_uart.o
 .debug_frame   0x00000000000030d0       0x2c d:/st/stm32cubeide_1.7.0/stm32cubeide/plugins/com.st.stm32cube.ide.mcu.externaltools.gnu-tools-for-stm32.9-2020-q2-update.win32_2.0.0.202105311346/tools/bin/../lib/gcc/arm-none-eabi/9.3.1/../../../../arm-none-eabi/lib/thumb/v7e-m+dp/hard\libc_nano.a(lib_a-init.o)
 .debug_frame   0x00000000000030fc       0x20 d:/st/stm32cubeide_1.7.0/stm32cubeide/plugins/com.st.stm32cube.ide.mcu.externaltools.gnu-tools-for-stm32.9-2020-q2-update.win32_2.0.0.202105311346/tools/bin/../lib/gcc/arm-none-eabi/9.3.1/../../../../arm-none-eabi/lib/thumb/v7e-m+dp/hard\libc_nano.a(lib_a-memset.o)
 .debug_frame   0x000000000000311c       0x2c d:/st/stm32cubeide_1.7.0/stm32cubeide/plugins/com.st.stm32cube.ide.mcu.externaltools.gnu-tools-for-stm32.9-2020-q2-update.win32_2.0.0.202105311346/tools/bin/../lib/gcc/arm-none-eabi/9.3.1/thumb/v7e-m+dp/hard\libgcc.a(_aeabi_uldivmod.o)
 .debug_frame   0x0000000000003148       0x34 d:/st/stm32cubeide_1.7.0/stm32cubeide/plugins/com.st.stm32cube.ide.mcu.externaltools.gnu-tools-for-stm32.9-2020-q2-update.win32_2.0.0.202105311346/tools/bin/../lib/gcc/arm-none-eabi/9.3.1/thumb/v7e-m+dp/hard\libgcc.a(_udivmoddi4.o)
