../Drivers/STM32F7xx_HAL_Driver/Src/stm32f7xx_hal_tim_ex.c:2584:13:TIM_CCxNChannelCmd	8	static
../Drivers/STM32F7xx_HAL_Driver/Src/stm32f7xx_hal_tim_ex.c:2539:13:TIM_DMAErrorCCxN	8	static
../Drivers/STM32F7xx_HAL_Driver/Src/stm32f7xx_hal_tim_ex.c:2480:13:TIM_DMADelayPulseNCplt	8	static
../Drivers/STM32F7xx_HAL_Driver/Src/stm32f7xx_hal_tim_ex.c:285:13:HAL_TIMEx_HallSensor_MspInit	0	static
../Drivers/STM32F7xx_HAL_Driver/Src/stm32f7xx_hal_tim_ex.c:139:19:HAL_TIMEx_HallSensor_Init	48	static
../Drivers/STM32F7xx_HAL_Driver/Src/stm32f7xx_hal_tim_ex.c:300:13:HAL_TIMEx_HallSensor_MspDeInit	0	static
../Drivers/STM32F7xx_HAL_Driver/Src/stm32f7xx_hal_tim_ex.c:240:19:HAL_TIMEx_HallSensor_DeInit	8	static
../Drivers/STM32F7xx_HAL_Driver/Src/stm32f7xx_hal_tim_ex.c:315:19:HAL_TIMEx_HallSensor_Start	16	static
../Drivers/STM32F7xx_HAL_Driver/Src/stm32f7xx_hal_tim_ex.c:369:19:HAL_TIMEx_HallSensor_Stop	8	static
../Drivers/STM32F7xx_HAL_Driver/Src/stm32f7xx_hal_tim_ex.c:397:19:HAL_TIMEx_HallSensor_Start_IT	16	static
../Drivers/STM32F7xx_HAL_Driver/Src/stm32f7xx_hal_tim_ex.c:454:19:HAL_TIMEx_HallSensor_Stop_IT	8	static
../Drivers/STM32F7xx_HAL_Driver/Src/stm32f7xx_hal_tim_ex.c:487:19:HAL_TIMEx_HallSensor_Start_DMA	24	static
../Drivers/STM32F7xx_HAL_Driver/Src/stm32f7xx_hal_tim_ex.c:563:19:HAL_TIMEx_HallSensor_Stop_DMA	8	static
../Drivers/STM32F7xx_HAL_Driver/Src/stm32f7xx_hal_tim_ex.c:625:19:HAL_TIMEx_OCN_Start	8	static
../Drivers/STM32F7xx_HAL_Driver/Src/stm32f7xx_hal_tim_ex.c:676:19:HAL_TIMEx_OCN_Stop	16	static
../Drivers/STM32F7xx_HAL_Driver/Src/stm32f7xx_hal_tim_ex.c:708:19:HAL_TIMEx_OCN_Start_IT	8	static
../Drivers/STM32F7xx_HAL_Driver/Src/stm32f7xx_hal_tim_ex.c:795:19:HAL_TIMEx_OCN_Stop_IT	16	static
../Drivers/STM32F7xx_HAL_Driver/Src/stm32f7xx_hal_tim_ex.c:870:19:HAL_TIMEx_OCN_Start_DMA	16	static
../Drivers/STM32F7xx_HAL_Driver/Src/stm32f7xx_hal_tim_ex.c:1007:19:HAL_TIMEx_OCN_Stop_DMA	16	static
../Drivers/STM32F7xx_HAL_Driver/Src/stm32f7xx_hal_tim_ex.c:1108:19:HAL_TIMEx_PWMN_Start	0	static
../Drivers/STM32F7xx_HAL_Driver/Src/stm32f7xx_hal_tim_ex.c:1158:19:HAL_TIMEx_PWMN_Stop	0	static
../Drivers/STM32F7xx_HAL_Driver/Src/stm32f7xx_hal_tim_ex.c:1190:19:HAL_TIMEx_PWMN_Start_IT	0	static
../Drivers/STM32F7xx_HAL_Driver/Src/stm32f7xx_hal_tim_ex.c:1276:19:HAL_TIMEx_PWMN_Stop_IT	0	static
../Drivers/STM32F7xx_HAL_Driver/Src/stm32f7xx_hal_tim_ex.c:1351:19:HAL_TIMEx_PWMN_Start_DMA	0	static
../Drivers/STM32F7xx_HAL_Driver/Src/stm32f7xx_hal_tim_ex.c:1488:19:HAL_TIMEx_PWMN_Stop_DMA	0	static
../Drivers/STM32F7xx_HAL_Driver/Src/stm32f7xx_hal_tim_ex.c:1579:19:HAL_TIMEx_OnePulseN_Start	24	static
../Drivers/STM32F7xx_HAL_Driver/Src/stm32f7xx_hal_tim_ex.c:1628:19:HAL_TIMEx_OnePulseN_Stop	16	static
../Drivers/STM32F7xx_HAL_Driver/Src/stm32f7xx_hal_tim_ex.c:1667:19:HAL_TIMEx_OnePulseN_Start_IT	24	static
../Drivers/STM32F7xx_HAL_Driver/Src/stm32f7xx_hal_tim_ex.c:1722:19:HAL_TIMEx_OnePulseN_Stop_IT	16	static
../Drivers/STM32F7xx_HAL_Driver/Src/stm32f7xx_hal_tim_ex.c:1802:19:HAL_TIMEx_ConfigCommutEvent	8	static
../Drivers/STM32F7xx_HAL_Driver/Src/stm32f7xx_hal_tim_ex.c:1858:19:HAL_TIMEx_ConfigCommutEvent_IT	8	static
../Drivers/STM32F7xx_HAL_Driver/Src/stm32f7xx_hal_tim_ex.c:1915:19:HAL_TIMEx_ConfigCommutEvent_DMA	8	static
../Drivers/STM32F7xx_HAL_Driver/Src/stm32f7xx_hal_tim_ex.c:1964:19:HAL_TIMEx_MasterConfigSynchronization	12	static
../Drivers/STM32F7xx_HAL_Driver/Src/stm32f7xx_hal_tim_ex.c:2037:19:HAL_TIMEx_ConfigBreakDeadTime	8	static
../Drivers/STM32F7xx_HAL_Driver/Src/stm32f7xx_hal_tim_ex.c:2102:19:HAL_TIMEx_ConfigBreakInput	20	static
../Drivers/STM32F7xx_HAL_Driver/Src/stm32f7xx_hal_tim_ex.c:2240:19:HAL_TIMEx_RemapConfig	0	static
../Drivers/STM32F7xx_HAL_Driver/Src/stm32f7xx_hal_tim_ex.c:2270:19:HAL_TIMEx_GroupChannel5	0	static
../Drivers/STM32F7xx_HAL_Driver/Src/stm32f7xx_hal_tim_ex.c:2320:13:HAL_TIMEx_CommutCallback	0	static
../Drivers/STM32F7xx_HAL_Driver/Src/stm32f7xx_hal_tim_ex.c:2441:6:TIMEx_DMACommutationCplt	8	static
../Drivers/STM32F7xx_HAL_Driver/Src/stm32f7xx_hal_tim_ex.c:2334:13:HAL_TIMEx_CommutHalfCpltCallback	0	static
../Drivers/STM32F7xx_HAL_Driver/Src/stm32f7xx_hal_tim_ex.c:2460:6:TIMEx_DMACommutationHalfCplt	8	static
../Drivers/STM32F7xx_HAL_Driver/Src/stm32f7xx_hal_tim_ex.c:2349:13:HAL_TIMEx_BreakCallback	0	static
../Drivers/STM32F7xx_HAL_Driver/Src/stm32f7xx_hal_tim_ex.c:2364:13:HAL_TIMEx_Break2Callback	0	static
../Drivers/STM32F7xx_HAL_Driver/Src/stm32f7xx_hal_tim_ex.c:2397:22:HAL_TIMEx_HallSensor_GetState	0	static
../Drivers/STM32F7xx_HAL_Driver/Src/stm32f7xx_hal_tim_ex.c:2412:29:HAL_TIMEx_GetChannelNState	0	static
