../Drivers/STM32F7xx_HAL_Driver/Src/stm32f7xx_hal_rtc.c:682:13:HAL_RTC_MspInit	0	static
../Drivers/STM32F7xx_HAL_Driver/Src/stm32f7xx_hal_rtc.c:698:13:HAL_RTC_MspDeInit	0	static
../Drivers/STM32F7xx_HAL_Driver/Src/stm32f7xx_hal_rtc.c:1450:19:HAL_RTC_DeactivateAlarm	16	static
../Drivers/STM32F7xx_HAL_Driver/Src/stm32f7xx_hal_rtc.c:1649:13:HAL_RTC_AlarmAEventCallback	0	static
../Drivers/STM32F7xx_HAL_Driver/Src/stm32f7xx_hal_rtc.c:1598:6:HAL_RTC_AlarmIRQHandler	8	static
../Drivers/STM32F7xx_HAL_Driver/Src/stm32f7xx_hal_rtc.c:1666:19:HAL_RTC_PollForAlarmAEvent	16	static
../Drivers/STM32F7xx_HAL_Driver/Src/stm32f7xx_hal_rtc.c:1728:19:HAL_RTC_WaitForSynchro	16	static
../Drivers/STM32F7xx_HAL_Driver/Src/stm32f7xx_hal_rtc.c:1774:21:HAL_RTC_GetState	0	static
../Drivers/STM32F7xx_HAL_Driver/Src/stm32f7xx_hal_rtc.c:1785:6:HAL_RTC_DST_Add1Hour	0	static
../Drivers/STM32F7xx_HAL_Driver/Src/stm32f7xx_hal_rtc.c:1798:6:HAL_RTC_DST_Sub1Hour	0	static
../Drivers/STM32F7xx_HAL_Driver/Src/stm32f7xx_hal_rtc.c:1811:6:HAL_RTC_DST_SetStoreOperation	0	static
../Drivers/STM32F7xx_HAL_Driver/Src/stm32f7xx_hal_rtc.c:1823:6:HAL_RTC_DST_ClearStoreOperation	0	static
../Drivers/STM32F7xx_HAL_Driver/Src/stm32f7xx_hal_rtc.c:1835:10:HAL_RTC_DST_ReadStoreOperation	0	static
../Drivers/STM32F7xx_HAL_Driver/Src/stm32f7xx_hal_rtc.c:1852:19:RTC_EnterInitMode	16	static
../Drivers/STM32F7xx_HAL_Driver/Src/stm32f7xx_hal_rtc.c:241:19:HAL_RTC_Init	16	static
../Drivers/STM32F7xx_HAL_Driver/Src/stm32f7xx_hal_rtc.c:358:19:HAL_RTC_DeInit	16	static
../Drivers/STM32F7xx_HAL_Driver/Src/stm32f7xx_hal_rtc.c:1884:9:RTC_ByteToBcd2	0	static
../Drivers/STM32F7xx_HAL_Driver/Src/stm32f7xx_hal_rtc.c:737:19:HAL_RTC_SetTime	24	static
../Drivers/STM32F7xx_HAL_Driver/Src/stm32f7xx_hal_rtc.c:916:19:HAL_RTC_SetDate	24	static
../Drivers/STM32F7xx_HAL_Driver/Src/stm32f7xx_hal_rtc.c:1081:19:HAL_RTC_SetAlarm	40	static
../Drivers/STM32F7xx_HAL_Driver/Src/stm32f7xx_hal_rtc.c:1267:19:HAL_RTC_SetAlarm_IT	40	static
../Drivers/STM32F7xx_HAL_Driver/Src/stm32f7xx_hal_rtc.c:1902:9:RTC_Bcd2ToByte	0	static
../Drivers/STM32F7xx_HAL_Driver/Src/stm32f7xx_hal_rtc.c:871:19:HAL_RTC_GetTime	16	static
../Drivers/STM32F7xx_HAL_Driver/Src/stm32f7xx_hal_rtc.c:1026:19:HAL_RTC_GetDate	16	static
../Drivers/STM32F7xx_HAL_Driver/Src/stm32f7xx_hal_rtc.c:1547:19:HAL_RTC_GetAlarm	24	static
