../Core/Src/sensors/MPU9250.c:96:13:MPU9250_OnActivate	4	static
../Core/Src/sensors/MPU9250.c:100:6:MPU9250_IsConnected	8	static
../Core/Src/sensors/MPU9250.c:108:6:MPU_I2C_Write	32	static
../Core/Src/sensors/MPU9250.c:113:6:MPU_I2C_Read	32	static
../Core/Src/sensors/MPU9250.c:168:6:writeRegister	16	static
../Core/Src/sensors/MPU9250.c:179:6:readRegisters	16	static
../Core/Src/sensors/MPU9250.c:188:6:writeAK8963Register	16	static
../Core/Src/sensors/MPU9250.c:204:6:readAK8963Registers	16	static
../Core/Src/sensors/MPU9250.c:223:16:whoAmI	8	static
../Core/Src/sensors/MPU9250.c:232:12:whoAmIAK8963	8	static
../Core/Src/sensors/MPU9250.c:240:9:MPU9250_Init	16	static
../Core/Src/sensors/MPU9250.c:347:6:MPU9250_SetAccelRange	16	static
../Core/Src/sensors/MPU9250.c:353:6:MPU9250_SetGyroRange	16	static
../Core/Src/sensors/MPU9250.c:359:6:MPU9250_SetDLPFBandwidth	16	static
../Core/Src/sensors/MPU9250.c:366:6:MPU9250_SetSampleRateDivider	16	static
../Core/Src/sensors/MPU9250.c:409:6:MPU9250_GetData	32	static
