20:12:27 **** Incremental Build of configuration Debug for project MicroSD_SDIO ****
make -j8 all 
arm-none-eabi-gcc "../Core/Src/SDCARD.c" -mcpu=cortex-m7 -std=gnu11 -g3 -DDEBUG -DUSE_HAL_DRIVER -DSTM32F767xx -c -I../Core/Inc -I../FATFS/Target -I../FATFS/App -I../Drivers/STM32F7xx_HAL_Driver/Inc -I../Drivers/STM32F7xx_HAL_Driver/Inc/Legacy -I../Middlewares/Third_Party/FatFs/src -I../Drivers/CMSIS/Device/ST/STM32F7xx/Include -I../Drivers/CMSIS/Include -O0 -ffunction-sections -fdata-sections -Wall -fstack-usage -MMD -MP -MF"Core/Src/SDCARD.d" -MT"Core/Src/SDCARD.o" --specs=nano.specs -mfpu=fpv5-d16 -mfloat-abi=hard -mthumb -o "Core/Src/SDCARD.o"
arm-none-eabi-gcc "../Core/Src/main.c" -mcpu=cortex-m7 -std=gnu11 -g3 -DDEBUG -DUSE_HAL_DRIVER -DSTM32F767xx -c -I../Core/Inc -I../FATFS/Target -I../FATFS/App -I../Drivers/STM32F7xx_HAL_Driver/Inc -I../Drivers/STM32F7xx_HAL_Driver/Inc/Legacy -I../Middlewares/Third_Party/FatFs/src -I../Drivers/CMSIS/Device/ST/STM32F7xx/Include -I../Drivers/CMSIS/Include -O0 -ffunction-sections -fdata-sections -Wall -fstack-usage -MMD -MP -MF"Core/Src/main.d" -MT"Core/Src/main.o" --specs=nano.specs -mfpu=fpv5-d16 -mfloat-abi=hard -mthumb -o "Core/Src/main.o"
arm-none-eabi-gcc "../Core/Src/sensorFunctions.c" -mcpu=cortex-m7 -std=gnu11 -g3 -DDEBUG -DUSE_HAL_DRIVER -DSTM32F767xx -c -I../Core/Inc -I../FATFS/Target -I../FATFS/App -I../Drivers/STM32F7xx_HAL_Driver/Inc -I../Drivers/STM32F7xx_HAL_Driver/Inc/Legacy -I../Middlewares/Third_Party/FatFs/src -I../Drivers/CMSIS/Device/ST/STM32F7xx/Include -I../Drivers/CMSIS/Include -O0 -ffunction-sections -fdata-sections -Wall -fstack-usage -MMD -MP -MF"Core/Src/sensorFunctions.d" -MT"Core/Src/sensorFunctions.o" --specs=nano.specs -mfpu=fpv5-d16 -mfloat-abi=hard -mthumb -o "Core/Src/sensorFunctions.o"
arm-none-eabi-gcc "../Core/Src/usart.c" -mcpu=cortex-m7 -std=gnu11 -g3 -DDEBUG -DUSE_HAL_DRIVER -DSTM32F767xx -c -I../Core/Inc -I../FATFS/Target -I../FATFS/App -I../Drivers/STM32F7xx_HAL_Driver/Inc -I../Drivers/STM32F7xx_HAL_Driver/Inc/Legacy -I../Middlewares/Third_Party/FatFs/src -I../Drivers/CMSIS/Device/ST/STM32F7xx/Include -I../Drivers/CMSIS/Include -O0 -ffunction-sections -fdata-sections -Wall -fstack-usage -MMD -MP -MF"Core/Src/usart.d" -MT"Core/Src/usart.o" --specs=nano.specs -mfpu=fpv5-d16 -mfloat-abi=hard -mthumb -o "Core/Src/usart.o"
In file included from ../Core/Inc/SDCARD.h:11,
                 from ../Core/Src/SDCARD.c:7:
../Core/Inc/sensorFunctions.h:29:1: warning: useless storage class specifier in empty declaration
   29 | };
      | ^
../Core/Inc/sensorFunctions.h:40:1: warning: useless storage class specifier in empty declaration
   40 | };
      | ^
../Core/Src/SDCARD.c: In function 'createHeaders':
../Core/Src/SDCARD.c:45:35: warning: implicit declaration of function 'strlen' [-Wimplicit-function-declaration]
   45 |  fres = f_write(file,"timestamp,",strlen("timestamp,"),&bytesWritten);
      |                                   ^~~~~~
../Core/Src/SDCARD.c:45:35: warning: incompatible implicit declaration of built-in function 'strlen'
../Core/Src/SDCARD.c:9:1: note: include '<string.h>' or provide a declaration of 'strlen'
    8 | #include<stdio.h>
  +++ |+#include <string.h>
    9 | #define FILE_DEFAULT_MODE FA_WRITE | FA_OPEN_APPEND
../Core/Src/SDCARD.c:50:5: warning: implicit declaration of function 'strstr' [-Wimplicit-function-declaration]
   50 |  if(strstr(path,"GYRO.csv") == 0){
      |     ^~~~~~
../Core/Src/SDCARD.c:50:5: warning: incompatible implicit declaration of built-in function 'strstr'
../Core/Src/SDCARD.c:50:5: note: include '<string.h>' or provide a declaration of 'strstr'
../Core/Src/SDCARD.c: In function 'gyroSaveData':
../Core/Src/SDCARD.c:121:24: warning: format '%d' expects argument of type 'int', but argument 3 has type 'uint32_t' {aka 'long unsigned int'} [-Wformat=]
  121 |  sprintf(dataBuffer, "%d,", HAL_GetTick());
      |                       ~^    ~~~~~~~~~~~~~
      |                        |    |
      |                        int  uint32_t {aka long unsigned int}
      |                       %ld
In file included from ../Core/Src/sensorFunctions.c:10:
../Core/Inc/sensorFunctions.h:29:1: warning: useless storage class specifier in empty declaration
   29 | };
      | ^
../Core/Src/SDCARD.c:122:34: warning: incompatible implicit declaration of built-in function 'strlen'
  122 |  f_write(sens->File, dataBuffer, strlen(dataBuffer), &writedBytes);
      |                                  ^~~~~~
../Core/Src/SDCARD.c:122:34: note: include '<string.h>' or provide a declaration of 'strlen'
../Core/Inc/sensorFunctions.h:40:1: warning: useless storage class specifier in empty declaration
   40 | };
      | ^
../Core/Src/SDCARD.c:122:54: warning: pointer targets in passing argument 4 of 'f_write' differ in signedness [-Wpointer-sign]
  122 |  f_write(sens->File, dataBuffer, strlen(dataBuffer), &writedBytes);
      |                                                      ^~~~~~~~~~~~
      |                                                      |
      |                                                      int *
In file included from ../Core/Inc/sensorFunctions.h:14,
                 from ../Core/Inc/SDCARD.h:11,
                 from ../Core/Src/SDCARD.c:7:
../Middlewares/Third_Party/FatFs/src/ff.h:245:61: note: expected 'UINT *' {aka 'unsigned int *'} but argument is of type 'int *'
  245 | FRESULT f_write (FIL* fp, const void* buff, UINT btw, UINT* bw); /* Write data to the file */
      |                                                       ~~~~~~^~
../Core/Src/sensorFunctions.c: In function 'gyroInit':
../Core/Src/SDCARD.c:126:55: warning: pointer targets in passing argument 4 of 'f_write' differ in signedness [-Wpointer-sign]
  126 |   f_write(sens->File, dataBuffer, strlen(dataBuffer), &writedBytes);
      |                                                       ^~~~~~~~~~~~
      |                                                       |
      |                                                       int *
In file included from ../Core/Inc/sensorFunctions.h:14,
                 from ../Core/Inc/SDCARD.h:11,
                 from ../Core/Src/SDCARD.c:7:
../Middlewares/Third_Party/FatFs/src/ff.h:245:61: note: expected 'UINT *' {aka 'unsigned int *'} but argument is of type 'int *'
  245 | FRESULT f_write (FIL* fp, const void* buff, UINT btw, UINT* bw); /* Write data to the file */
      |                                                       ~~~~~~^~
../Core/Src/sensorFunctions.c:32:2: warning: implicit declaration of function 'sprintf' [-Wimplicit-function-declaration]
   32 |  sprintf(gyro->path,"GYRO%02d%02d.csv",date.Date,date.Month);
      |  ^~~~~~~
In file included from ../Core/Inc/SDCARD.h:11,
                 from ../Core/Src/main.c:40:
../Core/Inc/sensorFunctions.h:29:1: warning: useless storage class specifier in empty declaration
   29 | };
      | ^
../Core/Src/sensorFunctions.c:32:2: warning: incompatible implicit declaration of built-in function 'sprintf'
../Core/Inc/sensorFunctions.h:40:1: warning: useless storage class specifier in empty declaration
   40 | };
      | ^
../Core/Src/sensorFunctions.c:11:1: note: include '<stdio.h>' or provide a declaration of 'sprintf'
   10 | #include "sensorFunctions.h"
  +++ |+#include <stdio.h>
   11 | 
../Core/Src/SDCARD.c:132:55: warning: pointer targets in passing argument 4 of 'f_write' differ in signedness [-Wpointer-sign]
  132 |   f_write(sens->File, dataBuffer, strlen(dataBuffer), &writedBytes);
      |                                                       ^~~~~~~~~~~~
      |                                                       |
      |                                                       int *
../Core/Src/sensorFunctions.c: In function 'mlxInit':
../Core/Src/main.c: In function 'printStatusRegister':
../Core/Src/sensorFunctions.c:70:3: warning: incompatible implicit declaration of built-in function 'sprintf'
   70 |   sprintf(mlx->path,"MLX%02d%02d.csv",date.Date,date.Month);
      |   ^~~~~~~
../Core/Src/sensorFunctions.c:70:3: note: include '<stdio.h>' or provide a declaration of 'sprintf'
In file included from ../Core/Inc/sensorFunctions.h:14,
                 from ../Core/Inc/SDCARD.h:11,
                 from ../Core/Src/SDCARD.c:7:
../Middlewares/Third_Party/FatFs/src/ff.h:245:61: note: expected 'UINT *' {aka 'unsigned int *'} but argument is of type 'int *'
  245 | FRESULT f_write (FIL* fp, const void* buff, UINT btw, UINT* bw); /* Write data to the file */
      |                                                       ~~~~~~^~
../Core/Src/main.c:100:6: warning: unused variable 'a' [-Wunused-variable]
  100 |  int a = sizeof(statusRegister);
      |      ^
../Core/Src/sensorFunctions.c: In function 'mlxGetData':
../Core/Src/sensorFunctions.c:130:4: warning: implicit declaration of function 'printf' [-Wimplicit-function-declaration]
  130 |    printf("Error while getting frame 1: %d\n",status);
      |    ^~~~~~
../Core/Src/sensorFunctions.c:130:4: warning: incompatible implicit declaration of built-in function 'printf'
../Core/Src/main.c: In function 'initializeSensors':
../Core/Src/sensorFunctions.c:130:4: note: include '<stdio.h>' or provide a declaration of 'printf'
../Core/Src/main.c:125:8: warning: unused variable 'res' [-Wunused-variable]
  125 |    int res = mlxInit(&MLXLF);
      |        ^~~
../Core/Src/SDCARD.c:137:54: warning: pointer targets in passing argument 4 of 'f_write' differ in signedness [-Wpointer-sign]
  137 |  f_write(sens->File, dataBuffer, strlen(dataBuffer), &writedBytes);
      |                                                      ^~~~~~~~~~~~
      |                                                      |
      |                                                      int *
../Core/Src/sensorFunctions.c:142:4: warning: incompatible implicit declaration of built-in function 'printf'
  142 |    printf("Error while getting frame 2: %d\n",status);
      |    ^~~~~~
In file included from ../Core/Inc/sensorFunctions.h:14,
                 from ../Core/Inc/SDCARD.h:11,
                 from ../Core/Src/SDCARD.c:7:
../Middlewares/Third_Party/FatFs/src/ff.h:245:61: note: expected 'UINT *' {aka 'unsigned int *'} but argument is of type 'int *'
  245 | FRESULT f_write (FIL* fp, const void* buff, UINT btw, UINT* bw); /* Write data to the file */
      |                                                       ~~~~~~^~
../Core/Src/main.c: In function 'main':
../Core/Src/sensorFunctions.c:142:4: note: include '<stdio.h>' or provide a declaration of 'printf'
../Core/Src/main.c:272:17: warning: passing argument 1 of 'gyroGetData' from incompatible pointer type [-Wincompatible-pointer-types]
  272 |     gyroGetData(&gyro.data);
      |                 ^~~~~~~~~~
      |                 |
      |                 imu_9dof_calc *
../Core/Src/SDCARD.c: In function 'mlxSaveData':
In file included from ../Core/Inc/SDCARD.h:11,
                 from ../Core/Src/main.c:40:
../Core/Inc/sensorFunctions.h:94:31: note: expected 'GyroSensor *' {aka 'struct GYRO *'} but argument is of type 'imu_9dof_calc *'
   94 | void gyroGetData(GyroSensor * sens);
      |                  ~~~~~~~~~~~~~^~~~
../Core/Src/sensorFunctions.c: In function 'mlxPrintData':
../Core/Src/SDCARD.c:146:24: warning: format '%d' expects argument of type 'int', but argument 3 has type 'uint32_t' {aka 'long unsigned int'} [-Wformat=]
  146 |  sprintf(dataBuffer, "%d,%d", HAL_GetTick(),mlx->ID);
      |                       ~^      ~~~~~~~~~~~~~
      |                        |      |
      |                        int    uint32_t {aka long unsigned int}
      |                       %ld
../Core/Src/sensorFunctions.c:155:4: warning: incompatible implicit declaration of built-in function 'printf'
  155 |    printf("\r\n");
      |    ^~~~~~
../Core/Src/SDCARD.c:147:44: warning: incompatible implicit declaration of built-in function 'strlen'
  147 |  int fres = f_write(mlx->File, dataBuffer, strlen(dataBuffer), &writedBytes);
      |                                            ^~~~~~
../Core/Src/SDCARD.c:147:44: note: include '<string.h>' or provide a declaration of 'strlen'
../Core/Src/sensorFunctions.c:155:4: note: include '<stdio.h>' or provide a declaration of 'printf'
../Core/Src/SDCARD.c:147:64: warning: pointer targets in passing argument 4 of 'f_write' differ in signedness [-Wpointer-sign]
  147 |  int fres = f_write(mlx->File, dataBuffer, strlen(dataBuffer), &writedBytes);
      |                                                                ^~~~~~~~~~~~
      |                                                                |
      |                                                                int *
../Core/Src/sensorFunctions.c:157:3: warning: incompatible implicit declaration of built-in function 'printf'
  157 |   printf("%2.2f ",mlx->data[i]);
      |   ^~~~~~
../Core/Src/sensorFunctions.c:157:3: note: include '<stdio.h>' or provide a declaration of 'printf'
In file included from ../Core/Inc/sensorFunctions.h:14,
                 from ../Core/Inc/SDCARD.h:11,
                 from ../Core/Src/SDCARD.c:7:
../Middlewares/Third_Party/FatFs/src/ff.h:245:61: note: expected 'UINT *' {aka 'unsigned int *'} but argument is of type 'int *'
  245 | FRESULT f_write (FIL* fp, const void* buff, UINT btw, UINT* bw); /* Write data to the file */
      |                                                       ~~~~~~^~
../Core/Src/SDCARD.c:152:68: warning: pointer targets in passing argument 4 of 'f_write' differ in signedness [-Wpointer-sign]
  152 |   fres = fres | f_write(mlx->File, dataBuffer, strlen(dataBuffer), &writedBytes);
      |                                                                    ^~~~~~~~~~~~
      |                                                                    |
      |                                                                    int *
In file included from ../Core/Inc/sensorFunctions.h:14,
                 from ../Core/Inc/SDCARD.h:11,
                 from ../Core/Src/SDCARD.c:7:
../Middlewares/Third_Party/FatFs/src/ff.h:245:61: note: expected 'UINT *' {aka 'unsigned int *'} but argument is of type 'int *'
  245 | FRESULT f_write (FIL* fp, const void* buff, UINT btw, UINT* bw); /* Write data to the file */
      |                                                       ~~~~~~^~
../Core/Src/SDCARD.c:156:53: warning: pointer targets in passing argument 4 of 'f_write' differ in signedness [-Wpointer-sign]
  156 |  f_write(mlx->File, dataBuffer, strlen(dataBuffer), &writedBytes);
      |                                                     ^~~~~~~~~~~~
      |                                                     |
      |                                                     int *
In file included from ../Core/Inc/sensorFunctions.h:14,
                 from ../Core/Inc/SDCARD.h:11,
                 from ../Core/Src/SDCARD.c:7:
../Middlewares/Third_Party/FatFs/src/ff.h:245:61: note: expected 'UINT *' {aka 'unsigned int *'} but argument is of type 'int *'
  245 | FRESULT f_write (FIL* fp, const void* buff, UINT btw, UINT* bw); /* Write data to the file */
      |                                                       ~~~~~~^~
arm-none-eabi-gcc -o "MicroSD_SDIO.elf" @"objects.list"   -mcpu=cortex-m7 -T"C:\Users\Patryk\Desktop\PGR\PGRacingElectronics\Telemetry\code\MicroSD_SDIO\STM32F767ZITX_FLASH.ld" --specs=nosys.specs -Wl,-Map="MicroSD_SDIO.map" -Wl,--gc-sections -static --specs=nano.specs -mfpu=fpv5-d16 -mfloat-abi=hard -mthumb -u _printf_float -u _scanf_float -Wl,--start-group -lc -lm -Wl,--end-group
Finished building target: MicroSD_SDIO.elf
 
arm-none-eabi-size   MicroSD_SDIO.elf 
arm-none-eabi-objdump -h -S  MicroSD_SDIO.elf  > "MicroSD_SDIO.list"
   text	   data	    bss	    dec	    hex	filename
  92816	    492	  12920	 106228	  19ef4	MicroSD_SDIO.elf
Finished building: default.size.stdout
 
Finished building: MicroSD_SDIO.list
 

20:12:29 Build Finished. 0 errors, 32 warnings. (took 1s.461ms)

