18:27:42 **** Incremental Build of configuration Debug for project MicroSD_SDIO ****
make -j8 all 
arm-none-eabi-gcc "../Core/Src/handler.c" -mcpu=cortex-m7 -std=gnu11 -g3 -DDEBUG -DUSE_HAL_DRIVER -DSTM32F767xx -c -I../Core/Inc -I../FATFS/Target -I../FATFS/App -I../Drivers/STM32F7xx_HAL_Driver/Inc -I../Drivers/STM32F7xx_HAL_Driver/Inc/Legacy -I../Middlewares/Third_Party/FatFs/src -I../Drivers/CMSIS/Device/ST/STM32F7xx/Include -I../Drivers/CMSIS/Include -O0 -ffunction-sections -fdata-sections -Wall -fstack-usage -MMD -MP -MF"Core/Src/handler.d" -MT"Core/Src/handler.o"  -mfpu=fpv5-d16 -mfloat-abi=hard -mthumb -o "Core/Src/handler.o"
In file included from ../Core/Inc/handler.h:7,
                 from ../Core/Src/handler.c:7:
../Core/Inc/sensorFunctions.h:80:1: warning: useless storage class specifier in empty declaration
   80 | };
      | ^
In file included from ../Core/Inc/handler.h:9,
                 from ../Core/Src/handler.c:7:
../Core/Inc/SDCARD.h:18:1: warning: useless storage class specifier in empty declaration
   18 | };
      | ^
../Core/Src/handler.c:15:24: warning: initialization of 'void (*)(void *)' from incompatible pointer type 'void (*)(GPSSensor *)' {aka 'void (*)(struct GPS *)'} [-Wincompatible-pointer-types]
   15 |     .saveDataHandler = gpsSaveData,
      |                        ^~~~~~~~~~~
../Core/Src/handler.c:15:24: note: (near initialization for '_dataHandler[0].saveDataHandler')
../Core/Src/handler.c:22:23: warning: initialization of 'void (*)(void *)' from incompatible pointer type 'void (*)(GyroSensor *)' {aka 'void (*)(struct GYRO *)'} [-Wincompatible-pointer-types]
   22 |     .getDataHandler = gyroGetData,
      |                       ^~~~~~~~~~~
../Core/Src/handler.c:22:23: note: (near initialization for '_dataHandler[1].getDataHandler')
../Core/Src/handler.c:23:24: warning: initialization of 'void (*)(void *)' from incompatible pointer type 'void (*)(GyroSensor *)' {aka 'void (*)(struct GYRO *)'} [-Wincompatible-pointer-types]
   23 |     .saveDataHandler = gyroSaveData,
      |                        ^~~~~~~~~~~~
../Core/Src/handler.c:23:24: note: (near initialization for '_dataHandler[1].saveDataHandler')
../Core/Src/handler.c:30:23: warning: initialization of 'void (*)(void *)' from incompatible pointer type 'int (*)(MLXSensor *)' {aka 'int (*)(struct MLX *)'} [-Wincompatible-pointer-types]
   30 |     .getDataHandler = mlxGetData,
      |                       ^~~~~~~~~~
../Core/Src/handler.c:30:23: note: (near initialization for '_dataHandler[2].getDataHandler')
../Core/Src/handler.c:31:24: warning: initialization of 'void (*)(void *)' from incompatible pointer type 'void (*)(MLXSensor *)' {aka 'void (*)(struct MLX *)'} [-Wincompatible-pointer-types]
   31 |     .saveDataHandler = mlxSaveData,
      |                        ^~~~~~~~~~~
../Core/Src/handler.c:31:24: note: (near initialization for '_dataHandler[2].saveDataHandler')
../Core/Src/handler.c:38:23: warning: initialization of 'void (*)(void *)' from incompatible pointer type 'int (*)(MLXSensor *)' {aka 'int (*)(struct MLX *)'} [-Wincompatible-pointer-types]
   38 |     .getDataHandler = mlxGetData,
      |                       ^~~~~~~~~~
../Core/Src/handler.c:38:23: note: (near initialization for '_dataHandler[3].getDataHandler')
../Core/Src/handler.c:39:24: warning: initialization of 'void (*)(void *)' from incompatible pointer type 'void (*)(MLXSensor *)' {aka 'void (*)(struct MLX *)'} [-Wincompatible-pointer-types]
   39 |     .saveDataHandler = mlxSaveData,
      |                        ^~~~~~~~~~~
../Core/Src/handler.c:39:24: note: (near initialization for '_dataHandler[3].saveDataHandler')
../Core/Src/handler.c:46:23: warning: initialization of 'void (*)(void *)' from incompatible pointer type 'int (*)(MLXSensor *)' {aka 'int (*)(struct MLX *)'} [-Wincompatible-pointer-types]
   46 |     .getDataHandler = mlxGetData,
      |                       ^~~~~~~~~~
../Core/Src/handler.c:46:23: note: (near initialization for '_dataHandler[4].getDataHandler')
../Core/Src/handler.c:47:24: warning: initialization of 'void (*)(void *)' from incompatible pointer type 'void (*)(MLXSensor *)' {aka 'void (*)(struct MLX *)'} [-Wincompatible-pointer-types]
   47 |     .saveDataHandler = mlxSaveData,
      |                        ^~~~~~~~~~~
../Core/Src/handler.c:47:24: note: (near initialization for '_dataHandler[4].saveDataHandler')
arm-none-eabi-gcc -o "MicroSD_SDIO.elf" @"objects.list"   -mcpu=cortex-m7 -T"C:\Users\Patryk\Desktop\PGR\PGRacingElectronics\Telemetry\code\MicroSD_SDIO\STM32F767ZITX_FLASH.ld" --specs=nosys.specs -Wl,-Map="MicroSD_SDIO.map" -Wl,--gc-sections -static  -mfpu=fpv5-d16 -mfloat-abi=hard -mthumb -u _printf_float -u _scanf_float -Wl,--start-group -lc -lm -Wl,--end-group
Finished building target: MicroSD_SDIO.elf
 
arm-none-eabi-size   MicroSD_SDIO.elf 
arm-none-eabi-objdump -h -S  MicroSD_SDIO.elf  > "MicroSD_SDIO.list"
   text	   data	    bss	    dec	    hex	filename
 110968	   3700	  24024	 138692	  21dc4	MicroSD_SDIO.elf
Finished building: default.size.stdout
 
Finished building: MicroSD_SDIO.list
 

18:27:44 Build Finished. 0 errors, 11 warnings. (took 2s.232ms)

